============================= test session starts =============================
platform win32 -- Python 3.13.11, pytest-9.0.2, pluggy-1.6.0
rootdir: C:\Users\Buxe\Downloads\workspace-backup-2026-03-28\workspace\repos\audio_visualizer_pro
configfile: pyproject.toml
plugins: anyio-4.12.1, cov-7.0.0
collected 31 items

tests\test_gpu_text_renderer.py ...............                          [ 48%]
tests\test_gpu_preview.py ..F......                                      [ 77%]
tests\test_gpu_renderer_extended.py ...FF..                              [100%]

================================== FAILURES ===================================
E   AssertionError: assert <MagicMock name='GPUPreviewRenderer()' id='2715713448192'> is not <MagicMock name='GPUPreviewRenderer()' id='2715713448192'>
C:\Users\Buxe\Downloads\workspace-backup-2026-03-28\workspace\repos\audio_visualizer_pro\tests\test_gpu_preview.py:87: AssertionError: assert <MagicMock name='GPUPreviewRenderer()' id='2715713448192'> is not <MagicMock name='GPUPreviewRenderer()' id='2715713448192'>
E   RuntimeError: Audio-Muxing fehlgeschlagen: mux error

During handling of the above exception, another exception occurred:
E   AssertionError: Regex pattern did not match.
      Expected regex: 'FFmpeg'
      Actual message: 'Audio-Muxing fehlgeschlagen: mux error'
C:\Users\Buxe\Downloads\workspace-backup-2026-03-28\workspace\repos\audio_visualizer_pro\tests\test_gpu_renderer_extended.py:93: AssertionError: Regex pattern did not match.
E   AssertionError: Expected 'texture' to have been called once. Called 6 times.
    Calls: [call((100, 100), 4),
     call((100, 100), 3),
     call((100, 100), 4),
     call((1, 1), 3, b'\x00\x00\x00'),
     call((100, 100), 4),
     call((100, 100), 3, b'\xff\x00\x00\xff\x00\x00\xff\x00\x00\xff\x00\x00\xff\x00\x00\xff\x00\x00\xff\x00\x00\xff\x00\x00\xff\x00\x00\xff\x00\x00\xff\x00\x00\xff\x00\x00\xff\x00\x00\xff\x00\x00\xff\x00\x00\xff\x00\x00\xff\x00\x00\xff\x00\x00\xff\x00\x00\xff\x00\x00\xff\x00\x00\xff\x00\x00\xff\x00\x00\xff\x00\x00\xff\x00\x00\xff\x00\x00\xff\x00\x00\xff\x00\x00\xff\x00\x00\xff\x00\x00\xff\x00\x00\xff\x00\x00\xff\x00\x00\xff\x00\x00\xff\x00\x00\xff\x00\x00\xff\x00\x00\xff\x00\x00\xff\x00\x00\xff\x00\x00\xff\x00\x00\xff\x00\x00\xff\x00\x00\xff\x00\x00\xff\x00\x00\xff\x00\x00\xff\x00\x00\xff\x00\x00\xff\x00\x00\xff\x00\x00\xff\x00\x00\xff\x00\x00\xff\x00\x00\xff\x00\x00\xff\x00\x00\xff\x00\x00\xff\x00\x00\xff\x00\x00\xff\x00\x00\xff\x00\x00\xff\x00\x00\xff\x00\x00\xff\x00\x00\xff\x00\x00\xff\x00\x00\xff\x00\x00\xff\x00\x00\xff\x00\x00\xff\x00\x00\xff\x00\x00\xff\x00\x00\xff\x00\x00\xff\x00\x00\xff\x00\x00\xff\x00\x00\xff\x00\x00\xff\x00\x00\xff\x00\x00\xff\x00\x00\xff\x00\x00\xff\x00\x00\xff\x00\x00\xff\x00\x00\xff\x00\x00\xff\x00\x00\xff\x00\x00\xff\x00\x00\xff\x00\x00\xff\x00\x00\xff\x00\x00\xff\x00\x00\xff\x00\x00\xff\x00\x00\xff\x00\x00\xff\x00\x00\xff\x00\x00\xff\x00\x00\xff\x00\x00\xff\x00\x00\xff\x00\x00\xff\x00\x00\xff\x00\x00\xff\x00\x00\xff\x00\x00\xff\x00\x00\xff\x00\x00\xff\x00\x00\xff\x00\x00\xff\x00\x00\xff\x00\x00\xff\x00\x00\xff\x00\x00\xff\x00\x00\xff\x00\x00\xff\x00\x00\xff\x00\x00\xff\x00\x00\xff\x00\x00\xff\x00\x00\xff\x00\x00\xff\x00\x00\xff\x00\x00\xff\x00\x00\xff\x00\x00\xff\x00\x00\xff\x00\x00\xff\x00\x00\xff\x00\x00\xff\x00\x00\xff\x00\x00\xff\x00\x00\xff\x00\x00\xff\x00\x00\xff\x00\x00\xff\x00\x00\xff\x00\x00\xff\x00\x00\xff\x00\x00\xff\x00\x00\xff\x00\x00\xff\x00\x00\xff\x00\x00\xff\x00\x00\xff\x00\x00\xff\x00\x00\xff\x00\x00\xff\x00\x00\xff\x00\x00\xff\x00\x00\xff\x00\x00\xff\x00\x00\xff\x00\x00\xff\x00\x00\xff\x00\x00\xff\x00\x00\xff\x00\x00\xff\x00\x00\xff\x00\x00\xff\x00\x00\xff\x00\x00\xff\x00\x00\xff\x00\x00\xff\x00\x00\xff\x00\x00\xff\x00\x00\xff\x00\x00\xff\x00\x00\xff\x00\x00\xff\x00\x00\xff\x00\x00\xff\x00\x00\xff\x00\x00\xff\x00\x00\xff\x00\x00\xff\x00\x00\xff\x00\x00\xff\x00\x00\xff\x00\x00\xff\x00\x00\xff\x00\x00\xff\x00\x00\xff\x00\x00\xff\x00\x00\xff\x00\x00\xff\x00\x00\xff\x00\x00\xff\x00\x00\xff\x00\x00\xff\x00\x00\xff\x00\x00\xff\x00\x00\xff\x00\x00\xff\x00\x00\xff\x00\x00\xff\x00\x00\xff\x00\x00\xff\x00\x00\xff\x00\x00\xff\x00\x00\xff\x00\x00\xff\x00\x00\xff\x00\x00\xff\x00\x00\xff\x00\x00\xff\x00\x00\xff\x00\x00\xff\x00\x00\xff\x00\x00\xff\x00\x00\xff\x00\x00\xff\x00\x00\xff\x00\x00\xff\x00\x00\xff\x00\x00\xff\x00\x00\xff\x00\x00\xff\x00\x00\xff\x00\x00\xff\x00\x00\xff\x00\x00\xff\x00\x00\xff\x00\x00\xff\x00\x00\xff\x00\x00\xff\x00\x00\xff\x00\x00\xff\x00\x00\xff\x00\x00\xff\x00\x00\xff\x00\x00\xff\x00\x00\xff\x00\x00\xff\x00\x00\xff\x00\x00\xff\x00\x00\xff\x00\x00\xff\x00\x00\xff\x00\x00\xff\x00\x00\xff\x00\x00\xff\x00\x00\xff\x00\x00\xff\x00\x00\xff\x00\x00\xff\x00\x00\xff\x00\x00\xff\x00\x00\xff\x00\x00\xff\x00\x00\xff\x00\x00\xff\x00\x00\xff\x00\x00\xff\x00\x00\xff\x00\x00\xff\x00\x00\xff\x00\x00\xff\x00\x00\xff\x00\x00\xff\x00\x00\xff\x00\x00\xff\x00\x00\xff\x00\x00\xff\x00\x00\xff\x00\x00\xff\x00\x00\xff\x00\x00\xff\x00\x00\xff\x00\x00\xff\x00\x00\xff\x00\x00\xff\x00\x00\xff\x00\x00\xff\x00\x00\xff\x00\x00\xff\x00\x00\xff\x00\x00\xff\x00\x00\xff\x00\x00\xff\x00\x00\xff\x00\x00\xff\x00\x00\xff\x00\x00\xff\x00\x00\xff\x00\x00\xff\x00\x00\xff\x00\x00\xff\x00\x00\xff\x00\x00\xff\x00\x00\xff\x00\x00\xff\x00\x00\xff\x00\x00\xff\x00\x00\xff\x00\x00\xff\x00\x00\xff\x00\x00\xff\x00\x00\xff\x00\x00\xff\x00\x00\xff\x00\x00\xff\x00\x00\xff\x00\x00\xff\x00\x00\xff\x00\x00\xff\x00\x00\xff\x00\x00\xff\x00\x00\xff\x00\x00\xff\x00\x00\xff\x00\x00\xff\x00\x00\xff\x00\x00\xff\x00\x00\xff\x00\x00\xff\x00\x00\xff\x00\x00\xff\x00\x00\xff\x00\x00\xff\x00\x00\xff\x00\x00\xff\x00\x00\xff\x00\x00\xff\x00\x00\xff\x00\x00\xff\x00\x00\xff\x00\x00\xff\x00\x00\xff\x00\x00\xff\x00\x00\xff\x00\x00\xff\x00\x00\xff\x00\x00\xff\x00\x00\xff\x00\x00\xff\x00\x00\xff\x00\x00\xff\x00\x00\xff\x00\x00\xff\x00\x00\xff\x00\x00\xff\x00\x00\xff\x00\x00\xff\x00\x00\xff\x00\x00\xff\x00\x00\xff\x00\x00\xff\x00\x00\xff\x00\x00\xff\x00\x00\xff\x00\x00\xff\x00\x00\xff\x00\x00\xff\x00\x00\xff\x00\x00\xff\x00\x00\xff\x00\x00\xff\x00\x00\xff\x00\x00\xff\x00\x00\xff\x00\x00\xff\x00\x00\xff\x00\x00\xff\x00\x00\xff\x00\x00\xff\x00\x00\xff\x00\x00\xff\x00\x00\xff\x00\x00\xff\x00\x00\xff\x00\x00\xff\x00\x00\xff\x00\x00\xff\x00\x00\xff\x00\x00\xff\x00\x00\xff\x00\x00\xff\x00\x00\xff\x00\x00\xff\x00\x00\xff\x00\x00\xff\x00\x00\xff\x00\x00\xff\x00\x00\xff\x00\x00\xff\x00\x00\xff\x00\x00\xff\x00\x00\xff\x00\x00\xff\x00\x00\xff\x00\x00\xff\x00\x00\xff\x00\x00\xff\x00\x00\xff\x00\x00\xff\x00\x00\xff\x00\x00\xff\x00\x00\xff\x00\x00\xff\x00\x00\xff\x00\x00\xff\x00\x00\xff\x00\x00\xff\x00\x00\xff\x00\x00\xff\x00\x00\xff\x00\x00\xff\x00\x00\xff\x00\x00\xff\x00\x00\xff\x00\x00\xff\x00\x00\xff\x00\x00\xff\x00\x00\xff\x00\x00\xff\x00\x00\xff\x00\x00\xff\x00\x00\xff\x00\x00\xff\x00\x00\xff\x00\x00\xff\x00\x00\xff\x00\x00\xff\x00\x00\xff\x00\x00\xff\x00\x00\xff\x00\x00\xff\x00\x00\xff\x00\x00\xff\x00\x00\xff\x00\x00\xff\x00\x00\xff\x00\x00\xff\x00\x00\xff\x00\x00\xff\x00\x00\xff\x00\x00\xff\x00\x00\xff\x00\x00\xff\x00\x00\xff\x00\x00\xff\x00\x00\xff\x00\x00\xff\x00\x00\xff\x00\x00\xff\x00\x00\xff\x00\x00\xff\x00\x00\xff\x00\x00\xff\x00\x00\xff\x00\x00\xff\x00\x00\xff\x00\x00\xff\x00\x00\xff\x00\x00\xff\x00\x00\xff\x00\x00\xff\x00\x00\xff\x00\x00\xff\x00\x00\xff\x00\x00\xff\x00\x00\xff\x00\x00\xff\x00\x00\xff\x00\x00\xff\x00\x00\xff\x00\x00\xff\x00\x00\xff\x00\x00\xff\x00\x00\xff\x00\x00\xff\x00\x00\xff\x00\x00\xff\x00\x00\xff\x00\x00\xff\x00\x00\xff\x00\x00\xff\x00\x00\xff\x00\x00\xff\x00\x00\xff\x00\x00\xff\x00\x00\xff\x00\x00\xff\x00\x00\xff\x00\x00\xff\x00\x00\xff\x00\x00\xff\x00\x00\xff\x00\x00\xff\x00\x00\xff\x00\x00\xff\x00\x00\xff\x00\x00\xff\x00\x00\xff\x00\x00\xff\x00\x00\xff\x00\x00\xff\x00\x00\xff\x00\x00\xff\x00\x00\xff\x00\x00\xff\x00\x00\xff\x00\x00\xff\x00\x00\xff\x00\x00\xff\x00\x00\xff\x00\x00\xff\x00\x00\xff\x00\x00\xff\x00\x00\xff\x00\x00\xff\x00\x00\xff\x00\x00\xff\x00\x00\xff\x00\x00\xff\x00\x00\xff\x00\x00\xff\x00\x00\xff\x00\x00\xff\x00\x00\xff\x00\x00\xff\x00\x00\xff\x00\x00\xff\x00\x00\xff\x00\x00\xff\x00\x00\xff\x00\x00\xff\x00\x00\xff\x00\x00\xff\x00\x00\xff\x00\x00\xff\x00\x00\xff\x00\x00\xff\x00\x00\xff\x00\x00\xff\x00\x00\xff\x00\x00\xff\x00\x00\xff\x00\x00\xff\x00\x00\xff\x00\x00\xff\x00\x00\xff\x00\x00\xff\x00\x00\xff\x00\x00\xff\x00\x00\xff\x00\x00\xff\x00\x00\xff\x00\x00\xff\x00\x00\xff\x00\x00\xff\x00\x00\xff\x00\x00\xff\x00\x00\xff\x00\x00\xff\x00\x00\xff\x00\x00\xff\x00\x00\xff\x00\x00\xff\x00\x00\xff\x00\x00\xff\x00\x00\xff\x00\x00\xff\x00\x00\xff\x00\x00\xff\x00\x00\xff\x00\x00\xff\x00\x00\xff\x00\x00\xff\x00\x00\xff\x00\x00\xff\x00\x00\xff\x00\x00\xff\x00\x00\xff\x00\x00\xff\x00\x00\xff\x00\x00\xff\x00\x00\xff\x00\x00\xff\x00\x00\xff\x00\x00\xff\x00\x00\xff\x00\x00\xff\x00\x00\xff\x00\x00\xff\x00\x00\xff\x00\x00\xff\x00\x00\xff\x00\x00\xff\x00\x00\xff\x00\x00\xff\x00\x00\xff\x00\x00\xff\x00\x00\xff\x00\x00\xff\x00\x00\xff\x00\x00\xff\x00\x00\xff\x00\x00\xff\x00\x00\xff\x00\x00\xff\x00\x00\xff\x00\x00\xff\x00\x00\xff\x00\x00\xff\x00\x00\xff\x00\x00\xff\x00\x00\xff\x00\x00\xff\x00\x00\xff\x00\x00\xff\x00\x00\xff\x00\x00\xff\x00\x00\xff\x00\x00\xff\x00\x00\xff\x00\x00\xff\x00\x00\xff\x00\x00\xff\x00\x00\xff\x00\x00\xff\x00\x00\xff\x00\x00\xff\x00\x00\xff\x00\x00\xff\x00\x00\xff\x00\x00\xff\x00\x00\xff\x00\x00\xff\x00\x00\xff\x00\x00\xff\x00\x00\xff\x00\x00\xff\x00\x00\xff\x00\x00\xff\x00\x00\xff\x00\x00\xff\x00\x00\xff\x00\x00\xff\x00\x00\xff\x00\x00\xff\x00\x00\xff\x00\x00\xff\x00\x00\xff\x00\x00\xff\x00\x00\xff\x00\x00\xff\x00\x00\xff\x00\x00\xff\x00\x00\xff\x00\x00\xff\x00\x00\xff\x00\x00\xff\x00\x00\xff\x00\x00\xff\x00\x00\xff\x00\x00\xff\x00\x00\xff\x00\x00\xff\x00\x00\xff\x00\x00\xff\x00\x00\xff\x00\x00\xff\x00\x00\xff\x00\x00\xff\x00\x00\xff\x00\x00\xff\x00\x00\xff\x00\x00\xff\x00\x00\xff\x00\x00\xff\x00\x00\xff\x00\x00\xff\x00\x00\xff\x00\x00\xff\x00\x00\xff\x00\x00\xff\x00\x00\xff\x00\x00\xff\x00\x00\xff\x00\x00\xff\x00\x00\xff\x00\x00\xff\x00\x00\xff\x00\x00\xff\x00\x00\xff\x00\x00\xff\x00\x00\xff\x00\x00\xff\x00\x00\xff\x00\x00\xff\x00\x00\xff\x00\x00\xff\x00\x00\xff\x00\x00\xff\x00\x00\xff\x00\x00\xff\x00\x00\xff\x00\x00\xff\x00\x00\xff\x00\x00\xff\x00\x00\xff\x00\x00\xff\x00\x00\xff\x00\x00\xff\x00\x00\xff\x00\x00\xff\x00\x00\xff\x00\x00\xff\x00\x00\xff\x00\x00\xff\x00\x00\xff\x00\x00\xff\x00\x00\xff\x00\x00\xff\x00\x00\xff\x00\x00\xff\x00\x00\xff\x00\x00\xff\x00\x00\xff\x00\x00\xff\x00\x00\xff\x00\x00\xff\x00\x00\xff\x00\x00\xff\x00\x00\xff\x00\x00\xff\x00\x00\xff\x00\x00\xff\x00\x00\xff\x00\x00\xff\x00\x00\xff\x00\x00\xff\x00\x00\xff\x00\x00\xff\x00\x00\xff\x00\x00\xff\x00\x00\xff\x00\x00\xff\x00\x00\xff\x00\x00\xff\x00\x00\xff\x00\x00\xff\x00\x00\xff\x00\x00\xff\x00\x00\xff\x00\x00\xff\x00\x00\xff\x00\x00\xff\x00\x00\xff\x00\x00\xff\x00\x00\xff\x00\x00\xff\x00\x00\xff\x00\x00\xff\x00\x00\xff\x00\x00\xff\x00\x00\xff\x00\x00\xff\x00\x00\xff\x00\x00\xff\x00\x00\xff\x00\x00\xff\x00\x00\xff\x00\x00\xff\x00\x00\xff\x00\x00\xff\x00\x00\xff\x00\x00\xff\x00\x00\xff\x00\x00\xff\x00\x00\xff\x00\x00\xff\x00\x00\xff\x00\x00\xff\x00\x00\xff\x00\x00\xff\x00\x00\xff\x00\x00\xff\x00\x00\xff\x00\x00\xff\x00\x00\xff\x00\x00\xff\x00\x00\xff\x00\x00\xff\x00\x00\xff\x00\x00\xff\x00\x00\xff\x00\x00\xff\x00\x00\xff\x00\x00\xff\x00\x00\xff\x00\x00\xff\x00\x00\xff\x00\x00\xff\x00\x00\xff\x00\x00\xff\x00\x00\xff\x00\x00\xff\x00\x00\xff\x00\x00\xff\x00\x00\xff\x00\x00\xff\x00\x00\xff\x00\x00\xff\x00\x00\xff\x00\x00\xff\x00\x00\xff\x00\x00\xff\x00\x00\xff\x00\x00\xff\x00\x00\xff\x00\x00\xff\x00\x00\xff\x00\x00\xff\x00\x00\xff\x00\x00\xff\x00\x00\xff\x00\x00\xff\x00\x00\xff\x00\x00\xff\x00\x00\xff\x00\x00\xff\x00\x00\xff\x00\x00\xff\x00\x00\xff\x00\x00\xff\x00\x00\xff\x00\x00\xff\x00\x00\xff\x00\x00\xff\x00\x00\xff\x00\x00\xff\x00\x00\xff\x00\x00\xff\x00\x00\xff\x00\x00\xff\x00\x00\xff\x00\x00\xff\x00\x00\xff\x00\x00\xff\x00\x00\xff\x00\x00\xff\x00\x00\xff\x00\x00\xff\x00\x00\xff\x00\x00\xff\x00\x00\xff\x00\x00\xff\x00\x00\xff\x00\x00\xff\x00\x00\xff\x00\x00\xff\x00\x00\xff\x00\x00\xff\x00\x00\xff\x00\x00\xff\x00\x00\xff\x00\x00\xff\x00\x00\xff\x00\x00\xff\x00\x00\xff\x00\x00\xff\x00\x00\xff\x00\x00\xff\x00\x00\xff\x00\x00\xff\x00\x00\xff\x00\x00\xff\x00\x00\xff\x00\x00\xff\x00\x00\xff\x00\x00\xff\x00\x00\xff\x00\x00\xff\x00\x00\xff\x00\x00\xff\x00\x00\xff\x00\x00\xff\x00\x00\xff\x00\x00\xff\x00\x00\xff\x00\x00\xff\x00\x00\xff\x00\x00\xff\x00\x00\xff\x00\x00\xff\x00\x00\xff\x00\x00\xff\x00\x00\xff\x00\x00\xff\x00\x00\xff\x00\x00\xff\x00\x00\xff\x00\x00\xff\x00\x00\xff\x00\x00\xff\x00\x00\xff\x00\x00\xff\x00\x00\xff\x00\x00\xff\x00\x00\xff\x00\x00\xff\x00\x00\xff\x00\x00\xff\x00\x00\xff\x00\x00\xff\x00\x00\xff\x00\x00\xff\x00\x00\xff\x00\x00\xff\x00\x00\xff\x00\x00\xff\x00\x00\xff\x00\x00\xff\x00\x00\xff\x00\x00\xff\x00\x00\xff\x00\x00\xff\x00\x00\xff\x00\x00\xff\x00\x00\xff\x00\x00\xff\x00\x00\xff\x00\x00\xff\x00\x00\xff\x00\x00\xff\x00\x00\xff\x00\x00\xff\x00\x00\xff\x00\x00\xff\x00\x00\xff\x00\x00\xff\x00\x00\xff\x00\x00\xff\x00\x00\xff\x00\x00\xff\x00\x00\xff\x00\x00\xff\x00\x00\xff\x00\x00\xff\x00\x00\xff\x00\x00\xff\x00\x00\xff\x00\x00\xff\x00\x00\xff\x00\x00\xff\x00\x00\xff\x00\x00\xff\x00\x00\xff\x00\x00\xff\x00\x00\xff\x00\x00\xff\x00\x00\xff\x00\x00\xff\x00\x00\xff\x00\x00\xff\x00\x00\xff\x00\x00\xff\x00\x00\xff\x00\x00\xff\x00\x00\xff\x00\x00\xff\x00\x00\xff\x00\x00\xff\x00\x00\xff\x00\x00\xff\x00\x00\xff\x00\x00\xff\x00\x00\xff\x00\x00\xff\x00\x00\xff\x00\x00\xff\x00\x00\xff\x00\x00\xff\x00\x00\xff\x00\x00\xff\x00\x00\xff\x00\x00\xff\x00\x00\xff\x00\x00\xff\x00\x00\xff\x00\x00\xff\x00\x00\xff\x00\x00\xff\x00\x00\xff\x00\x00\xff\x00\x00\xff\x00\x00\xff\x00\x00\xff\x00\x00\xff\x00\x00\xff\x00\x00\xff\x00\x00\xff\x00\x00\xff\x00\x00\xff\x00\x00\xff\x00\x00\xff\x00\x00\xff\x00\x00\xff\x00\x00\xff\x00\x00\xff\x00\x00\xff\x00\x00\xff\x00\x00\xff\x00\x00\xff\x00\x00\xff\x00\x00\xff\x00\x00\xff\x00\x00\xff\x00\x00\xff\x00\x00\xff\x00\x00\xff\x00\x00\xff\x00\x00\xff\x00\x00\xff\x00\x00\xff\x00\x00\xff\x00\x00\xff\x00\x00\xff\x00\x00\xff\x00\x00\xff\x00\x00\xff\x00\x00\xff\x00\x00\xff\x00\x00\xff\x00\x00\xff\x00\x00\xff\x00\x00\xff\x00\x00\xff\x00\x00\xff\x00\x00\xff\x00\x00\xff\x00\x00\xff\x00\x00\xff\x00\x00\xff\x00\x00\xff\x00\x00\xff\x00\x00\xff\x00\x00\xff\x00\x00\xff\x00\x00\xff\x00\x00\xff\x00\x00\xff\x00\x00\xff\x00\x00\xff\x00\x00\xff\x00\x00\xff\x00\x00\xff\x00\x00\xff\x00\x00\xff\x00\x00\xff\x00\x00\xff\x00\x00\xff\x00\x00\xff\x00\x00\xff\x00\x00\xff\x00\x00\xff\x00\x00\xff\x00\x00\xff\x00\x00\xff\x00\x00\xff\x00\x00\xff\x00\x00\xff\x00\x00\xff\x00\x00\xff\x00\x00\xff\x00\x00\xff\x00\x00\xff\x00\x00\xff\x00\x00\xff\x00\x00\xff\x00\x00\xff\x00\x00\xff\x00\x00\xff\x00\x00\xff\x00\x00\xff\x00\x00\xff\x00\x00\xff\x00\x00\xff\x00\x00\xff\x00\x00\xff\x00\x00\xff\x00\x00\xff\x00\x00\xff\x00\x00\xff\x00\x00\xff\x00\x00\xff\x00\x00\xff\x00\x00\xff\x00\x00\xff\x00\x00\xff\x00\x00\xff\x00\x00\xff\x00\x00\xff\x00\x00\xff\x00\x00\xff\x00\x00\xff\x00\x00\xff\x00\x00\xff\x00\x00\xff\x00\x00\xff\x00\x00\xff\x00\x00\xff\x00\x00\xff\x00\x00\xff\x00\x00\xff\x00\x00\xff\x00\x00\xff\x00\x00\xff\x00\x00\xff\x00\x00\xff\x00\x00\xff\x00\x00\xff\x00\x00\xff\x00\x00\xff\x00\x00\xff\x00\x00\xff\x00\x00\xff\x00\x00\xff\x00\x00\xff\x00\x00\xff\x00\x00\xff\x00\x00\xff\x00\x00\xff\x00\x00\xff\x00\x00\xff\x00\x00\xff\x00\x00\xff\x00\x00\xff\x00\x00\xff\x00\x00\xff\x00\x00\xff\x00\x00\xff\x00\x00\xff\x00\x00\xff\x00\x00\xff\x00\x00\xff\x00\x00\xff\x00\x00\xff\x00\x00\xff\x00\x00\xff\x00\x00\xff\x00\x00\xff\x00\x00\xff\x00\x00\xff\x00\x00\xff\x00\x00\xff\x00\x00\xff\x00\x00\xff\x00\x00\xff\x00\x00\xff\x00\x00\xff\x00\x00\xff\x00\x00\xff\x00\x00\xff\x00\x00\xff\x00\x00\xff\x00\x00\xff\x00\x00\xff\x00\x00\xff\x00\x00\xff\x00\x00\xff\x00\x00\xff\x00\x00\xff\x00\x00\xff\x00\x00\xff\x00\x00\xff\x00\x00\xff\x00\x00\xff\x00\x00\xff\x00\x00\xff\x00\x00\xff\x00\x00\xff\x00\x00\xff\x00\x00\xff\x00\x00\xff\x00\x00\xff\x00\x00\xff\x00\x00\xff\x00\x00\xff\x00\x00\xff\x00\x00\xff\x00\x00\xff\x00\x00\xff\x00\x00\xff\x00\x00\xff\x00\x00\xff\x00\x00\xff\x00\x00\xff\x00\x00\xff\x00\x00\xff\x00\x00\xff\x00\x00\xff\x00\x00\xff\x00\x00\xff\x00\x00\xff\x00\x00\xff\x00\x00\xff\x00\x00\xff\x00\x00\xff\x00\x00\xff\x00\x00\xff\x00\x00\xff\x00\x00\xff\x00\x00\xff\x00\x00\xff\x00\x00\xff\x00\x00\xff\x00\x00\xff\x00\x00\xff\x00\x00\xff\x00\x00\xff\x00\x00\xff\x00\x00\xff\x00\x00\xff\x00\x00\xff\x00\x00\xff\x00\x00\xff\x00\x00\xff\x00\x00\xff\x00\x00\xff\x00\x00\xff\x00\x00\xff\x00\x00\xff\x00\x00\xff\x00\x00\xff\x00\x00\xff\x00\x00\xff\x00\x00\xff\x00\x00\xff\x00\x00\xff\x00\x00\xff\x00\x00\xff\x00\x00\xff\x00\x00\xff\x00\x00\xff\x00\x00\xff\x00\x00\xff\x00\x00\xff\x00\x00\xff\x00\x00\xff\x00\x00\xff\x00\x00\xff\x00\x00\xff\x00\x00\xff\x00\x00\xff\x00\x00\xff\x00\x00\xff\x00\x00\xff\x00\x00\xff\x00\x00\xff\x00\x00\xff\x00\x00\xff\x00\x00\xff\x00\x00\xff\x00\x00\xff\x00\x00\xff\x00\x00\xff\x00\x00\xff\x00\x00\xff\x00\x00\xff\x00\x00\xff\x00\x00\xff\x00\x00\xff\x00\x00\xff\x00\x00\xff\x00\x00\xff\x00\x00\xff\x00\x00\xff\x00\x00\xff\x00\x00\xff\x00\x00\xff\x00\x00\xff\x00\x00\xff\x00\x00\xff\x00\x00\xff\x00\x00\xff\x00\x00\xff\x00\x00\xff\x00\x00\xff\x00\x00\xff\x00\x00\xff\x00\x00\xff\x00\x00\xff\x00\x00\xff\x00\x00\xff\x00\x00\xff\x00\x00\xff\x00\x00\xff\x00\x00\xff\x00\x00\xff\x00\x00\xff\x00\x00\xff\x00\x00\xff\x00\x00\xff\x00\x00\xff\x00\x00\xff\x00\x00\xff\x00\x00\xff\x00\x00\xff\x00\x00\xff\x00\x00\xff\x00\x00\xff\x00\x00\xff\x00\x00\xff\x00\x00\xff\x00\x00\xff\x00\x00\xff\x00\x00\xff\x00\x00\xff\x00\x00\xff\x00\x00\xff\x00\x00\xff\x00\x00\xff\x00\x00\xff\x00\x00\xff\x00\x00\xff\x00\x00\xff\x00\x00\xff\x00\x00\xff\x00\x00\xff\x00\x00\xff\x00\x00\xff\x00\x00\xff\x00\x00\xff\x00\x00\xff\x00\x00\xff\x00\x00\xff\x00\x00\xff\x00\x00\xff\x00\x00\xff\x00\x00\xff\x00\x00\xff\x00\x00\xff\x00\x00\xff\x00\x00\xff\x00\x00\xff\x00\x00\xff\x00\x00\xff\x00\x00\xff\x00\x00\xff\x00\x00\xff\x00\x00\xff\x00\x00\xff\x00\x00\xff\x00\x00\xff\x00\x00\xff\x00\x00\xff\x00\x00\xff\x00\x00\xff\x00\x00\xff\x00\x00\xff\x00\x00\xff\x00\x00\xff\x00\x00\xff\x00\x00\xff\x00\x00\xff\x00\x00\xff\x00\x00\xff\x00\x00\xff\x00\x00\xff\x00\x00\xff\x00\x00\xff\x00\x00\xff\x00\x00\xff\x00\x00\xff\x00\x00\xff\x00\x00\xff\x00\x00\xff\x00\x00\xff\x00\x00\xff\x00\x00\xff\x00\x00\xff\x00\x00\xff\x00\x00\xff\x00\x00\xff\x00\x00\xff\x00\x00\xff\x00\x00\xff\x00\x00\xff\x00\x00\xff\x00\x00\xff\x00\x00\xff\x00\x00\xff\x00\x00\xff\x00\x00\xff\x00\x00\xff\x00\x00\xff\x00\x00\xff\x00\x00\xff\x00\x00\xff\x00\x00\xff\x00\x00\xff\x00\x00\xff\x00\x00\xff\x00\x00\xff\x00\x00\xff\x00\x00\xff\x00\x00\xff\x00\x00\xff\x00\x00\xff\x00\x00\xff\x00\x00\xff\x00\x00\xff\x00\x00\xff\x00\x00\xff\x00\x00\xff\x00\x00\xff\x00\x00\xff\x00\x00\xff\x00\x00\xff\x00\x00\xff\x00\x00\xff\x00\x00\xff\x00\x00\xff\x00\x00\xff\x00\x00\xff\x00\x00\xff\x00\x00\xff\x00\x00\xff\x00\x00\xff\x00\x00\xff\x00\x00\xff\x00\x00\xff\x00\x00\xff\x00\x00\xff\x00\x00\xff\x00\x00\xff\x00\x00\xff\x00\x00\xff\x00\x00\xff\x00\x00\xff\x00\x00\xff\x00\x00\xff\x00\x00\xff\x00\x00\xff\x00\x00\xff\x00\x00\xff\x00\x00\xff\x00\x00\xff\x00\x00\xff\x00\x00\xff\x00\x00\xff\x00\x00\xff\x00\x00\xff\x00\x00\xff\x00\x00\xff\x00\x00\xff\x00\x00\xff\x00\x00\xff\x00\x00\xff\x00\x00\xff\x00\x00\xff\x00\x00\xff\x00\x00\xff\x00\x00\xff\x00\x00\xff\x00\x00\xff\x00\x00\xff\x00\x00\xff\x00\x00\xff\x00\x00\xff\x00\x00\xff\x00\x00\xff\x00\x00\xff\x00\x00\xff\x00\x00\xff\x00\x00\xff\x00\x00\xff\x00\x00\xff\x00\x00\xff\x00\x00\xff\x00\x00\xff\x00\x00\xff\x00\x00\xff\x00\x00\xff\x00\x00\xff\x00\x00\xff\x00\x00\xff\x00\x00\xff\x00\x00\xff\x00\x00\xff\x00\x00\xff\x00\x00\xff\x00\x00\xff\x00\x00\xff\x00\x00\xff\x00\x00\xff\x00\x00\xff\x00\x00\xff\x00\x00\xff\x00\x00\xff\x00\x00\xff\x00\x00\xff\x00\x00\xff\x00\x00\xff\x00\x00\xff\x00\x00\xff\x00\x00\xff\x00\x00\xff\x00\x00\xff\x00\x00\xff\x00\x00\xff\x00\x00\xff\x00\x00\xff\x00\x00\xff\x00\x00\xff\x00\x00\xff\x00\x00\xff\x00\x00\xff\x00\x00\xff\x00\x00\xff\x00\x00\xff\x00\x00\xff\x00\x00\xff\x00\x00\xff\x00\x00\xff\x00\x00\xff\x00\x00\xff\x00\x00\xff\x00\x00\xff\x00\x00\xff\x00\x00\xff\x00\x00\xff\x00\x00\xff\x00\x00\xff\x00\x00\xff\x00\x00\xff\x00\x00\xff\x00\x00\xff\x00\x00\xff\x00\x00\xff\x00\x00\xff\x00\x00\xff\x00\x00\xff\x00\x00\xff\x00\x00\xff\x00\x00\xff\x00\x00\xff\x00\x00\xff\x00\x00\xff\x00\x00\xff\x00\x00\xff\x00\x00\xff\x00\x00\xff\x00\x00\xff\x00\x00\xff\x00\x00\xff\x00\x00\xff\x00\x00\xff\x00\x00\xff\x00\x00\xff\x00\x00\xff\x00\x00\xff\x00\x00\xff\x00\x00\xff\x00\x00\xff\x00\x00\xff\x00\x00\xff\x00\x00\xff\x00\x00\xff\x00\x00\xff\x00\x00\xff\x00\x00\xff\x00\x00\xff\x00\x00\xff\x00\x00\xff\x00\x00\xff\x00\x00\xff\x00\x00\xff\x00\x00\xff\x00\x00\xff\x00\x00\xff\x00\x00\xff\x00\x00\xff\x00\x00\xff\x00\x00\xff\x00\x00\xff\x00\x00\xff\x00\x00\xff\x00\x00\xff\x00\x00\xff\x00\x00\xff\x00\x00\xff\x00\x00\xff\x00\x00\xff\x00\x00\xff\x00\x00\xff\x00\x00\xff\x00\x00\xff\x00\x00\xff\x00\x00\xff\x00\x00\xff\x00\x00\xff\x00\x00\xff\x00\x00\xff\x00\x00\xff\x00\x00\xff\x00\x00\xff\x00\x00\xff\x00\x00\xff\x00\x00\xff\x00\x00\xff\x00\x00\xff\x00\x00\xff\x00\x00\xff\x00\x00\xff\x00\x00\xff\x00\x00\xff\x00\x00\xff\x00\x00\xff\x00\x00\xff\x00\x00\xff\x00\x00\xff\x00\x00\xff\x00\x00\xff\x00\x00\xff\x00\x00\xff\x00\x00\xff\x00\x00\xff\x00\x00\xff\x00\x00\xff\x00\x00\xff\x00\x00\xff\x00\x00\xff\x00\x00\xff\x00\x00\xff\x00\x00\xff\x00\x00\xff\x00\x00\xff\x00\x00\xff\x00\x00\xff\x00\x00\xff\x00\x00\xff\x00\x00\xff\x00\x00\xff\x00\x00\xff\x00\x00\xff\x00\x00\xff\x00\x00\xff\x00\x00\xff\x00\x00\xff\x00\x00\xff\x00\x00\xff\x00\x00\xff\x00\x00\xff\x00\x00\xff\x00\x00\xff\x00\x00\xff\x00\x00\xff\x00\x00\xff\x00\x00\xff\x00\x00\xff\x00\x00\xff\x00\x00\xff\x00\x00\xff\x00\x00\xff\x00\x00\xff\x00\x00\xff\x00\x00\xff\x00\x00\xff\x00\x00\xff\x00\x00\xff\x00\x00\xff\x00\x00\xff\x00\x00\xff\x00\x00\xff\x00\x00\xff\x00\x00\xff\x00\x00\xff\x00\x00\xff\x00\x00\xff\x00\x00\xff\x00\x00\xff\x00\x00\xff\x00\x00\xff\x00\x00\xff\x00\x00\xff\x00\x00\xff\x00\x00\xff\x00\x00\xff\x00\x00\xff\x00\x00\xff\x00\x00\xff\x00\x00\xff\x00\x00\xff\x00\x00\xff\x00\x00\xff\x00\x00\xff\x00\x00\xff\x00\x00\xff\x00\x00\xff\x00\x00\xff\x00\x00\xff\x00\x00\xff\x00\x00\xff\x00\x00\xff\x00\x00\xff\x00\x00\xff\x00\x00\xff\x00\x00\xff\x00\x00\xff\x00\x00\xff\x00\x00\xff\x00\x00\xff\x00\x00\xff\x00\x00\xff\x00\x00\xff\x00\x00\xff\x00\x00\xff\x00\x00\xff\x00\x00\xff\x00\x00\xff\x00\x00\xff\x00\x00\xff\x00\x00\xff\x00\x00\xff\x00\x00\xff\x00\x00\xff\x00\x00\xff\x00\x00\xff\x00\x00\xff\x00\x00\xff\x00\x00\xff\x00\x00\xff\x00\x00\xff\x00\x00\xff\x00\x00\xff\x00\x00\xff\x00\x00\xff\x00\x00\xff\x00\x00\xff\x00\x00\xff\x00\x00\xff\x00\x00\xff\x00\x00\xff\x00\x00\xff\x00\x00\xff\x00\x00\xff\x00\x00\xff\x00\x00\xff\x00\x00\xff\x00\x00\xff\x00\x00\xff\x00\x00\xff\x00\x00\xff\x00\x00\xff\x00\x00\xff\x00\x00\xff\x00\x00\xff\x00\x00\xff\x00\x00\xff\x00\x00\xff\x00\x00\xff\x00\x00\xff\x00\x00\xff\x00\x00\xff\x00\x00\xff\x00\x00\xff\x00\x00\xff\x00\x00\xff\x00\x00\xff\x00\x00\xff\x00\x00\xff\x00\x00\xff\x00\x00\xff\x00\x00\xff\x00\x00\xff\x00\x00\xff\x00\x00\xff\x00\x00\xff\x00\x00\xff\x00\x00\xff\x00\x00\xff\x00\x00\xff\x00\x00\xff\x00\x00\xff\x00\x00\xff\x00\x00\xff\x00\x00\xff\x00\x00\xff\x00\x00\xff\x00\x00\xff\x00\x00\xff\x00\x00\xff\x00\x00\xff\x00\x00\xff\x00\x00\xff\x00\x00\xff\x00\x00\xff\x00\x00\xff\x00\x00\xff\x00\x00\xff\x00\x00\xff\x00\x00\xff\x00\x00\xff\x00\x00\xff\x00\x00\xff\x00\x00\xff\x00\x00\xff\x00\x00\xff\x00\x00\xff\x00\x00\xff\x00\x00\xff\x00\x00\xff\x00\x00\xff\x00\x00\xff\x00\x00\xff\x00\x00\xff\x00\x00\xff\x00\x00\xff\x00\x00\xff\x00\x00\xff\x00\x00\xff\x00\x00\xff\x00\x00\xff\x00\x00\xff\x00\x00\xff\x00\x00\xff\x00\x00\xff\x00\x00\xff\x00\x00\xff\x00\x00\xff\x00\x00\xff\x00\x00\xff\x00\x00\xff\x00\x00\xff\x00\x00\xff\x00\x00\xff\x00\x00\xff\x00\x00\xff\x00\x00\xff\x00\x00\xff\x00\x00\xff\x00\x00\xff\x00\x00\xff\x00\x00\xff\x00\x00\xff\x00\x00\xff\x00\x00\xff\x00\x00\xff\x00\x00\xff\x00\x00\xff\x00\x00\xff\x00\x00\xff\x00\x00\xff\x00\x00\xff\x00\x00\xff\x00\x00\xff\x00\x00\xff\x00\x00\xff\x00\x00\xff\x00\x00\xff\x00\x00\xff\x00\x00\xff\x00\x00\xff\x00\x00\xff\x00\x00\xff\x00\x00\xff\x00\x00\xff\x00\x00\xff\x00\x00\xff\x00\x00\xff\x00\x00\xff\x00\x00\xff\x00\x00\xff\x00\x00\xff\x00\x00\xff\x00\x00\xff\x00\x00\xff\x00\x00\xff\x00\x00\xff\x00\x00\xff\x00\x00\xff\x00\x00\xff\x00\x00\xff\x00\x00\xff\x00\x00\xff\x00\x00\xff\x00\x00\xff\x00\x00\xff\x00\x00\xff\x00\x00\xff\x00\x00\xff\x00\x00\xff\x00\x00\xff\x00\x00\xff\x00\x00\xff\x00\x00\xff\x00\x00\xff\x00\x00\xff\x00\x00\xff\x00\x00\xff\x00\x00\xff\x00\x00\xff\x00\x00\xff\x00\x00\xff\x00\x00\xff\x00\x00\xff\x00\x00\xff\x00\x00\xff\x00\x00\xff\x00\x00\xff\x00\x00\xff\x00\x00\xff\x00\x00\xff\x00\x00\xff\x00\x00\xff\x00\x00\xff\x00\x00\xff\x00\x00\xff\x00\x00\xff\x00\x00\xff\x00\x00\xff\x00\x00\xff\x00\x00\xff\x00\x00\xff\x00\x00\xff\x00\x00\xff\x00\x00\xff\x00\x00\xff\x00\x00\xff\x00\x00\xff\x00\x00\xff\x00\x00\xff\x00\x00\xff\x00\x00\xff\x00\x00\xff\x00\x00\xff\x00\x00\xff\x00\x00\xff\x00\x00\xff\x00\x00\xff\x00\x00\xff\x00\x00\xff\x00\x00\xff\x00\x00\xff\x00\x00\xff\x00\x00\xff\x00\x00\xff\x00\x00\xff\x00\x00\xff\x00\x00\xff\x00\x00\xff\x00\x00\xff\x00\x00\xff\x00\x00\xff\x00\x00\xff\x00\x00\xff\x00\x00\xff\x00\x00\xff\x00\x00\xff\x00\x00\xff\x00\x00\xff\x00\x00\xff\x00\x00\xff\x00\x00\xff\x00\x00\xff\x00\x00\xff\x00\x00\xff\x00\x00\xff\x00\x00\xff\x00\x00\xff\x00\x00\xff\x00\x00\xff\x00\x00\xff\x00\x00\xff\x00\x00\xff\x00\x00\xff\x00\x00\xff\x00\x00\xff\x00\x00\xff\x00\x00\xff\x00\x00\xff\x00\x00\xff\x00\x00\xff\x00\x00\xff\x00\x00\xff\x00\x00\xff\x00\x00\xff\x00\x00\xff\x00\x00\xff\x00\x00\xff\x00\x00\xff\x00\x00\xff\x00\x00\xff\x00\x00\xff\x00\x00\xff\x00\x00\xff\x00\x00\xff\x00\x00\xff\x00\x00\xff\x00\x00\xff\x00\x00\xff\x00\x00\xff\x00\x00\xff\x00\x00\xff\x00\x00\xff\x00\x00\xff\x00\x00\xff\x00\x00\xff\x00\x00\xff\x00\x00\xff\x00\x00\xff\x00\x00\xff\x00\x00\xff\x00\x00\xff\x00\x00\xff\x00\x00\xff\x00\x00\xff\x00\x00\xff\x00\x00\xff\x00\x00\xff\x00\x00\xff\x00\x00\xff\x00\x00\xff\x00\x00\xff\x00\x00\xff\x00\x00\xff\x00\x00\xff\x00\x00\xff\x00\x00\xff\x00\x00\xff\x00\x00\xff\x00\x00\xff\x00\x00\xff\x00\x00\xff\x00\x00\xff\x00\x00\xff\x00\x00\xff\x00\x00\xff\x00\x00\xff\x00\x00\xff\x00\x00\xff\x00\x00\xff\x00\x00\xff\x00\x00\xff\x00\x00\xff\x00\x00\xff\x00\x00\xff\x00\x00\xff\x00\x00\xff\x00\x00\xff\x00\x00\xff\x00\x00\xff\x00\x00\xff\x00\x00\xff\x00\x00\xff\x00\x00\xff\x00\x00\xff\x00\x00\xff\x00\x00\xff\x00\x00\xff\x00\x00\xff\x00\x00\xff\x00\x00\xff\x00\x00\xff\x00\x00\xff\x00\x00\xff\x00\x00\xff\x00\x00\xff\x00\x00\xff\x00\x00\xff\x00\x00\xff\x00\x00\xff\x00\x00\xff\x00\x00\xff\x00\x00\xff\x00\x00\xff\x00\x00\xff\x00\x00\xff\x00\x00\xff\x00\x00\xff\x00\x00\xff\x00\x00\xff\x00\x00\xff\x00\x00\xff\x00\x00\xff\x00\x00\xff\x00\x00\xff\x00\x00\xff\x00\x00\xff\x00\x00\xff\x00\x00\xff\x00\x00\xff\x00\x00\xff\x00\x00\xff\x00\x00\xff\x00\x00\xff\x00\x00\xff\x00\x00\xff\x00\x00\xff\x00\x00\xff\x00\x00\xff\x00\x00\xff\x00\x00\xff\x00\x00\xff\x00\x00\xff\x00\x00\xff\x00\x00\xff\x00\x00\xff\x00\x00\xff\x00\x00\xff\x00\x00\xff\x00\x00\xff\x00\x00\xff\x00\x00\xff\x00\x00\xff\x00\x00\xff\x00\x00\xff\x00\x00\xff\x00\x00\xff\x00\x00\xff\x00\x00\xff\x00\x00\xff\x00\x00\xff\x00\x00\xff\x00\x00\xff\x00\x00\xff\x00\x00\xff\x00\x00\xff\x00\x00\xff\x00\x00\xff\x00\x00\xff\x00\x00\xff\x00\x00\xff\x00\x00\xff\x00\x00\xff\x00\x00\xff\x00\x00\xff\x00\x00\xff\x00\x00\xff\x00\x00\xff\x00\x00\xff\x00\x00\xff\x00\x00\xff\x00\x00\xff\x00\x00\xff\x00\x00\xff\x00\x00\xff\x00\x00\xff\x00\x00\xff\x00\x00\xff\x00\x00\xff\x00\x00\xff\x00\x00\xff\x00\x00\xff\x00\x00\xff\x00\x00\xff\x00\x00\xff\x00\x00\xff\x00\x00\xff\x00\x00\xff\x00\x00\xff\x00\x00\xff\x00\x00\xff\x00\x00\xff\x00\x00\xff\x00\x00\xff\x00\x00\xff\x00\x00\xff\x00\x00\xff\x00\x00\xff\x00\x00\xff\x00\x00\xff\x00\x00\xff\x00\x00\xff\x00\x00\xff\x00\x00\xff\x00\x00\xff\x00\x00\xff\x00\x00\xff\x00\x00\xff\x00\x00\xff\x00\x00\xff\x00\x00\xff\x00\x00\xff\x00\x00\xff\x00\x00\xff\x00\x00\xff\x00\x00\xff\x00\x00\xff\x00\x00\xff\x00\x00\xff\x00\x00\xff\x00\x00\xff\x00\x00\xff\x00\x00\xff\x00\x00\xff\x00\x00\xff\x00\x00\xff\x00\x00\xff\x00\x00\xff\x00\x00\xff\x00\x00\xff\x00\x00\xff\x00\x00\xff\x00\x00\xff\x00\x00\xff\x00\x00\xff\x00\x00\xff\x00\x00\xff\x00\x00\xff\x00\x00\xff\x00\x00\xff\x00\x00\xff\x00\x00\xff\x00\x00\xff\x00\x00\xff\x00\x00\xff\x00\x00\xff\x00\x00\xff\x00\x00\xff\x00\x00\xff\x00\x00\xff\x00\x00\xff\x00\x00\xff\x00\x00\xff\x00\x00\xff\x00\x00\xff\x00\x00\xff\x00\x00\xff\x00\x00\xff\x00\x00\xff\x00\x00\xff\x00\x00\xff\x00\x00\xff\x00\x00\xff\x00\x00\xff\x00\x00\xff\x00\x00\xff\x00\x00\xff\x00\x00\xff\x00\x00\xff\x00\x00\xff\x00\x00\xff\x00\x00\xff\x00\x00\xff\x00\x00\xff\x00\x00\xff\x00\x00\xff\x00\x00\xff\x00\x00\xff\x00\x00\xff\x00\x00\xff\x00\x00\xff\x00\x00\xff\x00\x00\xff\x00\x00\xff\x00\x00\xff\x00\x00\xff\x00\x00\xff\x00\x00\xff\x00\x00\xff\x00\x00\xff\x00\x00\xff\x00\x00\xff\x00\x00\xff\x00\x00\xff\x00\x00\xff\x00\x00\xff\x00\x00\xff\x00\x00\xff\x00\x00\xff\x00\x00\xff\x00\x00\xff\x00\x00\xff\x00\x00\xff\x00\x00\xff\x00\x00\xff\x00\x00\xff\x00\x00\xff\x00\x00\xff\x00\x00\xff\x00\x00\xff\x00\x00\xff\x00\x00\xff\x00\x00\xff\x00\x00\xff\x00\x00\xff\x00\x00\xff\x00\x00\xff\x00\x00\xff\x00\x00\xff\x00\x00\xff\x00\x00\xff\x00\x00\xff\x00\x00\xff\x00\x00\xff\x00\x00\xff\x00\x00\xff\x00\x00\xff\x00\x00\xff\x00\x00\xff\x00\x00\xff\x00\x00\xff\x00\x00\xff\x00\x00\xff\x00\x00\xff\x00\x00\xff\x00\x00\xff\x00\x00\xff\x00\x00\xff\x00\x00\xff\x00\x00\xff\x00\x00\xff\x00\x00\xff\x00\x00\xff\x00\x00\xff\x00\x00\xff\x00\x00\xff\x00\x00\xff\x00\x00\xff\x00\x00\xff\x00\x00\xff\x00\x00\xff\x00\x00\xff\x00\x00\xff\x00\x00\xff\x00\x00\xff\x00\x00\xff\x00\x00\xff\x00\x00\xff\x00\x00\xff\x00\x00\xff\x00\x00\xff\x00\x00\xff\x00\x00\xff\x00\x00\xff\x00\x00\xff\x00\x00\xff\x00\x00\xff\x00\x00\xff\x00\x00\xff\x00\x00\xff\x00\x00\xff\x00\x00\xff\x00\x00\xff\x00\x00\xff\x00\x00\xff\x00\x00\xff\x00\x00\xff\x00\x00\xff\x00\x00\xff\x00\x00\xff\x00\x00\xff\x00\x00\xff\x00\x00\xff\x00\x00\xff\x00\x00\xff\x00\x00\xff\x00\x00\xff\x00\x00\xff\x00\x00\xff\x00\x00\xff\x00\x00\xff\x00\x00\xff\x00\x00\xff\x00\x00\xff\x00\x00\xff\x00\x00\xff\x00\x00\xff\x00\x00\xff\x00\x00\xff\x00\x00\xff\x00\x00\xff\x00\x00\xff\x00\x00\xff\x00\x00\xff\x00\x00\xff\x00\x00\xff\x00\x00\xff\x00\x00\xff\x00\x00\xff\x00\x00\xff\x00\x00\xff\x00\x00\xff\x00\x00\xff\x00\x00\xff\x00\x00\xff\x00\x00\xff\x00\x00\xff\x00\x00\xff\x00\x00\xff\x00\x00\xff\x00\x00\xff\x00\x00\xff\x00\x00\xff\x00\x00\xff\x00\x00\xff\x00\x00\xff\x00\x00\xff\x00\x00\xff\x00\x00\xff\x00\x00\xff\x00\x00\xff\x00\x00\xff\x00\x00\xff\x00\x00\xff\x00\x00\xff\x00\x00\xff\x00\x00\xff\x00\x00\xff\x00\x00\xff\x00\x00\xff\x00\x00\xff\x00\x00\xff\x00\x00\xff\x00\x00\xff\x00\x00\xff\x00\x00\xff\x00\x00\xff\x00\x00\xff\x00\x00\xff\x00\x00\xff\x00\x00\xff\x00\x00\xff\x00\x00\xff\x00\x00\xff\x00\x00\xff\x00\x00\xff\x00\x00\xff\x00\x00\xff\x00\x00\xff\x00\x00\xff\x00\x00\xff\x00\x00\xff\x00\x00\xff\x00\x00\xff\x00\x00\xff\x00\x00\xff\x00\x00\xff\x00\x00\xff\x00\x00\xff\x00\x00\xff\x00\x00\xff\x00\x00\xff\x00\x00\xff\x00\x00\xff\x00\x00\xff\x00\x00\xff\x00\x00\xff\x00\x00\xff\x00\x00\xff\x00\x00\xff\x00\x00\xff\x00\x00\xff\x00\x00\xff\x00\x00\xff\x00\x00\xff\x00\x00\xff\x00\x00\xff\x00\x00\xff\x00\x00\xff\x00\x00\xff\x00\x00\xff\x00\x00\xff\x00\x00\xff\x00\x00\xff\x00\x00\xff\x00\x00\xff\x00\x00\xff\x00\x00\xff\x00\x00\xff\x00\x00\xff\x00\x00\xff\x00\x00\xff\x00\x00\xff\x00\x00\xff\x00\x00\xff\x00\x00\xff\x00\x00\xff\x00\x00\xff\x00\x00\xff\x00\x00\xff\x00\x00\xff\x00\x00\xff\x00\x00\xff\x00\x00\xff\x00\x00\xff\x00\x00\xff\x00\x00\xff\x00\x00\xff\x00\x00\xff\x00\x00\xff\x00\x00\xff\x00\x00\xff\x00\x00\xff\x00\x00\xff\x00\x00\xff\x00\x00\xff\x00\x00\xff\x00\x00\xff\x00\x00\xff\x00\x00\xff\x00\x00\xff\x00\x00\xff\x00\x00\xff\x00\x00\xff\x00\x00\xff\x00\x00\xff\x00\x00\xff\x00\x00\xff\x00\x00\xff\x00\x00\xff\x00\x00\xff\x00\x00\xff\x00\x00\xff\x00\x00\xff\x00\x00\xff\x00\x00\xff\x00\x00\xff\x00\x00\xff\x00\x00\xff\x00\x00\xff\x00\x00\xff\x00\x00\xff\x00\x00\xff\x00\x00\xff\x00\x00\xff\x00\x00\xff\x00\x00\xff\x00\x00\xff\x00\x00\xff\x00\x00\xff\x00\x00\xff\x00\x00\xff\x00\x00\xff\x00\x00\xff\x00\x00\xff\x00\x00\xff\x00\x00\xff\x00\x00\xff\x00\x00\xff\x00\x00\xff\x00\x00\xff\x00\x00\xff\x00\x00\xff\x00\x00\xff\x00\x00\xff\x00\x00\xff\x00\x00\xff\x00\x00\xff\x00\x00\xff\x00\x00\xff\x00\x00\xff\x00\x00\xff\x00\x00\xff\x00\x00\xff\x00\x00\xff\x00\x00\xff\x00\x00\xff\x00\x00\xff\x00\x00\xff\x00\x00\xff\x00\x00\xff\x00\x00\xff\x00\x00\xff\x00\x00\xff\x00\x00\xff\x00\x00\xff\x00\x00\xff\x00\x00\xff\x00\x00\xff\x00\x00\xff\x00\x00\xff\x00\x00\xff\x00\x00\xff\x00\x00\xff\x00\x00\xff\x00\x00\xff\x00\x00\xff\x00\x00\xff\x00\x00\xff\x00\x00\xff\x00\x00\xff\x00\x00\xff\x00\x00\xff\x00\x00\xff\x00\x00\xff\x00\x00\xff\x00\x00\xff\x00\x00\xff\x00\x00\xff\x00\x00\xff\x00\x00\xff\x00\x00\xff\x00\x00\xff\x00\x00\xff\x00\x00\xff\x00\x00\xff\x00\x00\xff\x00\x00\xff\x00\x00\xff\x00\x00\xff\x00\x00\xff\x00\x00\xff\x00\x00\xff\x00\x00\xff\x00\x00\xff\x00\x00\xff\x00\x00\xff\x00\x00\xff\x00\x00\xff\x00\x00\xff\x00\x00\xff\x00\x00\xff\x00\x00\xff\x00\x00\xff\x00\x00\xff\x00\x00\xff\x00\x00\xff\x00\x00\xff\x00\x00\xff\x00\x00\xff\x00\x00\xff\x00\x00\xff\x00\x00\xff\x00\x00\xff\x00\x00\xff\x00\x00\xff\x00\x00\xff\x00\x00\xff\x00\x00\xff\x00\x00\xff\x00\x00\xff\x00\x00\xff\x00\x00\xff\x00\x00\xff\x00\x00\xff\x00\x00\xff\x00\x00\xff\x00\x00\xff\x00\x00\xff\x00\x00\xff\x00\x00\xff\x00\x00\xff\x00\x00\xff\x00\x00\xff\x00\x00\xff\x00\x00\xff\x00\x00\xff\x00\x00\xff\x00\x00\xff\x00\x00\xff\x00\x00\xff\x00\x00\xff\x00\x00\xff\x00\x00\xff\x00\x00\xff\x00\x00\xff\x00\x00\xff\x00\x00\xff\x00\x00\xff\x00\x00\xff\x00\x00\xff\x00\x00\xff\x00\x00\xff\x00\x00\xff\x00\x00\xff\x00\x00\xff\x00\x00\xff\x00\x00\xff\x00\x00\xff\x00\x00\xff\x00\x00\xff\x00\x00\xff\x00\x00\xff\x00\x00\xff\x00\x00\xff\x00\x00\xff\x00\x00\xff\x00\x00\xff\x00\x00\xff\x00\x00\xff\x00\x00\xff\x00\x00\xff\x00\x00\xff\x00\x00\xff\x00\x00\xff\x00\x00\xff\x00\x00\xff\x00\x00\xff\x00\x00\xff\x00\x00\xff\x00\x00\xff\x00\x00\xff\x00\x00\xff\x00\x00\xff\x00\x00\xff\x00\x00\xff\x00\x00\xff\x00\x00\xff\x00\x00\xff\x00\x00\xff\x00\x00\xff\x00\x00\xff\x00\x00\xff\x00\x00\xff\x00\x00\xff\x00\x00\xff\x00\x00\xff\x00\x00\xff\x00\x00\xff\x00\x00\xff\x00\x00\xff\x00\x00\xff\x00\x00\xff\x00\x00\xff\x00\x00\xff\x00\x00\xff\x00\x00\xff\x00\x00\xff\x00\x00\xff\x00\x00\xff\x00\x00\xff\x00\x00\xff\x00\x00\xff\x00\x00\xff\x00\x00\xff\x00\x00\xff\x00\x00\xff\x00\x00\xff\x00\x00\xff\x00\x00\xff\x00\x00\xff\x00\x00\xff\x00\x00\xff\x00\x00\xff\x00\x00\xff\x00\x00\xff\x00\x00\xff\x00\x00\xff\x00\x00\xff\x00\x00\xff\x00\x00\xff\x00\x00\xff\x00\x00\xff\x00\x00\xff\x00\x00\xff\x00\x00\xff\x00\x00\xff\x00\x00\xff\x00\x00\xff\x00\x00\xff\x00\x00\xff\x00\x00\xff\x00\x00\xff\x00\x00\xff\x00\x00\xff\x00\x00\xff\x00\x00\xff\x00\x00\xff\x00\x00\xff\x00\x00\xff\x00\x00\xff\x00\x00\xff\x00\x00\xff\x00\x00\xff\x00\x00\xff\x00\x00\xff\x00\x00\xff\x00\x00\xff\x00\x00\xff\x00\x00\xff\x00\x00\xff\x00\x00\xff\x00\x00\xff\x00\x00\xff\x00\x00\xff\x00\x00\xff\x00\x00\xff\x00\x00\xff\x00\x00\xff\x00\x00\xff\x00\x00\xff\x00\x00\xff\x00\x00\xff\x00\x00\xff\x00\x00\xff\x00\x00\xff\x00\x00\xff\x00\x00\xff\x00\x00\xff\x00\x00\xff\x00\x00\xff\x00\x00\xff\x00\x00\xff\x00\x00\xff\x00\x00\xff\x00\x00\xff\x00\x00\xff\x00\x00\xff\x00\x00\xff\x00\x00\xff\x00\x00\xff\x00\x00\xff\x00\x00\xff\x00\x00\xff\x00\x00\xff\x00\x00\xff\x00\x00\xff\x00\x00\xff\x00\x00\xff\x00\x00\xff\x00\x00\xff\x00\x00\xff\x00\x00\xff\x00\x00\xff\x00\x00\xff\x00\x00\xff\x00\x00\xff\x00\x00\xff\x00\x00\xff\x00\x00\xff\x00\x00\xff\x00\x00\xff\x00\x00\xff\x00\x00\xff\x00\x00\xff\x00\x00\xff\x00\x00\xff\x00\x00\xff\x00\x00\xff\x00\x00\xff\x00\x00\xff\x00\x00\xff\x00\x00\xff\x00\x00\xff\x00\x00\xff\x00\x00\xff\x00\x00\xff\x00\x00\xff\x00\x00\xff\x00\x00\xff\x00\x00\xff\x00\x00\xff\x00\x00\xff\x00\x00\xff\x00\x00\xff\x00\x00\xff\x00\x00\xff\x00\x00\xff\x00\x00\xff\x00\x00\xff\x00\x00\xff\x00\x00\xff\x00\x00\xff\x00\x00\xff\x00\x00\xff\x00\x00\xff\x00\x00\xff\x00\x00\xff\x00\x00\xff\x00\x00\xff\x00\x00\xff\x00\x00\xff\x00\x00\xff\x00\x00\xff\x00\x00\xff\x00\x00\xff\x00\x00\xff\x00\x00\xff\x00\x00\xff\x00\x00\xff\x00\x00\xff\x00\x00\xff\x00\x00\xff\x00\x00\xff\x00\x00\xff\x00\x00\xff\x00\x00\xff\x00\x00\xff\x00\x00\xff\x00\x00\xff\x00\x00\xff\x00\x00\xff\x00\x00\xff\x00\x00\xff\x00\x00\xff\x00\x00\xff\x00\x00\xff\x00\x00\xff\x00\x00\xff\x00\x00\xff\x00\x00\xff\x00\x00\xff\x00\x00\xff\x00\x00\xff\x00\x00\xff\x00\x00\xff\x00\x00\xff\x00\x00\xff\x00\x00\xff\x00\x00\xff\x00\x00\xff\x00\x00\xff\x00\x00\xff\x00\x00\xff\x00\x00\xff\x00\x00\xff\x00\x00\xff\x00\x00\xff\x00\x00\xff\x00\x00\xff\x00\x00\xff\x00\x00\xff\x00\x00\xff\x00\x00\xff\x00\x00\xff\x00\x00\xff\x00\x00\xff\x00\x00\xff\x00\x00\xff\x00\x00\xff\x00\x00\xff\x00\x00\xff\x00\x00\xff\x00\x00\xff\x00\x00\xff\x00\x00\xff\x00\x00\xff\x00\x00\xff\x00\x00\xff\x00\x00\xff\x00\x00\xff\x00\x00\xff\x00\x00\xff\x00\x00\xff\x00\x00\xff\x00\x00\xff\x00\x00\xff\x00\x00\xff\x00\x00\xff\x00\x00\xff\x00\x00\xff\x00\x00\xff\x00\x00\xff\x00\x00\xff\x00\x00\xff\x00\x00\xff\x00\x00\xff\x00\x00\xff\x00\x00\xff\x00\x00\xff\x00\x00\xff\x00\x00\xff\x00\x00\xff\x00\x00\xff\x00\x00\xff\x00\x00\xff\x00\x00\xff\x00\x00\xff\x00\x00\xff\x00\x00\xff\x00\x00\xff\x00\x00\xff\x00\x00\xff\x00\x00\xff\x00\x00\xff\x00\x00\xff\x00\x00\xff\x00\x00\xff\x00\x00\xff\x00\x00\xff\x00\x00\xff\x00\x00\xff\x00\x00\xff\x00\x00\xff\x00\x00\xff\x00\x00\xff\x00\x00\xff\x00\x00\xff\x00\x00\xff\x00\x00\xff\x00\x00\xff\x00\x00\xff\x00\x00\xff\x00\x00\xff\x00\x00\xff\x00\x00\xff\x00\x00\xff\x00\x00\xff\x00\x00\xff\x00\x00\xff\x00\x00\xff\x00\x00\xff\x00\x00\xff\x00\x00\xff\x00\x00\xff\x00\x00\xff\x00\x00\xff\x00\x00\xff\x00\x00\xff\x00\x00\xff\x00\x00\xff\x00\x00\xff\x00\x00\xff\x00\x00\xff\x00\x00\xff\x00\x00\xff\x00\x00\xff\x00\x00\xff\x00\x00\xff\x00\x00\xff\x00\x00\xff\x00\x00\xff\x00\x00\xff\x00\x00\xff\x00\x00\xff\x00\x00\xff\x00\x00\xff\x00\x00\xff\x00\x00\xff\x00\x00\xff\x00\x00\xff\x00\x00\xff\x00\x00\xff\x00\x00\xff\x00\x00\xff\x00\x00\xff\x00\x00\xff\x00\x00\xff\x00\x00\xff\x00\x00\xff\x00\x00\xff\x00\x00\xff\x00\x00\xff\x00\x00\xff\x00\x00\xff\x00\x00\xff\x00\x00\xff\x00\x00\xff\x00\x00\xff\x00\x00\xff\x00\x00\xff\x00\x00\xff\x00\x00\xff\x00\x00\xff\x00\x00\xff\x00\x00\xff\x00\x00\xff\x00\x00\xff\x00\x00\xff\x00\x00\xff\x00\x00\xff\x00\x00\xff\x00\x00\xff\x00\x00\xff\x00\x00\xff\x00\x00\xff\x00\x00\xff\x00\x00\xff\x00\x00\xff\x00\x00\xff\x00\x00\xff\x00\x00\xff\x00\x00\xff\x00\x00\xff\x00\x00\xff\x00\x00\xff\x00\x00\xff\x00\x00\xff\x00\x00\xff\x00\x00\xff\x00\x00\xff\x00\x00\xff\x00\x00\xff\x00\x00\xff\x00\x00\xff\x00\x00\xff\x00\x00\xff\x00\x00\xff\x00\x00\xff\x00\x00\xff\x00\x00\xff\x00\x00\xff\x00\x00\xff\x00\x00\xff\x00\x00\xff\x00\x00\xff\x00\x00\xff\x00\x00\xff\x00\x00\xff\x00\x00\xff\x00\x00\xff\x00\x00\xff\x00\x00\xff\x00\x00\xff\x00\x00\xff\x00\x00\xff\x00\x00\xff\x00\x00\xff\x00\x00\xff\x00\x00\xff\x00\x00\xff\x00\x00\xff\x00\x00\xff\x00\x00\xff\x00\x00\xff\x00\x00\xff\x00\x00\xff\x00\x00\xff\x00\x00\xff\x00\x00\xff\x00\x00\xff\x00\x00\xff\x00\x00\xff\x00\x00\xff\x00\x00\xff\x00\x00\xff\x00\x00\xff\x00\x00\xff\x00\x00\xff\x00\x00\xff\x00\x00\xff\x00\x00\xff\x00\x00\xff\x00\x00\xff\x00\x00\xff\x00\x00\xff\x00\x00\xff\x00\x00\xff\x00\x00\xff\x00\x00\xff\x00\x00\xff\x00\x00\xff\x00\x00\xff\x00\x00\xff\x00\x00\xff\x00\x00\xff\x00\x00\xff\x00\x00\xff\x00\x00\xff\x00\x00\xff\x00\x00\xff\x00\x00\xff\x00\x00\xff\x00\x00\xff\x00\x00\xff\x00\x00\xff\x00\x00\xff\x00\x00\xff\x00\x00\xff\x00\x00\xff\x00\x00\xff\x00\x00\xff\x00\x00\xff\x00\x00\xff\x00\x00\xff\x00\x00\xff\x00\x00\xff\x00\x00\xff\x00\x00\xff\x00\x00\xff\x00\x00\xff\x00\x00\xff\x00\x00\xff\x00\x00\xff\x00\x00\xff\x00\x00\xff\x00\x00\xff\x00\x00\xff\x00\x00\xff\x00\x00\xff\x00\x00\xff\x00\x00\xff\x00\x00\xff\x00\x00\xff\x00\x00\xff\x00\x00\xff\x00\x00\xff\x00\x00\xff\x00\x00\xff\x00\x00\xff\x00\x00\xff\x00\x00\xff\x00\x00\xff\x00\x00\xff\x00\x00\xff\x00\x00\xff\x00\x00\xff\x00\x00\xff\x00\x00\xff\x00\x00\xff\x00\x00\xff\x00\x00\xff\x00\x00\xff\x00\x00\xff\x00\x00\xff\x00\x00\xff\x00\x00\xff\x00\x00\xff\x00\x00\xff\x00\x00\xff\x00\x00\xff\x00\x00\xff\x00\x00\xff\x00\x00\xff\x00\x00\xff\x00\x00\xff\x00\x00\xff\x00\x00\xff\x00\x00\xff\x00\x00\xff\x00\x00\xff\x00\x00\xff\x00\x00\xff\x00\x00\xff\x00\x00\xff\x00\x00\xff\x00\x00\xff\x00\x00\xff\x00\x00\xff\x00\x00\xff\x00\x00\xff\x00\x00\xff\x00\x00\xff\x00\x00\xff\x00\x00\xff\x00\x00\xff\x00\x00\xff\x00\x00\xff\x00\x00\xff\x00\x00\xff\x00\x00\xff\x00\x00\xff\x00\x00\xff\x00\x00\xff\x00\x00\xff\x00\x00\xff\x00\x00\xff\x00\x00\xff\x00\x00\xff\x00\x00\xff\x00\x00\xff\x00\x00\xff\x00\x00\xff\x00\x00\xff\x00\x00\xff\x00\x00\xff\x00\x00\xff\x00\x00\xff\x00\x00\xff\x00\x00\xff\x00\x00\xff\x00\x00\xff\x00\x00\xff\x00\x00\xff\x00\x00\xff\x00\x00\xff\x00\x00\xff\x00\x00\xff\x00\x00\xff\x00\x00\xff\x00\x00\xff\x00\x00\xff\x00\x00\xff\x00\x00\xff\x00\x00\xff\x00\x00\xff\x00\x00\xff\x00\x00\xff\x00\x00\xff\x00\x00\xff\x00\x00\xff\x00\x00\xff\x00\x00\xff\x00\x00\xff\x00\x00\xff\x00\x00\xff\x00\x00\xff\x00\x00\xff\x00\x00\xff\x00\x00\xff\x00\x00\xff\x00\x00\xff\x00\x00\xff\x00\x00\xff\x00\x00\xff\x00\x00\xff\x00\x00\xff\x00\x00\xff\x00\x00\xff\x00\x00\xff\x00\x00\xff\x00\x00\xff\x00\x00\xff\x00\x00\xff\x00\x00\xff\x00\x00\xff\x00\x00\xff\x00\x00\xff\x00\x00\xff\x00\x00\xff\x00\x00\xff\x00\x00\xff\x00\x00\xff\x00\x00\xff\x00\x00\xff\x00\x00\xff\x00\x00\xff\x00\x00\xff\x00\x00\xff\x00\x00\xff\x00\x00\xff\x00\x00\xff\x00\x00\xff\x00\x00\xff\x00\x00\xff\x00\x00\xff\x00\x00\xff\x00\x00\xff\x00\x00\xff\x00\x00\xff\x00\x00\xff\x00\x00\xff\x00\x00\xff\x00\x00\xff\x00\x00\xff\x00\x00\xff\x00\x00\xff\x00\x00\xff\x00\x00\xff\x00\x00\xff\x00\x00\xff\x00\x00\xff\x00\x00\xff\x00\x00\xff\x00\x00\xff\x00\x00\xff\x00\x00\xff\x00\x00\xff\x00\x00\xff\x00\x00\xff\x00\x00\xff\x00\x00\xff\x00\x00\xff\x00\x00\xff\x00\x00\xff\x00\x00\xff\x00\x00\xff\x00\x00\xff\x00\x00\xff\x00\x00\xff\x00\x00\xff\x00\x00\xff\x00\x00\xff\x00\x00\xff\x00\x00\xff\x00\x00\xff\x00\x00\xff\x00\x00\xff\x00\x00\xff\x00\x00\xff\x00\x00\xff\x00\x00\xff\x00\x00\xff\x00\x00\xff\x00\x00\xff\x00\x00\xff\x00\x00\xff\x00\x00\xff\x00\x00\xff\x00\x00\xff\x00\x00\xff\x00\x00\xff\x00\x00\xff\x00\x00\xff\x00\x00\xff\x00\x00\xff\x00\x00\xff\x00\x00\xff\x00\x00\xff\x00\x00\xff\x00\x00\xff\x00\x00\xff\x00\x00\xff\x00\x00\xff\x00\x00\xff\x00\x00\xff\x00\x00\xff\x00\x00\xff\x00\x00\xff\x00\x00\xff\x00\x00\xff\x00\x00\xff\x00\x00\xff\x00\x00\xff\x00\x00\xff\x00\x00\xff\x00\x00\xff\x00\x00\xff\x00\x00\xff\x00\x00\xff\x00\x00\xff\x00\x00\xff\x00\x00\xff\x00\x00\xff\x00\x00\xff\x00\x00\xff\x00\x00\xff\x00\x00\xff\x00\x00\xff\x00\x00\xff\x00\x00\xff\x00\x00\xff\x00\x00\xff\x00\x00\xff\x00\x00\xff\x00\x00\xff\x00\x00\xff\x00\x00\xff\x00\x00\xff\x00\x00\xff\x00\x00\xff\x00\x00\xff\x00\x00\xff\x00\x00\xff\x00\x00\xff\x00\x00\xff\x00\x00\xff\x00\x00\xff\x00\x00\xff\x00\x00\xff\x00\x00\xff\x00\x00\xff\x00\x00\xff\x00\x00\xff\x00\x00\xff\x00\x00\xff\x00\x00\xff\x00\x00\xff\x00\x00\xff\x00\x00\xff\x00\x00\xff\x00\x00\xff\x00\x00\xff\x00\x00\xff\x00\x00\xff\x00\x00\xff\x00\x00\xff\x00\x00\xff\x00\x00\xff\x00\x00\xff\x00\x00\xff\x00\x00\xff\x00\x00\xff\x00\x00\xff\x00\x00\xff\x00\x00\xff\x00\x00\xff\x00\x00\xff\x00\x00\xff\x00\x00\xff\x00\x00\xff\x00\x00\xff\x00\x00\xff\x00\x00\xff\x00\x00\xff\x00\x00\xff\x00\x00\xff\x00\x00\xff\x00\x00\xff\x00\x00\xff\x00\x00\xff\x00\x00\xff\x00\x00\xff\x00\x00\xff\x00\x00\xff\x00\x00\xff\x00\x00\xff\x00\x00\xff\x00\x00\xff\x00\x00\xff\x00\x00\xff\x00\x00\xff\x00\x00\xff\x00\x00\xff\x00\x00\xff\x00\x00\xff\x00\x00\xff\x00\x00\xff\x00\x00\xff\x00\x00\xff\x00\x00\xff\x00\x00\xff\x00\x00\xff\x00\x00\xff\x00\x00\xff\x00\x00\xff\x00\x00\xff\x00\x00\xff\x00\x00\xff\x00\x00\xff\x00\x00\xff\x00\x00\xff\x00\x00\xff\x00\x00\xff\x00\x00\xff\x00\x00\xff\x00\x00\xff\x00\x00\xff\x00\x00\xff\x00\x00\xff\x00\x00\xff\x00\x00\xff\x00\x00\xff\x00\x00\xff\x00\x00\xff\x00\x00\xff\x00\x00\xff\x00\x00\xff\x00\x00\xff\x00\x00\xff\x00\x00\xff\x00\x00\xff\x00\x00\xff\x00\x00\xff\x00\x00\xff\x00\x00\xff\x00\x00\xff\x00\x00\xff\x00\x00\xff\x00\x00\xff\x00\x00\xff\x00\x00\xff\x00\x00\xff\x00\x00\xff\x00\x00\xff\x00\x00\xff\x00\x00\xff\x00\x00\xff\x00\x00\xff\x00\x00\xff\x00\x00\xff\x00\x00\xff\x00\x00\xff\x00\x00\xff\x00\x00\xff\x00\x00\xff\x00\x00\xff\x00\x00\xff\x00\x00\xff\x00\x00\xff\x00\x00\xff\x00\x00\xff\x00\x00\xff\x00\x00\xff\x00\x00\xff\x00\x00\xff\x00\x00\xff\x00\x00\xff\x00\x00\xff\x00\x00\xff\x00\x00\xff\x00\x00\xff\x00\x00\xff\x00\x00\xff\x00\x00\xff\x00\x00\xff\x00\x00\xff\x00\x00\xff\x00\x00\xff\x00\x00\xff\x00\x00\xff\x00\x00\xff\x00\x00\xff\x00\x00\xff\x00\x00\xff\x00\x00\xff\x00\x00\xff\x00\x00\xff\x00\x00\xff\x00\x00\xff\x00\x00\xff\x00\x00\xff\x00\x00\xff\x00\x00\xff\x00\x00\xff\x00\x00\xff\x00\x00\xff\x00\x00\xff\x00\x00\xff\x00\x00\xff\x00\x00\xff\x00\x00\xff\x00\x00\xff\x00\x00\xff\x00\x00\xff\x00\x00\xff\x00\x00\xff\x00\x00\xff\x00\x00\xff\x00\x00\xff\x00\x00\xff\x00\x00\xff\x00\x00\xff\x00\x00\xff\x00\x00\xff\x00\x00\xff\x00\x00\xff\x00\x00\xff\x00\x00\xff\x00\x00\xff\x00\x00\xff\x00\x00\xff\x00\x00\xff\x00\x00\xff\x00\x00\xff\x00\x00\xff\x00\x00\xff\x00\x00\xff\x00\x00\xff\x00\x00\xff\x00\x00\xff\x00\x00\xff\x00\x00\xff\x00\x00\xff\x00\x00\xff\x00\x00\xff\x00\x00\xff\x00\x00\xff\x00\x00\xff\x00\x00\xff\x00\x00\xff\x00\x00\xff\x00\x00\xff\x00\x00\xff\x00\x00\xff\x00\x00\xff\x00\x00\xff\x00\x00\xff\x00\x00\xff\x00\x00\xff\x00\x00\xff\x00\x00\xff\x00\x00\xff\x00\x00\xff\x00\x00\xff\x00\x00\xff\x00\x00\xff\x00\x00\xff\x00\x00\xff\x00\x00\xff\x00\x00\xff\x00\x00\xff\x00\x00\xff\x00\x00\xff\x00\x00\xff\x00\x00\xff\x00\x00\xff\x00\x00\xff\x00\x00\xff\x00\x00\xff\x00\x00\xff\x00\x00\xff\x00\x00\xff\x00\x00\xff\x00\x00\xff\x00\x00\xff\x00\x00\xff\x00\x00\xff\x00\x00\xff\x00\x00\xff\x00\x00\xff\x00\x00\xff\x00\x00\xff\x00\x00\xff\x00\x00\xff\x00\x00\xff\x00\x00\xff\x00\x00\xff\x00\x00\xff\x00\x00\xff\x00\x00\xff\x00\x00\xff\x00\x00\xff\x00\x00\xff\x00\x00\xff\x00\x00\xff\x00\x00\xff\x00\x00\xff\x00\x00\xff\x00\x00\xff\x00\x00\xff\x00\x00\xff\x00\x00\xff\x00\x00\xff\x00\x00\xff\x00\x00\xff\x00\x00\xff\x00\x00\xff\x00\x00\xff\x00\x00\xff\x00\x00\xff\x00\x00\xff\x00\x00\xff\x00\x00\xff\x00\x00\xff\x00\x00\xff\x00\x00\xff\x00\x00\xff\x00\x00\xff\x00\x00\xff\x00\x00\xff\x00\x00\xff\x00\x00\xff\x00\x00\xff\x00\x00\xff\x00\x00\xff\x00\x00\xff\x00\x00\xff\x00\x00\xff\x00\x00\xff\x00\x00\xff\x00\x00\xff\x00\x00\xff\x00\x00\xff\x00\x00\xff\x00\x00\xff\x00\x00\xff\x00\x00\xff\x00\x00\xff\x00\x00\xff\x00\x00\xff\x00\x00\xff\x00\x00\xff\x00\x00\xff\x00\x00\xff\x00\x00\xff\x00\x00\xff\x00\x00\xff\x00\x00\xff\x00\x00\xff\x00\x00\xff\x00\x00\xff\x00\x00\xff\x00\x00\xff\x00\x00\xff\x00\x00\xff\x00\x00\xff\x00\x00\xff\x00\x00\xff\x00\x00\xff\x00\x00\xff\x00\x00\xff\x00\x00\xff\x00\x00\xff\x00\x00\xff\x00\x00\xff\x00\x00\xff\x00\x00\xff\x00\x00\xff\x00\x00\xff\x00\x00\xff\x00\x00\xff\x00\x00\xff\x00\x00\xff\x00\x00\xff\x00\x00\xff\x00\x00\xff\x00\x00\xff\x00\x00\xff\x00\x00\xff\x00\x00\xff\x00\x00\xff\x00\x00\xff\x00\x00\xff\x00\x00\xff\x00\x00\xff\x00\x00\xff\x00\x00\xff\x00\x00\xff\x00\x00\xff\x00\x00\xff\x00\x00\xff\x00\x00\xff\x00\x00\xff\x00\x00\xff\x00\x00\xff\x00\x00\xff\x00\x00\xff\x00\x00\xff\x00\x00\xff\x00\x00\xff\x00\x00\xff\x00\x00\xff\x00\x00\xff\x00\x00\xff\x00\x00\xff\x00\x00\xff\x00\x00\xff\x00\x00\xff\x00\x00\xff\x00\x00\xff\x00\x00\xff\x00\x00\xff\x00\x00\xff\x00\x00\xff\x00\x00\xff\x00\x00\xff\x00\x00\xff\x00\x00\xff\x00\x00\xff\x00\x00\xff\x00\x00\xff\x00\x00\xff\x00\x00\xff\x00\x00\xff\x00\x00\xff\x00\x00\xff\x00\x00\xff\x00\x00\xff\x00\x00\xff\x00\x00\xff\x00\x00\xff\x00\x00\xff\x00\x00\xff\x00\x00\xff\x00\x00\xff\x00\x00\xff\x00\x00\xff\x00\x00\xff\x00\x00\xff\x00\x00\xff\x00\x00\xff\x00\x00\xff\x00\x00\xff\x00\x00\xff\x00\x00\xff\x00\x00\xff\x00\x00\xff\x00\x00\xff\x00\x00\xff\x00\x00\xff\x00\x00\xff\x00\x00\xff\x00\x00\xff\x00\x00\xff\x00\x00\xff\x00\x00\xff\x00\x00\xff\x00\x00\xff\x00\x00\xff\x00\x00\xff\x00\x00\xff\x00\x00\xff\x00\x00\xff\x00\x00\xff\x00\x00\xff\x00\x00\xff\x00\x00\xff\x00\x00\xff\x00\x00\xff\x00\x00\xff\x00\x00\xff\x00\x00\xff\x00\x00\xff\x00\x00\xff\x00\x00\xff\x00\x00\xff\x00\x00\xff\x00\x00\xff\x00\x00\xff\x00\x00\xff\x00\x00\xff\x00\x00\xff\x00\x00\xff\x00\x00\xff\x00\x00\xff\x00\x00\xff\x00\x00\xff\x00\x00\xff\x00\x00\xff\x00\x00\xff\x00\x00\xff\x00\x00\xff\x00\x00\xff\x00\x00\xff\x00\x00\xff\x00\x00\xff\x00\x00\xff\x00\x00\xff\x00\x00\xff\x00\x00\xff\x00\x00\xff\x00\x00\xff\x00\x00\xff\x00\x00\xff\x00\x00\xff\x00\x00\xff\x00\x00\xff\x00\x00\xff\x00\x00\xff\x00\x00\xff\x00\x00\xff\x00\x00\xff\x00\x00\xff\x00\x00\xff\x00\x00\xff\x00\x00\xff\x00\x00\xff\x00\x00\xff\x00\x00\xff\x00\x00\xff\x00\x00\xff\x00\x00\xff\x00\x00\xff\x00\x00\xff\x00\x00\xff\x00\x00\xff\x00\x00\xff\x00\x00\xff\x00\x00\xff\x00\x00\xff\x00\x00\xff\x00\x00\xff\x00\x00\xff\x00\x00\xff\x00\x00\xff\x00\x00\xff\x00\x00\xff\x00\x00\xff\x00\x00\xff\x00\x00\xff\x00\x00\xff\x00\x00\xff\x00\x00\xff\x00\x00\xff\x00\x00\xff\x00\x00\xff\x00\x00\xff\x00\x00\xff\x00\x00\xff\x00\x00\xff\x00\x00\xff\x00\x00\xff\x00\x00\xff\x00\x00\xff\x00\x00\xff\x00\x00\xff\x00\x00\xff\x00\x00\xff\x00\x00\xff\x00\x00\xff\x00\x00\xff\x00\x00\xff\x00\x00\xff\x00\x00\xff\x00\x00\xff\x00\x00\xff\x00\x00\xff\x00\x00\xff\x00\x00\xff\x00\x00\xff\x00\x00\xff\x00\x00\xff\x00\x00\xff\x00\x00\xff\x00\x00\xff\x00\x00\xff\x00\x00\xff\x00\x00\xff\x00\x00\xff\x00\x00\xff\x00\x00\xff\x00\x00\xff\x00\x00\xff\x00\x00\xff\x00\x00\xff\x00\x00\xff\x00\x00\xff\x00\x00\xff\x00\x00\xff\x00\x00\xff\x00\x00\xff\x00\x00\xff\x00\x00\xff\x00\x00\xff\x00\x00\xff\x00\x00\xff\x00\x00\xff\x00\x00\xff\x00\x00\xff\x00\x00\xff\x00\x00\xff\x00\x00\xff\x00\x00\xff\x00\x00\xff\x00\x00\xff\x00\x00\xff\x00\x00\xff\x00\x00\xff\x00\x00\xff\x00\x00\xff\x00\x00\xff\x00\x00\xff\x00\x00\xff\x00\x00\xff\x00\x00\xff\x00\x00\xff\x00\x00\xff\x00\x00\xff\x00\x00\xff\x00\x00\xff\x00\x00\xff\x00\x00\xff\x00\x00\xff\x00\x00\xff\x00\x00\xff\x00\x00\xff\x00\x00\xff\x00\x00\xff\x00\x00\xff\x00\x00\xff\x00\x00\xff\x00\x00\xff\x00\x00\xff\x00\x00\xff\x00\x00\xff\x00\x00\xff\x00\x00\xff\x00\x00\xff\x00\x00\xff\x00\x00\xff\x00\x00\xff\x00\x00\xff\x00\x00\xff\x00\x00\xff\x00\x00\xff\x00\x00\xff\x00\x00\xff\x00\x00\xff\x00\x00\xff\x00\x00\xff\x00\x00\xff\x00\x00\xff\x00\x00\xff\x00\x00\xff\x00\x00\xff\x00\x00\xff\x00\x00\xff\x00\x00\xff\x00\x00\xff\x00\x00\xff\x00\x00\xff\x00\x00\xff\x00\x00\xff\x00\x00\xff\x00\x00\xff\x00\x00\xff\x00\x00\xff\x00\x00\xff\x00\x00\xff\x00\x00\xff\x00\x00\xff\x00\x00\xff\x00\x00\xff\x00\x00\xff\x00\x00\xff\x00\x00\xff\x00\x00\xff\x00\x00\xff\x00\x00\xff\x00\x00\xff\x00\x00\xff\x00\x00\xff\x00\x00\xff\x00\x00\xff\x00\x00\xff\x00\x00\xff\x00\x00\xff\x00\x00\xff\x00\x00\xff\x00\x00\xff\x00\x00\xff\x00\x00\xff\x00\x00\xff\x00\x00\xff\x00\x00\xff\x00\x00\xff\x00\x00\xff\x00\x00\xff\x00\x00\xff\x00\x00\xff\x00\x00\xff\x00\x00\xff\x00\x00\xff\x00\x00\xff\x00\x00\xff\x00\x00\xff\x00\x00\xff\x00\x00\xff\x00\x00\xff\x00\x00\xff\x00\x00\xff\x00\x00\xff\x00\x00\xff\x00\x00\xff\x00\x00\xff\x00\x00\xff\x00\x00\xff\x00\x00\xff\x00\x00\xff\x00\x00\xff\x00\x00\xff\x00\x00\xff\x00\x00\xff\x00\x00\xff\x00\x00\xff\x00\x00\xff\x00\x00\xff\x00\x00\xff\x00\x00\xff\x00\x00\xff\x00\x00\xff\x00\x00\xff\x00\x00\xff\x00\x00\xff\x00\x00\xff\x00\x00\xff\x00\x00\xff\x00\x00\xff\x00\x00\xff\x00\x00\xff\x00\x00\xff\x00\x00\xff\x00\x00\xff\x00\x00\xff\x00\x00\xff\x00\x00\xff\x00\x00\xff\x00\x00\xff\x00\x00\xff\x00\x00\xff\x00\x00\xff\x00\x00\xff\x00\x00\xff\x00\x00\xff\x00\x00\xff\x00\x00\xff\x00\x00\xff\x00\x00\xff\x00\x00\xff\x00\x00\xff\x00\x00\xff\x00\x00\xff\x00\x00\xff\x00\x00\xff\x00\x00\xff\x00\x00\xff\x00\x00\xff\x00\x00\xff\x00\x00\xff\x00\x00\xff\x00\x00\xff\x00\x00\xff\x00\x00\xff\x00\x00\xff\x00\x00\xff\x00\x00\xff\x00\x00\xff\x00\x00\xff\x00\x00\xff\x00\x00\xff\x00\x00\xff\x00\x00\xff\x00\x00\xff\x00\x00\xff\x00\x00\xff\x00\x00\xff\x00\x00\xff\x00\x00\xff\x00\x00\xff\x00\x00\xff\x00\x00\xff\x00\x00\xff\x00\x00\xff\x00\x00\xff\x00\x00\xff\x00\x00\xff\x00\x00\xff\x00\x00\xff\x00\x00\xff\x00\x00\xff\x00\x00\xff\x00\x00\xff\x00\x00\xff\x00\x00\xff\x00\x00\xff\x00\x00\xff\x00\x00\xff\x00\x00\xff\x00\x00\xff\x00\x00\xff\x00\x00\xff\x00\x00\xff\x00\x00\xff\x00\x00\xff\x00\x00\xff\x00\x00\xff\x00\x00\xff\x00\x00\xff\x00\x00\xff\x00\x00\xff\x00\x00\xff\x00\x00\xff\x00\x00\xff\x00\x00\xff\x00\x00\xff\x00\x00\xff\x00\x00\xff\x00\x00\xff\x00\x00\xff\x00\x00\xff\x00\x00\xff\x00\x00\xff\x00\x00\xff\x00\x00\xff\x00\x00\xff\x00\x00\xff\x00\x00\xff\x00\x00\xff\x00\x00\xff\x00\x00\xff\x00\x00\xff\x00\x00\xff\x00\x00\xff\x00\x00\xff\x00\x00\xff\x00\x00\xff\x00\x00\xff\x00\x00\xff\x00\x00\xff\x00\x00\xff\x00\x00\xff\x00\x00\xff\x00\x00\xff\x00\x00\xff\x00\x00\xff\x00\x00\xff\x00\x00\xff\x00\x00\xff\x00\x00\xff\x00\x00\xff\x00\x00\xff\x00\x00\xff\x00\x00\xff\x00\x00\xff\x00\x00\xff\x00\x00\xff\x00\x00\xff\x00\x00\xff\x00\x00\xff\x00\x00\xff\x00\x00\xff\x00\x00\xff\x00\x00\xff\x00\x00\xff\x00\x00\xff\x00\x00\xff\x00\x00\xff\x00\x00\xff\x00\x00\xff\x00\x00\xff\x00\x00\xff\x00\x00\xff\x00\x00\xff\x00\x00\xff\x00\x00\xff\x00\x00\xff\x00\x00\xff\x00\x00\xff\x00\x00\xff\x00\x00\xff\x00\x00\xff\x00\x00\xff\x00\x00\xff\x00\x00\xff\x00\x00\xff\x00\x00\xff\x00\x00\xff\x00\x00\xff\x00\x00\xff\x00\x00\xff\x00\x00\xff\x00\x00\xff\x00\x00\xff\x00\x00\xff\x00\x00\xff\x00\x00\xff\x00\x00\xff\x00\x00\xff\x00\x00\xff\x00\x00\xff\x00\x00\xff\x00\x00\xff\x00\x00\xff\x00\x00\xff\x00\x00\xff\x00\x00\xff\x00\x00\xff\x00\x00\xff\x00\x00\xff\x00\x00\xff\x00\x00\xff\x00\x00\xff\x00\x00\xff\x00\x00\xff\x00\x00\xff\x00\x00\xff\x00\x00\xff\x00\x00\xff\x00\x00\xff\x00\x00\xff\x00\x00\xff\x00\x00\xff\x00\x00\xff\x00\x00\xff\x00\x00\xff\x00\x00\xff\x00\x00\xff\x00\x00\xff\x00\x00\xff\x00\x00\xff\x00\x00\xff\x00\x00\xff\x00\x00\xff\x00\x00\xff\x00\x00\xff\x00\x00\xff\x00\x00\xff\x00\x00\xff\x00\x00\xff\x00\x00\xff\x00\x00\xff\x00\x00\xff\x00\x00\xff\x00\x00\xff\x00\x00\xff\x00\x00\xff\x00\x00\xff\x00\x00\xff\x00\x00\xff\x00\x00\xff\x00\x00\xff\x00\x00\xff\x00\x00\xff\x00\x00\xff\x00\x00\xff\x00\x00\xff\x00\x00\xff\x00\x00\xff\x00\x00\xff\x00\x00\xff\x00\x00\xff\x00\x00\xff\x00\x00\xff\x00\x00\xff\x00\x00\xff\x00\x00\xff\x00\x00\xff\x00\x00\xff\x00\x00\xff\x00\x00\xff\x00\x00\xff\x00\x00\xff\x00\x00\xff\x00\x00\xff\x00\x00\xff\x00\x00\xff\x00\x00\xff\x00\x00\xff\x00\x00\xff\x00\x00\xff\x00\x00\xff\x00\x00\xff\x00\x00\xff\x00\x00\xff\x00\x00\xff\x00\x00\xff\x00\x00\xff\x00\x00\xff\x00\x00\xff\x00\x00\xff\x00\x00\xff\x00\x00\xff\x00\x00\xff\x00\x00\xff\x00\x00\xff\x00\x00\xff\x00\x00\xff\x00\x00\xff\x00\x00\xff\x00\x00\xff\x00\x00\xff\x00\x00\xff\x00\x00\xff\x00\x00\xff\x00\x00\xff\x00\x00\xff\x00\x00\xff\x00\x00\xff\x00\x00\xff\x00\x00\xff\x00\x00\xff\x00\x00\xff\x00\x00\xff\x00\x00\xff\x00\x00\xff\x00\x00\xff\x00\x00\xff\x00\x00\xff\x00\x00\xff\x00\x00\xff\x00\x00\xff\x00\x00\xff\x00\x00\xff\x00\x00\xff\x00\x00\xff\x00\x00\xff\x00\x00\xff\x00\x00\xff\x00\x00\xff\x00\x00\xff\x00\x00\xff\x00\x00\xff\x00\x00\xff\x00\x00\xff\x00\x00\xff\x00\x00\xff\x00\x00\xff\x00\x00\xff\x00\x00\xff\x00\x00\xff\x00\x00\xff\x00\x00\xff\x00\x00\xff\x00\x00\xff\x00\x00\xff\x00\x00\xff\x00\x00\xff\x00\x00\xff\x00\x00\xff\x00\x00\xff\x00\x00\xff\x00\x00\xff\x00\x00\xff\x00\x00\xff\x00\x00\xff\x00\x00\xff\x00\x00\xff\x00\x00\xff\x00\x00\xff\x00\x00\xff\x00\x00\xff\x00\x00\xff\x00\x00\xff\x00\x00\xff\x00\x00\xff\x00\x00\xff\x00\x00\xff\x00\x00\xff\x00\x00\xff\x00\x00\xff\x00\x00\xff\x00\x00\xff\x00\x00\xff\x00\x00\xff\x00\x00\xff\x00\x00\xff\x00\x00\xff\x00\x00\xff\x00\x00\xff\x00\x00\xff\x00\x00\xff\x00\x00\xff\x00\x00\xff\x00\x00\xff\x00\x00\xff\x00\x00\xff\x00\x00\xff\x00\x00\xff\x00\x00\xff\x00\x00\xff\x00\x00\xff\x00\x00\xff\x00\x00\xff\x00\x00\xff\x00\x00\xff\x00\x00\xff\x00\x00\xff\x00\x00\xff\x00\x00\xff\x00\x00\xff\x00\x00\xff\x00\x00\xff\x00\x00\xff\x00\x00\xff\x00\x00\xff\x00\x00\xff\x00\x00\xff\x00\x00\xff\x00\x00\xff\x00\x00\xff\x00\x00\xff\x00\x00\xff\x00\x00\xff\x00\x00\xff\x00\x00\xff\x00\x00\xff\x00\x00\xff\x00\x00\xff\x00\x00\xff\x00\x00\xff\x00\x00\xff\x00\x00\xff\x00\x00\xff\x00\x00\xff\x00\x00\xff\x00\x00\xff\x00\x00\xff\x00\x00\xff\x00\x00\xff\x00\x00\xff\x00\x00\xff\x00\x00\xff\x00\x00\xff\x00\x00\xff\x00\x00\xff\x00\x00\xff\x00\x00\xff\x00\x00\xff\x00\x00\xff\x00\x00\xff\x00\x00\xff\x00\x00\xff\x00\x00\xff\x00\x00\xff\x00\x00\xff\x00\x00\xff\x00\x00\xff\x00\x00\xff\x00\x00\xff\x00\x00\xff\x00\x00\xff\x00\x00\xff\x00\x00\xff\x00\x00\xff\x00\x00\xff\x00\x00\xff\x00\x00\xff\x00\x00\xff\x00\x00\xff\x00\x00\xff\x00\x00\xff\x00\x00\xff\x00\x00\xff\x00\x00\xff\x00\x00\xff\x00\x00\xff\x00\x00\xff\x00\x00\xff\x00\x00\xff\x00\x00\xff\x00\x00\xff\x00\x00\xff\x00\x00\xff\x00\x00\xff\x00\x00\xff\x00\x00\xff\x00\x00\xff\x00\x00\xff\x00\x00\xff\x00\x00\xff\x00\x00\xff\x00\x00\xff\x00\x00\xff\x00\x00\xff\x00\x00\xff\x00\x00\xff\x00\x00\xff\x00\x00\xff\x00\x00\xff\x00\x00\xff\x00\x00\xff\x00\x00\xff\x00\x00\xff\x00\x00\xff\x00\x00\xff\x00\x00\xff\x00\x00\xff\x00\x00\xff\x00\x00\xff\x00\x00\xff\x00\x00\xff\x00\x00\xff\x00\x00\xff\x00\x00\xff\x00\x00\xff\x00\x00\xff\x00\x00\xff\x00\x00\xff\x00\x00\xff\x00\x00\xff\x00\x00\xff\x00\x00\xff\x00\x00\xff\x00\x00\xff\x00\x00\xff\x00\x00\xff\x00\x00\xff\x00\x00\xff\x00\x00\xff\x00\x00\xff\x00\x00\xff\x00\x00\xff\x00\x00\xff\x00\x00\xff\x00\x00\xff\x00\x00\xff\x00\x00\xff\x00\x00\xff\x00\x00\xff\x00\x00\xff\x00\x00\xff\x00\x00\xff\x00\x00\xff\x00\x00\xff\x00\x00\xff\x00\x00\xff\x00\x00\xff\x00\x00\xff\x00\x00\xff\x00\x00\xff\x00\x00\xff\x00\x00\xff\x00\x00\xff\x00\x00\xff\x00\x00\xff\x00\x00\xff\x00\x00\xff\x00\x00\xff\x00\x00\xff\x00\x00\xff\x00\x00\xff\x00\x00\xff\x00\x00\xff\x00\x00\xff\x00\x00\xff\x00\x00\xff\x00\x00\xff\x00\x00\xff\x00\x00\xff\x00\x00\xff\x00\x00\xff\x00\x00\xff\x00\x00\xff\x00\x00\xff\x00\x00\xff\x00\x00\xff\x00\x00\xff\x00\x00\xff\x00\x00\xff\x00\x00\xff\x00\x00\xff\x00\x00\xff\x00\x00\xff\x00\x00\xff\x00\x00\xff\x00\x00\xff\x00\x00\xff\x00\x00\xff\x00\x00\xff\x00\x00\xff\x00\x00\xff\x00\x00\xff\x00\x00\xff\x00\x00\xff\x00\x00\xff\x00\x00\xff\x00\x00\xff\x00\x00\xff\x00\x00\xff\x00\x00\xff\x00\x00\xff\x00\x00\xff\x00\x00\xff\x00\x00\xff\x00\x00\xff\x00\x00\xff\x00\x00\xff\x00\x00\xff\x00\x00\xff\x00\x00\xff\x00\x00\xff\x00\x00\xff\x00\x00\xff\x00\x00\xff\x00\x00\xff\x00\x00\xff\x00\x00\xff\x00\x00\xff\x00\x00\xff\x00\x00\xff\x00\x00\xff\x00\x00\xff\x00\x00\xff\x00\x00\xff\x00\x00\xff\x00\x00\xff\x00\x00\xff\x00\x00\xff\x00\x00\xff\x00\x00\xff\x00\x00\xff\x00\x00\xff\x00\x00\xff\x00\x00\xff\x00\x00\xff\x00\x00\xff\x00\x00\xff\x00\x00\xff\x00\x00\xff\x00\x00\xff\x00\x00\xff\x00\x00\xff\x00\x00\xff\x00\x00\xff\x00\x00\xff\x00\x00\xff\x00\x00\xff\x00\x00\xff\x00\x00\xff\x00\x00\xff\x00\x00\xff\x00\x00\xff\x00\x00\xff\x00\x00\xff\x00\x00\xff\x00\x00\xff\x00\x00\xff\x00\x00\xff\x00\x00\xff\x00\x00\xff\x00\x00\xff\x00\x00\xff\x00\x00\xff\x00\x00\xff\x00\x00\xff\x00\x00\xff\x00\x00\xff\x00\x00\xff\x00\x00\xff\x00\x00\xff\x00\x00\xff\x00\x00\xff\x00\x00\xff\x00\x00\xff\x00\x00\xff\x00\x00\xff\x00\x00\xff\x00\x00\xff\x00\x00\xff\x00\x00\xff\x00\x00\xff\x00\x00\xff\x00\x00\xff\x00\x00\xff\x00\x00\xff\x00\x00\xff\x00\x00\xff\x00\x00\xff\x00\x00\xff\x00\x00\xff\x00\x00\xff\x00\x00\xff\x00\x00\xff\x00\x00\xff\x00\x00\xff\x00\x00\xff\x00\x00\xff\x00\x00\xff\x00\x00\xff\x00\x00\xff\x00\x00\xff\x00\x00\xff\x00\x00\xff\x00\x00\xff\x00\x00\xff\x00\x00\xff\x00\x00\xff\x00\x00\xff\x00\x00\xff\x00\x00\xff\x00\x00\xff\x00\x00\xff\x00\x00\xff\x00\x00\xff\x00\x00\xff\x00\x00\xff\x00\x00\xff\x00\x00\xff\x00\x00\xff\x00\x00\xff\x00\x00\xff\x00\x00\xff\x00\x00\xff\x00\x00\xff\x00\x00\xff\x00\x00\xff\x00\x00\xff\x00\x00\xff\x00\x00\xff\x00\x00\xff\x00\x00\xff\x00\x00\xff\x00\x00\xff\x00\x00\xff\x00\x00\xff\x00\x00\xff\x00\x00\xff\x00\x00\xff\x00\x00\xff\x00\x00\xff\x00\x00\xff\x00\x00\xff\x00\x00\xff\x00\x00\xff\x00\x00\xff\x00\x00\xff\x00\x00\xff\x00\x00\xff\x00\x00\xff\x00\x00\xff\x00\x00\xff\x00\x00\xff\x00\x00\xff\x00\x00\xff\x00\x00\xff\x00\x00\xff\x00\x00\xff\x00\x00\xff\x00\x00\xff\x00\x00\xff\x00\x00\xff\x00\x00\xff\x00\x00\xff\x00\x00\xff\x00\x00\xff\x00\x00\xff\x00\x00\xff\x00\x00\xff\x00\x00\xff\x00\x00\xff\x00\x00\xff\x00\x00\xff\x00\x00\xff\x00\x00\xff\x00\x00\xff\x00\x00\xff\x00\x00\xff\x00\x00\xff\x00\x00\xff\x00\x00\xff\x00\x00\xff\x00\x00\xff\x00\x00\xff\x00\x00\xff\x00\x00\xff\x00\x00\xff\x00\x00\xff\x00\x00\xff\x00\x00\xff\x00\x00\xff\x00\x00\xff\x00\x00\xff\x00\x00\xff\x00\x00\xff\x00\x00\xff\x00\x00\xff\x00\x00\xff\x00\x00\xff\x00\x00\xff\x00\x00\xff\x00\x00\xff\x00\x00\xff\x00\x00\xff\x00\x00\xff\x00\x00\xff\x00\x00\xff\x00\x00\xff\x00\x00\xff\x00\x00\xff\x00\x00\xff\x00\x00\xff\x00\x00\xff\x00\x00\xff\x00\x00\xff\x00\x00\xff\x00\x00\xff\x00\x00\xff\x00\x00\xff\x00\x00\xff\x00\x00\xff\x00\x00\xff\x00\x00\xff\x00\x00\xff\x00\x00\xff\x00\x00\xff\x00\x00\xff\x00\x00\xff\x00\x00\xff\x00\x00\xff\x00\x00\xff\x00\x00\xff\x00\x00\xff\x00\x00\xff\x00\x00\xff\x00\x00\xff\x00\x00\xff\x00\x00\xff\x00\x00\xff\x00\x00\xff\x00\x00\xff\x00\x00\xff\x00\x00\xff\x00\x00\xff\x00\x00\xff\x00\x00\xff\x00\x00\xff\x00\x00\xff\x00\x00\xff\x00\x00\xff\x00\x00\xff\x00\x00\xff\x00\x00\xff\x00\x00\xff\x00\x00\xff\x00\x00\xff\x00\x00\xff\x00\x00\xff\x00\x00\xff\x00\x00\xff\x00\x00\xff\x00\x00\xff\x00\x00\xff\x00\x00\xff\x00\x00\xff\x00\x00\xff\x00\x00\xff\x00\x00\xff\x00\x00\xff\x00\x00\xff\x00\x00\xff\x00\x00\xff\x00\x00\xff\x00\x00\xff\x00\x00\xff\x00\x00\xff\x00\x00\xff\x00\x00\xff\x00\x00\xff\x00\x00\xff\x00\x00\xff\x00\x00\xff\x00\x00\xff\x00\x00\xff\x00\x00\xff\x00\x00\xff\x00\x00\xff\x00\x00\xff\x00\x00\xff\x00\x00\xff\x00\x00\xff\x00\x00\xff\x00\x00\xff\x00\x00\xff\x00\x00\xff\x00\x00\xff\x00\x00\xff\x00\x00\xff\x00\x00\xff\x00\x00\xff\x00\x00\xff\x00\x00\xff\x00\x00\xff\x00\x00\xff\x00\x00\xff\x00\x00\xff\x00\x00\xff\x00\x00\xff\x00\x00\xff\x00\x00\xff\x00\x00\xff\x00\x00\xff\x00\x00\xff\x00\x00\xff\x00\x00\xff\x00\x00\xff\x00\x00\xff\x00\x00\xff\x00\x00\xff\x00\x00\xff\x00\x00\xff\x00\x00\xff\x00\x00\xff\x00\x00\xff\x00\x00\xff\x00\x00\xff\x00\x00\xff\x00\x00\xff\x00\x00\xff\x00\x00\xff\x00\x00\xff\x00\x00\xff\x00\x00\xff\x00\x00\xff\x00\x00\xff\x00\x00\xff\x00\x00\xff\x00\x00\xff\x00\x00\xff\x00\x00\xff\x00\x00\xff\x00\x00\xff\x00\x00\xff\x00\x00\xff\x00\x00\xff\x00\x00\xff\x00\x00\xff\x00\x00\xff\x00\x00\xff\x00\x00\xff\x00\x00\xff\x00\x00\xff\x00\x00\xff\x00\x00\xff\x00\x00\xff\x00\x00\xff\x00\x00\xff\x00\x00\xff\x00\x00\xff\x00\x00\xff\x00\x00\xff\x00\x00\xff\x00\x00\xff\x00\x00\xff\x00\x00\xff\x00\x00\xff\x00\x00\xff\x00\x00\xff\x00\x00\xff\x00\x00\xff\x00\x00\xff\x00\x00\xff\x00\x00\xff\x00\x00\xff\x00\x00\xff\x00\x00\xff\x00\x00\xff\x00\x00\xff\x00\x00\xff\x00\x00\xff\x00\x00\xff\x00\x00\xff\x00\x00\xff\x00\x00\xff\x00\x00\xff\x00\x00\xff\x00\x00\xff\x00\x00\xff\x00\x00\xff\x00\x00\xff\x00\x00\xff\x00\x00\xff\x00\x00\xff\x00\x00\xff\x00\x00\xff\x00\x00\xff\x00\x00\xff\x00\x00\xff\x00\x00\xff\x00\x00\xff\x00\x00\xff\x00\x00\xff\x00\x00\xff\x00\x00\xff\x00\x00\xff\x00\x00\xff\x00\x00\xff\x00\x00\xff\x00\x00\xff\x00\x00\xff\x00\x00\xff\x00\x00\xff\x00\x00\xff\x00\x00\xff\x00\x00\xff\x00\x00\xff\x00\x00\xff\x00\x00\xff\x00\x00\xff\x00\x00\xff\x00\x00\xff\x00\x00\xff\x00\x00\xff\x00\x00\xff\x00\x00\xff\x00\x00\xff\x00\x00\xff\x00\x00\xff\x00\x00\xff\x00\x00\xff\x00\x00\xff\x00\x00\xff\x00\x00\xff\x00\x00\xff\x00\x00\xff\x00\x00\xff\x00\x00\xff\x00\x00\xff\x00\x00\xff\x00\x00\xff\x00\x00\xff\x00\x00\xff\x00\x00\xff\x00\x00\xff\x00\x00\xff\x00\x00\xff\x00\x00\xff\x00\x00\xff\x00\x00\xff\x00\x00\xff\x00\x00\xff\x00\x00\xff\x00\x00\xff\x00\x00\xff\x00\x00\xff\x00\x00\xff\x00\x00\xff\x00\x00\xff\x00\x00\xff\x00\x00\xff\x00\x00\xff\x00\x00\xff\x00\x00\xff\x00\x00\xff\x00\x00\xff\x00\x00\xff\x00\x00\xff\x00\x00\xff\x00\x00\xff\x00\x00\xff\x00\x00\xff\x00\x00\xff\x00\x00\xff\x00\x00\xff\x00\x00\xff\x00\x00\xff\x00\x00\xff\x00\x00\xff\x00\x00\xff\x00\x00\xff\x00\x00\xff\x00\x00\xff\x00\x00\xff\x00\x00\xff\x00\x00\xff\x00\x00\xff\x00\x00\xff\x00\x00\xff\x00\x00\xff\x00\x00\xff\x00\x00\xff\x00\x00\xff\x00\x00\xff\x00\x00\xff\x00\x00\xff\x00\x00\xff\x00\x00\xff\x00\x00\xff\x00\x00\xff\x00\x00\xff\x00\x00\xff\x00\x00\xff\x00\x00\xff\x00\x00\xff\x00\x00\xff\x00\x00\xff\x00\x00\xff\x00\x00\xff\x00\x00\xff\x00\x00\xff\x00\x00\xff\x00\x00\xff\x00\x00\xff\x00\x00\xff\x00\x00\xff\x00\x00\xff\x00\x00\xff\x00\x00\xff\x00\x00\xff\x00\x00\xff\x00\x00\xff\x00\x00\xff\x00\x00\xff\x00\x00\xff\x00\x00\xff\x00\x00\xff\x00\x00\xff\x00\x00\xff\x00\x00\xff\x00\x00\xff\x00\x00\xff\x00\x00\xff\x00\x00\xff\x00\x00\xff\x00\x00\xff\x00\x00\xff\x00\x00\xff\x00\x00\xff\x00\x00\xff\x00\x00\xff\x00\x00\xff\x00\x00\xff\x00\x00\xff\x00\x00\xff\x00\x00\xff\x00\x00\xff\x00\x00\xff\x00\x00\xff\x00\x00\xff\x00\x00\xff\x00\x00\xff\x00\x00\xff\x00\x00\xff\x00\x00\xff\x00\x00\xff\x00\x00\xff\x00\x00\xff\x00\x00\xff\x00\x00\xff\x00\x00\xff\x00\x00\xff\x00\x00\xff\x00\x00\xff\x00\x00\xff\x00\x00\xff\x00\x00\xff\x00\x00\xff\x00\x00\xff\x00\x00\xff\x00\x00\xff\x00\x00\xff\x00\x00\xff\x00\x00\xff\x00\x00\xff\x00\x00\xff\x00\x00\xff\x00\x00\xff\x00\x00\xff\x00\x00\xff\x00\x00\xff\x00\x00\xff\x00\x00\xff\x00\x00\xff\x00\x00\xff\x00\x00\xff\x00\x00\xff\x00\x00\xff\x00\x00\xff\x00\x00\xff\x00\x00\xff\x00\x00\xff\x00\x00\xff\x00\x00\xff\x00\x00\xff\x00\x00\xff\x00\x00\xff\x00\x00\xff\x00\x00\xff\x00\x00\xff\x00\x00\xff\x00\x00\xff\x00\x00\xff\x00\x00\xff\x00\x00\xff\x00\x00\xff\x00\x00\xff\x00\x00\xff\x00\x00\xff\x00\x00\xff\x00\x00\xff\x00\x00\xff\x00\x00\xff\x00\x00\xff\x00\x00\xff\x00\x00\xff\x00\x00\xff\x00\x00\xff\x00\x00\xff\x00\x00\xff\x00\x00\xff\x00\x00\xff\x00\x00\xff\x00\x00\xff\x00\x00\xff\x00\x00\xff\x00\x00\xff\x00\x00\xff\x00\x00\xff\x00\x00\xff\x00\x00\xff\x00\x00\xff\x00\x00\xff\x00\x00\xff\x00\x00\xff\x00\x00\xff\x00\x00\xff\x00\x00\xff\x00\x00\xff\x00\x00\xff\x00\x00\xff\x00\x00\xff\x00\x00\xff\x00\x00\xff\x00\x00\xff\x00\x00\xff\x00\x00\xff\x00\x00\xff\x00\x00\xff\x00\x00\xff\x00\x00\xff\x00\x00\xff\x00\x00\xff\x00\x00\xff\x00\x00\xff\x00\x00\xff\x00\x00\xff\x00\x00\xff\x00\x00\xff\x00\x00\xff\x00\x00\xff\x00\x00\xff\x00\x00\xff\x00\x00\xff\x00\x00\xff\x00\x00\xff\x00\x00\xff\x00\x00\xff\x00\x00\xff\x00\x00\xff\x00\x00\xff\x00\x00\xff\x00\x00\xff\x00\x00\xff\x00\x00\xff\x00\x00\xff\x00\x00\xff\x00\x00\xff\x00\x00\xff\x00\x00\xff\x00\x00\xff\x00\x00\xff\x00\x00\xff\x00\x00\xff\x00\x00\xff\x00\x00\xff\x00\x00\xff\x00\x00\xff\x00\x00\xff\x00\x00\xff\x00\x00\xff\x00\x00\xff\x00\x00\xff\x00\x00\xff\x00\x00\xff\x00\x00\xff\x00\x00\xff\x00\x00\xff\x00\x00\xff\x00\x00\xff\x00\x00\xff\x00\x00\xff\x00\x00\xff\x00\x00\xff\x00\x00\xff\x00\x00\xff\x00\x00\xff\x00\x00\xff\x00\x00\xff\x00\x00\xff\x00\x00\xff\x00\x00\xff\x00\x00\xff\x00\x00\xff\x00\x00\xff\x00\x00\xff\x00\x00\xff\x00\x00\xff\x00\x00\xff\x00\x00\xff\x00\x00\xff\x00\x00\xff\x00\x00\xff\x00\x00\xff\x00\x00\xff\x00\x00\xff\x00\x00\xff\x00\x00\xff\x00\x00\xff\x00\x00\xff\x00\x00\xff\x00\x00\xff\x00\x00\xff\x00\x00\xff\x00\x00\xff\x00\x00\xff\x00\x00\xff\x00\x00\xff\x00\x00\xff\x00\x00\xff\x00\x00\xff\x00\x00\xff\x00\x00\xff\x00\x00\xff\x00\x00\xff\x00\x00\xff\x00\x00\xff\x00\x00\xff\x00\x00\xff\x00\x00\xff\x00\x00\xff\x00\x00\xff\x00\x00\xff\x00\x00\xff\x00\x00\xff\x00\x00\xff\x00\x00\xff\x00\x00\xff\x00\x00\xff\x00\x00\xff\x00\x00\xff\x00\x00\xff\x00\x00\xff\x00\x00\xff\x00\x00\xff\x00\x00\xff\x00\x00\xff\x00\x00\xff\x00\x00\xff\x00\x00\xff\x00\x00\xff\x00\x00\xff\x00\x00\xff\x00\x00\xff\x00\x00\xff\x00\x00\xff\x00\x00\xff\x00\x00\xff\x00\x00\xff\x00\x00\xff\x00\x00\xff\x00\x00\xff\x00\x00\xff\x00\x00\xff\x00\x00\xff\x00\x00\xff\x00\x00\xff\x00\x00\xff\x00\x00\xff\x00\x00\xff\x00\x00\xff\x00\x00\xff\x00\x00\xff\x00\x00\xff\x00\x00\xff\x00\x00\xff\x00\x00\xff\x00\x00\xff\x00\x00\xff\x00\x00\xff\x00\x00\xff\x00\x00\xff\x00\x00\xff\x00\x00\xff\x00\x00\xff\x00\x00\xff\x00\x00\xff\x00\x00\xff\x00\x00\xff\x00\x00\xff\x00\x00\xff\x00\x00\xff\x00\x00\xff\x00\x00\xff\x00\x00\xff\x00\x00\xff\x00\x00\xff\x00\x00\xff\x00\x00\xff\x00\x00\xff\x00\x00\xff\x00\x00\xff\x00\x00\xff\x00\x00\xff\x00\x00\xff\x00\x00\xff\x00\x00\xff\x00\x00\xff\x00\x00\xff\x00\x00\xff\x00\x00\xff\x00\x00\xff\x00\x00\xff\x00\x00\xff\x00\x00\xff\x00\x00\xff\x00\x00\xff\x00\x00\xff\x00\x00\xff\x00\x00\xff\x00\x00\xff\x00\x00\xff\x00\x00\xff\x00\x00\xff\x00\x00\xff\x00\x00\xff\x00\x00\xff\x00\x00\xff\x00\x00\xff\x00\x00\xff\x00\x00\xff\x00\x00\xff\x00\x00\xff\x00\x00\xff\x00\x00\xff\x00\x00\xff\x00\x00\xff\x00\x00\xff\x00\x00\xff\x00\x00\xff\x00\x00\xff\x00\x00\xff\x00\x00\xff\x00\x00\xff\x00\x00\xff\x00\x00\xff\x00\x00\xff\x00\x00\xff\x00\x00\xff\x00\x00\xff\x00\x00\xff\x00\x00\xff\x00\x00\xff\x00\x00\xff\x00\x00\xff\x00\x00\xff\x00\x00\xff\x00\x00\xff\x00\x00\xff\x00\x00\xff\x00\x00\xff\x00\x00\xff\x00\x00\xff\x00\x00\xff\x00\x00\xff\x00\x00\xff\x00\x00\xff\x00\x00\xff\x00\x00\xff\x00\x00\xff\x00\x00\xff\x00\x00\xff\x00\x00\xff\x00\x00\xff\x00\x00\xff\x00\x00\xff\x00\x00\xff\x00\x00\xff\x00\x00\xff\x00\x00\xff\x00\x00\xff\x00\x00\xff\x00\x00\xff\x00\x00\xff\x00\x00\xff\x00\x00\xff\x00\x00\xff\x00\x00\xff\x00\x00\xff\x00\x00\xff\x00\x00\xff\x00\x00\xff\x00\x00\xff\x00\x00\xff\x00\x00\xff\x00\x00\xff\x00\x00\xff\x00\x00\xff\x00\x00\xff\x00\x00\xff\x00\x00\xff\x00\x00\xff\x00\x00\xff\x00\x00\xff\x00\x00\xff\x00\x00\xff\x00\x00\xff\x00\x00\xff\x00\x00\xff\x00\x00\xff\x00\x00\xff\x00\x00\xff\x00\x00\xff\x00\x00\xff\x00\x00\xff\x00\x00\xff\x00\x00\xff\x00\x00\xff\x00\x00\xff\x00\x00\xff\x00\x00\xff\x00\x00\xff\x00\x00\xff\x00\x00\xff\x00\x00\xff\x00\x00\xff\x00\x00\xff\x00\x00\xff\x00\x00\xff\x00\x00\xff\x00\x00\xff\x00\x00\xff\x00\x00\xff\x00\x00\xff\x00\x00\xff\x00\x00\xff\x00\x00\xff\x00\x00\xff\x00\x00\xff\x00\x00\xff\x00\x00\xff\x00\x00\xff\x00\x00\xff\x00\x00\xff\x00\x00\xff\x00\x00\xff\x00\x00\xff\x00\x00\xff\x00\x00\xff\x00\x00\xff\x00\x00\xff\x00\x00\xff\x00\x00\xff\x00\x00\xff\x00\x00\xff\x00\x00\xff\x00\x00\xff\x00\x00\xff\x00\x00\xff\x00\x00\xff\x00\x00\xff\x00\x00\xff\x00\x00\xff\x00\x00\xff\x00\x00\xff\x00\x00\xff\x00\x00\xff\x00\x00\xff\x00\x00\xff\x00\x00\xff\x00\x00\xff\x00\x00\xff\x00\x00\xff\x00\x00\xff\x00\x00\xff\x00\x00\xff\x00\x00\xff\x00\x00\xff\x00\x00\xff\x00\x00\xff\x00\x00\xff\x00\x00\xff\x00\x00\xff\x00\x00\xff\x00\x00\xff\x00\x00\xff\x00\x00\xff\x00\x00\xff\x00\x00\xff\x00\x00\xff\x00\x00\xff\x00\x00\xff\x00\x00\xff\x00\x00\xff\x00\x00\xff\x00\x00\xff\x00\x00\xff\x00\x00\xff\x00\x00\xff\x00\x00\xff\x00\x00\xff\x00\x00\xff\x00\x00\xff\x00\x00\xff\x00\x00\xff\x00\x00\xff\x00\x00\xff\x00\x00\xff\x00\x00\xff\x00\x00\xff\x00\x00\xff\x00\x00\xff\x00\x00\xff\x00\x00\xff\x00\x00\xff\x00\x00\xff\x00\x00\xff\x00\x00\xff\x00\x00\xff\x00\x00\xff\x00\x00\xff\x00\x00\xff\x00\x00\xff\x00\x00\xff\x00\x00\xff\x00\x00\xff\x00\x00\xff\x00\x00\xff\x00\x00\xff\x00\x00\xff\x00\x00\xff\x00\x00\xff\x00\x00\xff\x00\x00\xff\x00\x00\xff\x00\x00\xff\x00\x00\xff\x00\x00\xff\x00\x00\xff\x00\x00\xff\x00\x00\xff\x00\x00\xff\x00\x00\xff\x00\x00\xff\x00\x00\xff\x00\x00\xff\x00\x00\xff\x00\x00\xff\x00\x00\xff\x00\x00\xff\x00\x00\xff\x00\x00\xff\x00\x00\xff\x00\x00\xff\x00\x00\xff\x00\x00\xff\x00\x00\xff\x00\x00\xff\x00\x00\xff\x00\x00\xff\x00\x00\xff\x00\x00\xff\x00\x00\xff\x00\x00\xff\x00\x00\xff\x00\x00\xff\x00\x00\xff\x00\x00\xff\x00\x00\xff\x00\x00\xff\x00\x00\xff\x00\x00\xff\x00\x00\xff\x00\x00\xff\x00\x00\xff\x00\x00\xff\x00\x00\xff\x00\x00\xff\x00\x00\xff\x00\x00\xff\x00\x00\xff\x00\x00\xff\x00\x00\xff\x00\x00\xff\x00\x00\xff\x00\x00\xff\x00\x00\xff\x00\x00\xff\x00\x00\xff\x00\x00\xff\x00\x00\xff\x00\x00\xff\x00\x00\xff\x00\x00\xff\x00\x00\xff\x00\x00\xff\x00\x00\xff\x00\x00\xff\x00\x00\xff\x00\x00\xff\x00\x00\xff\x00\x00\xff\x00\x00\xff\x00\x00\xff\x00\x00\xff\x00\x00\xff\x00\x00\xff\x00\x00\xff\x00\x00\xff\x00\x00\xff\x00\x00\xff\x00\x00\xff\x00\x00\xff\x00\x00\xff\x00\x00\xff\x00\x00\xff\x00\x00\xff\x00\x00\xff\x00\x00\xff\x00\x00\xff\x00\x00\xff\x00\x00\xff\x00\x00\xff\x00\x00\xff\x00\x00\xff\x00\x00\xff\x00\x00\xff\x00\x00\xff\x00\x00\xff\x00\x00\xff\x00\x00\xff\x00\x00\xff\x00\x00\xff\x00\x00\xff\x00\x00\xff\x00\x00\xff\x00\x00\xff\x00\x00\xff\x00\x00\xff\x00\x00\xff\x00\x00\xff\x00\x00\xff\x00\x00\xff\x00\x00\xff\x00\x00\xff\x00\x00\xff\x00\x00\xff\x00\x00\xff\x00\x00\xff\x00\x00\xff\x00\x00\xff\x00\x00\xff\x00\x00\xff\x00\x00\xff\x00\x00\xff\x00\x00\xff\x00\x00\xff\x00\x00\xff\x00\x00\xff\x00\x00\xff\x00\x00\xff\x00\x00\xff\x00\x00\xff\x00\x00\xff\x00\x00\xff\x00\x00\xff\x00\x00\xff\x00\x00\xff\x00\x00\xff\x00\x00\xff\x00\x00\xff\x00\x00\xff\x00\x00\xff\x00\x00\xff\x00\x00\xff\x00\x00\xff\x00\x00\xff\x00\x00\xff\x00\x00\xff\x00\x00\xff\x00\x00\xff\x00\x00\xff\x00\x00\xff\x00\x00\xff\x00\x00\xff\x00\x00\xff\x00\x00\xff\x00\x00\xff\x00\x00\xff\x00\x00\xff\x00\x00\xff\x00\x00\xff\x00\x00\xff\x00\x00\xff\x00\x00\xff\x00\x00\xff\x00\x00\xff\x00\x00\xff\x00\x00\xff\x00\x00\xff\x00\x00\xff\x00\x00\xff\x00\x00\xff\x00\x00\xff\x00\x00\xff\x00\x00\xff\x00\x00\xff\x00\x00\xff\x00\x00\xff\x00\x00\xff\x00\x00\xff\x00\x00\xff\x00\x00\xff\x00\x00\xff\x00\x00\xff\x00\x00\xff\x00\x00\xff\x00\x00\xff\x00\x00\xff\x00\x00\xff\x00\x00\xff\x00\x00\xff\x00\x00\xff\x00\x00\xff\x00\x00\xff\x00\x00\xff\x00\x00\xff\x00\x00\xff\x00\x00\xff\x00\x00\xff\x00\x00\xff\x00\x00\xff\x00\x00\xff\x00\x00\xff\x00\x00\xff\x00\x00\xff\x00\x00\xff\x00\x00\xff\x00\x00\xff\x00\x00\xff\x00\x00\xff\x00\x00\xff\x00\x00\xff\x00\x00\xff\x00\x00\xff\x00\x00\xff\x00\x00\xff\x00\x00\xff\x00\x00\xff\x00\x00\xff\x00\x00\xff\x00\x00\xff\x00\x00\xff\x00\x00\xff\x00\x00\xff\x00\x00\xff\x00\x00\xff\x00\x00\xff\x00\x00\xff\x00\x00\xff\x00\x00\xff\x00\x00\xff\x00\x00\xff\x00\x00\xff\x00\x00\xff\x00\x00\xff\x00\x00\xff\x00\x00\xff\x00\x00\xff\x00\x00\xff\x00\x00\xff\x00\x00\xff\x00\x00\xff\x00\x00\xff\x00\x00\xff\x00\x00\xff\x00\x00\xff\x00\x00\xff\x00\x00\xff\x00\x00\xff\x00\x00\xff\x00\x00\xff\x00\x00\xff\x00\x00\xff\x00\x00\xff\x00\x00\xff\x00\x00\xff\x00\x00\xff\x00\x00\xff\x00\x00\xff\x00\x00\xff\x00\x00\xff\x00\x00\xff\x00\x00\xff\x00\x00\xff\x00\x00\xff\x00\x00\xff\x00\x00\xff\x00\x00\xff\x00\x00\xff\x00\x00\xff\x00\x00\xff\x00\x00\xff\x00\x00\xff\x00\x00\xff\x00\x00\xff\x00\x00\xff\x00\x00\xff\x00\x00\xff\x00\x00\xff\x00\x00\xff\x00\x00\xff\x00\x00\xff\x00\x00\xff\x00\x00\xff\x00\x00\xff\x00\x00\xff\x00\x00\xff\x00\x00\xff\x00\x00\xff\x00\x00\xff\x00\x00\xff\x00\x00\xff\x00\x00\xff\x00\x00\xff\x00\x00\xff\x00\x00\xff\x00\x00\xff\x00\x00\xff\x00\x00\xff\x00\x00\xff\x00\x00\xff\x00\x00\xff\x00\x00\xff\x00\x00\xff\x00\x00\xff\x00\x00\xff\x00\x00\xff\x00\x00\xff\x00\x00\xff\x00\x00\xff\x00\x00\xff\x00\x00\xff\x00\x00\xff\x00\x00\xff\x00\x00\xff\x00\x00\xff\x00\x00\xff\x00\x00\xff\x00\x00\xff\x00\x00\xff\x00\x00\xff\x00\x00\xff\x00\x00\xff\x00\x00\xff\x00\x00\xff\x00\x00\xff\x00\x00\xff\x00\x00\xff\x00\x00\xff\x00\x00\xff\x00\x00\xff\x00\x00\xff\x00\x00\xff\x00\x00\xff\x00\x00\xff\x00\x00\xff\x00\x00\xff\x00\x00\xff\x00\x00\xff\x00\x00\xff\x00\x00\xff\x00\x00\xff\x00\x00\xff\x00\x00\xff\x00\x00\xff\x00\x00\xff\x00\x00\xff\x00\x00\xff\x00\x00\xff\x00\x00\xff\x00\x00\xff\x00\x00\xff\x00\x00\xff\x00\x00\xff\x00\x00\xff\x00\x00\xff\x00\x00\xff\x00\x00\xff\x00\x00\xff\x00\x00\xff\x00\x00\xff\x00\x00\xff\x00\x00\xff\x00\x00\xff\x00\x00\xff\x00\x00\xff\x00\x00\xff\x00\x00\xff\x00\x00\xff\x00\x00\xff\x00\x00\xff\x00\x00\xff\x00\x00\xff\x00\x00\xff\x00\x00\xff\x00\x00\xff\x00\x00\xff\x00\x00\xff\x00\x00\xff\x00\x00\xff\x00\x00\xff\x00\x00\xff\x00\x00\xff\x00\x00\xff\x00\x00\xff\x00\x00\xff\x00\x00\xff\x00\x00\xff\x00\x00\xff\x00\x00\xff\x00\x00\xff\x00\x00\xff\x00\x00\xff\x00\x00\xff\x00\x00\xff\x00\x00\xff\x00\x00\xff\x00\x00\xff\x00\x00\xff\x00\x00\xff\x00\x00\xff\x00\x00\xff\x00\x00\xff\x00\x00\xff\x00\x00\xff\x00\x00\xff\x00\x00\xff\x00\x00\xff\x00\x00\xff\x00\x00\xff\x00\x00\xff\x00\x00\xff\x00\x00\xff\x00\x00\xff\x00\x00\xff\x00\x00\xff\x00\x00\xff\x00\x00\xff\x00\x00\xff\x00\x00\xff\x00\x00\xff\x00\x00\xff\x00\x00\xff\x00\x00\xff\x00\x00\xff\x00\x00\xff\x00\x00\xff\x00\x00\xff\x00\x00\xff\x00\x00\xff\x00\x00\xff\x00\x00\xff\x00\x00\xff\x00\x00\xff\x00\x00\xff\x00\x00\xff\x00\x00\xff\x00\x00\xff\x00\x00\xff\x00\x00\xff\x00\x00\xff\x00\x00\xff\x00\x00\xff\x00\x00\xff\x00\x00\xff\x00\x00\xff\x00\x00\xff\x00\x00\xff\x00\x00\xff\x00\x00\xff\x00\x00\xff\x00\x00\xff\x00\x00\xff\x00\x00\xff\x00\x00\xff\x00\x00\xff\x00\x00\xff\x00\x00\xff\x00\x00\xff\x00\x00\xff\x00\x00\xff\x00\x00\xff\x00\x00\xff\x00\x00\xff\x00\x00\xff\x00\x00\xff\x00\x00\xff\x00\x00\xff\x00\x00\xff\x00\x00\xff\x00\x00\xff\x00\x00\xff\x00\x00\xff\x00\x00\xff\x00\x00\xff\x00\x00\xff\x00\x00\xff\x00\x00\xff\x00\x00\xff\x00\x00\xff\x00\x00\xff\x00\x00\xff\x00\x00\xff\x00\x00\xff\x00\x00\xff\x00\x00\xff\x00\x00\xff\x00\x00\xff\x00\x00\xff\x00\x00\xff\x00\x00\xff\x00\x00\xff\x00\x00\xff\x00\x00\xff\x00\x00\xff\x00\x00\xff\x00\x00\xff\x00\x00\xff\x00\x00\xff\x00\x00\xff\x00\x00\xff\x00\x00\xff\x00\x00\xff\x00\x00\xff\x00\x00\xff\x00\x00\xff\x00\x00\xff\x00\x00\xff\x00\x00\xff\x00\x00\xff\x00\x00\xff\x00\x00\xff\x00\x00\xff\x00\x00\xff\x00\x00\xff\x00\x00\xff\x00\x00\xff\x00\x00\xff\x00\x00\xff\x00\x00\xff\x00\x00\xff\x00\x00\xff\x00\x00\xff\x00\x00\xff\x00\x00\xff\x00\x00\xff\x00\x00\xff\x00\x00\xff\x00\x00\xff\x00\x00\xff\x00\x00\xff\x00\x00\xff\x00\x00\xff\x00\x00\xff\x00\x00\xff\x00\x00\xff\x00\x00\xff\x00\x00\xff\x00\x00\xff\x00\x00\xff\x00\x00\xff\x00\x00\xff\x00\x00\xff\x00\x00\xff\x00\x00\xff\x00\x00\xff\x00\x00\xff\x00\x00\xff\x00\x00\xff\x00\x00\xff\x00\x00\xff\x00\x00\xff\x00\x00\xff\x00\x00\xff\x00\x00\xff\x00\x00\xff\x00\x00\xff\x00\x00\xff\x00\x00\xff\x00\x00\xff\x00\x00\xff\x00\x00\xff\x00\x00\xff\x00\x00\xff\x00\x00\xff\x00\x00\xff\x00\x00\xff\x00\x00\xff\x00\x00\xff\x00\x00\xff\x00\x00\xff\x00\x00\xff\x00\x00\xff\x00\x00\xff\x00\x00\xff\x00\x00\xff\x00\x00\xff\x00\x00\xff\x00\x00\xff\x00\x00\xff\x00\x00\xff\x00\x00\xff\x00\x00\xff\x00\x00\xff\x00\x00\xff\x00\x00\xff\x00\x00\xff\x00\x00\xff\x00\x00\xff\x00\x00\xff\x00\x00\xff\x00\x00\xff\x00\x00\xff\x00\x00\xff\x00\x00\xff\x00\x00\xff\x00\x00\xff\x00\x00\xff\x00\x00\xff\x00\x00\xff\x00\x00\xff\x00\x00\xff\x00\x00\xff\x00\x00\xff\x00\x00\xff\x00\x00\xff\x00\x00\xff\x00\x00\xff\x00\x00\xff\x00\x00\xff\x00\x00\xff\x00\x00\xff\x00\x00\xff\x00\x00\xff\x00\x00\xff\x00\x00\xff\x00\x00\xff\x00\x00\xff\x00\x00\xff\x00\x00\xff\x00\x00\xff\x00\x00\xff\x00\x00\xff\x00\x00\xff\x00\x00\xff\x00\x00\xff\x00\x00\xff\x00\x00\xff\x00\x00\xff\x00\x00\xff\x00\x00\xff\x00\x00\xff\x00\x00\xff\x00\x00\xff\x00\x00\xff\x00\x00\xff\x00\x00\xff\x00\x00\xff\x00\x00\xff\x00\x00\xff\x00\x00\xff\x00\x00\xff\x00\x00\xff\x00\x00\xff\x00\x00\xff\x00\x00\xff\x00\x00\xff\x00\x00\xff\x00\x00\xff\x00\x00\xff\x00\x00\xff\x00\x00\xff\x00\x00\xff\x00\x00\xff\x00\x00\xff\x00\x00\xff\x00\x00\xff\x00\x00\xff\x00\x00\xff\x00\x00\xff\x00\x00\xff\x00\x00\xff\x00\x00\xff\x00\x00\xff\x00\x00\xff\x00\x00\xff\x00\x00\xff\x00\x00\xff\x00\x00\xff\x00\x00\xff\x00\x00\xff\x00\x00\xff\x00\x00\xff\x00\x00\xff\x00\x00\xff\x00\x00\xff\x00\x00\xff\x00\x00\xff\x00\x00\xff\x00\x00\xff\x00\x00\xff\x00\x00\xff\x00\x00\xff\x00\x00\xff\x00\x00\xff\x00\x00\xff\x00\x00\xff\x00\x00\xff\x00\x00\xff\x00\x00\xff\x00\x00\xff\x00\x00\xff\x00\x00\xff\x00\x00\xff\x00\x00\xff\x00\x00\xff\x00\x00\xff\x00\x00\xff\x00\x00\xff\x00\x00\xff\x00\x00\xff\x00\x00\xff\x00\x00\xff\x00\x00\xff\x00\x00\xff\x00\x00\xff\x00\x00\xff\x00\x00\xff\x00\x00\xff\x00\x00\xff\x00\x00\xff\x00\x00\xff\x00\x00\xff\x00\x00\xff\x00\x00\xff\x00\x00\xff\x00\x00\xff\x00\x00\xff\x00\x00\xff\x00\x00\xff\x00\x00\xff\x00\x00\xff\x00\x00\xff\x00\x00\xff\x00\x00\xff\x00\x00\xff\x00\x00\xff\x00\x00\xff\x00\x00\xff\x00\x00\xff\x00\x00\xff\x00\x00\xff\x00\x00\xff\x00\x00\xff\x00\x00\xff\x00\x00\xff\x00\x00\xff\x00\x00\xff\x00\x00\xff\x00\x00\xff\x00\x00\xff\x00\x00\xff\x00\x00\xff\x00\x00\xff\x00\x00\xff\x00\x00\xff\x00\x00\xff\x00\x00\xff\x00\x00\xff\x00\x00\xff\x00\x00\xff\x00\x00\xff\x00\x00\xff\x00\x00\xff\x00\x00\xff\x00\x00\xff\x00\x00\xff\x00\x00\xff\x00\x00\xff\x00\x00\xff\x00\x00\xff\x00\x00\xff\x00\x00\xff\x00\x00\xff\x00\x00\xff\x00\x00\xff\x00\x00\xff\x00\x00\xff\x00\x00\xff\x00\x00\xff\x00\x00\xff\x00\x00\xff\x00\x00\xff\x00\x00\xff\x00\x00\xff\x00\x00\xff\x00\x00\xff\x00\x00\xff\x00\x00\xff\x00\x00\xff\x00\x00\xff\x00\x00\xff\x00\x00\xff\x00\x00\xff\x00\x00\xff\x00\x00\xff\x00\x00\xff\x00\x00\xff\x00\x00\xff\x00\x00\xff\x00\x00\xff\x00\x00\xff\x00\x00\xff\x00\x00\xff\x00\x00\xff\x00\x00\xff\x00\x00\xff\x00\x00\xff\x00\x00\xff\x00\x00\xff\x00\x00\xff\x00\x00\xff\x00\x00\xff\x00\x00\xff\x00\x00\xff\x00\x00\xff\x00\x00\xff\x00\x00\xff\x00\x00\xff\x00\x00\xff\x00\x00\xff\x00\x00\xff\x00\x00\xff\x00\x00\xff\x00\x00\xff\x00\x00\xff\x00\x00\xff\x00\x00\xff\x00\x00\xff\x00\x00\xff\x00\x00\xff\x00\x00\xff\x00\x00\xff\x00\x00\xff\x00\x00\xff\x00\x00\xff\x00\x00\xff\x00\x00\xff\x00\x00\xff\x00\x00\xff\x00\x00\xff\x00\x00\xff\x00\x00\xff\x00\x00\xff\x00\x00\xff\x00\x00\xff\x00\x00\xff\x00\x00\xff\x00\x00\xff\x00\x00\xff\x00\x00\xff\x00\x00\xff\x00\x00\xff\x00\x00\xff\x00\x00\xff\x00\x00\xff\x00\x00\xff\x00\x00\xff\x00\x00\xff\x00\x00\xff\x00\x00\xff\x00\x00\xff\x00\x00\xff\x00\x00\xff\x00\x00\xff\x00\x00\xff\x00\x00\xff\x00\x00\xff\x00\x00\xff\x00\x00\xff\x00\x00\xff\x00\x00\xff\x00\x00\xff\x00\x00\xff\x00\x00\xff\x00\x00\xff\x00\x00\xff\x00\x00\xff\x00\x00\xff\x00\x00\xff\x00\x00\xff\x00\x00\xff\x00\x00\xff\x00\x00\xff\x00\x00\xff\x00\x00\xff\x00\x00\xff\x00\x00\xff\x00\x00\xff\x00\x00\xff\x00\x00\xff\x00\x00\xff\x00\x00\xff\x00\x00\xff\x00\x00\xff\x00\x00\xff\x00\x00\xff\x00\x00\xff\x00\x00\xff\x00\x00\xff\x00\x00\xff\x00\x00\xff\x00\x00\xff\x00\x00\xff\x00\x00\xff\x00\x00\xff\x00\x00\xff\x00\x00\xff\x00\x00\xff\x00\x00\xff\x00\x00\xff\x00\x00\xff\x00\x00\xff\x00\x00\xff\x00\x00\xff\x00\x00\xff\x00\x00\xff\x00\x00\xff\x00\x00\xff\x00\x00\xff\x00\x00\xff\x00\x00\xff\x00\x00\xff\x00\x00\xff\x00\x00\xff\x00\x00\xff\x00\x00\xff\x00\x00\xff\x00\x00\xff\x00\x00\xff\x00\x00\xff\x00\x00\xff\x00\x00\xff\x00\x00\xff\x00\x00\xff\x00\x00\xff\x00\x00\xff\x00\x00\xff\x00\x00\xff\x00\x00\xff\x00\x00\xff\x00\x00\xff\x00\x00\xff\x00\x00\xff\x00\x00\xff\x00\x00\xff\x00\x00\xff\x00\x00\xff\x00\x00\xff\x00\x00\xff\x00\x00\xff\x00\x00\xff\x00\x00\xff\x00\x00\xff\x00\x00\xff\x00\x00\xff\x00\x00\xff\x00\x00\xff\x00\x00\xff\x00\x00\xff\x00\x00\xff\x00\x00\xff\x00\x00\xff\x00\x00\xff\x00\x00\xff\x00\x00\xff\x00\x00\xff\x00\x00\xff\x00\x00\xff\x00\x00\xff\x00\x00\xff\x00\x00\xff\x00\x00\xff\x00\x00\xff\x00\x00\xff\x00\x00\xff\x00\x00\xff\x00\x00\xff\x00\x00\xff\x00\x00\xff\x00\x00\xff\x00\x00\xff\x00\x00\xff\x00\x00\xff\x00\x00\xff\x00\x00\xff\x00\x00\xff\x00\x00\xff\x00\x00\xff\x00\x00\xff\x00\x00\xff\x00\x00\xff\x00\x00\xff\x00\x00\xff\x00\x00\xff\x00\x00\xff\x00\x00\xff\x00\x00\xff\x00\x00\xff\x00\x00\xff\x00\x00\xff\x00\x00\xff\x00\x00\xff\x00\x00\xff\x00\x00\xff\x00\x00\xff\x00\x00\xff\x00\x00\xff\x00\x00\xff\x00\x00\xff\x00\x00\xff\x00\x00\xff\x00\x00\xff\x00\x00\xff\x00\x00\xff\x00\x00\xff\x00\x00\xff\x00\x00\xff\x00\x00\xff\x00\x00\xff\x00\x00\xff\x00\x00\xff\x00\x00\xff\x00\x00\xff\x00\x00\xff\x00\x00\xff\x00\x00\xff\x00\x00\xff\x00\x00\xff\x00\x00\xff\x00\x00\xff\x00\x00\xff\x00\x00\xff\x00\x00\xff\x00\x00\xff\x00\x00\xff\x00\x00\xff\x00\x00\xff\x00\x00\xff\x00\x00\xff\x00\x00\xff\x00\x00\xff\x00\x00\xff\x00\x00\xff\x00\x00\xff\x00\x00\xff\x00\x00\xff\x00\x00\xff\x00\x00\xff\x00\x00\xff\x00\x00\xff\x00\x00\xff\x00\x00\xff\x00\x00\xff\x00\x00\xff\x00\x00\xff\x00\x00\xff\x00\x00\xff\x00\x00\xff\x00\x00\xff\x00\x00\xff\x00\x00\xff\x00\x00\xff\x00\x00\xff\x00\x00\xff\x00\x00\xff\x00\x00\xff\x00\x00\xff\x00\x00\xff\x00\x00\xff\x00\x00\xff\x00\x00\xff\x00\x00\xff\x00\x00\xff\x00\x00\xff\x00\x00\xff\x00\x00\xff\x00\x00\xff\x00\x00\xff\x00\x00\xff\x00\x00\xff\x00\x00\xff\x00\x00\xff\x00\x00\xff\x00\x00\xff\x00\x00\xff\x00\x00\xff\x00\x00\xff\x00\x00\xff\x00\x00\xff\x00\x00\xff\x00\x00\xff\x00\x00\xff\x00\x00\xff\x00\x00\xff\x00\x00\xff\x00\x00\xff\x00\x00\xff\x00\x00\xff\x00\x00\xff\x00\x00\xff\x00\x00\xff\x00\x00\xff\x00\x00\xff\x00\x00\xff\x00\x00\xff\x00\x00\xff\x00\x00\xff\x00\x00\xff\x00\x00\xff\x00\x00\xff\x00\x00\xff\x00\x00\xff\x00\x00\xff\x00\x00\xff\x00\x00\xff\x00\x00\xff\x00\x00\xff\x00\x00\xff\x00\x00\xff\x00\x00\xff\x00\x00\xff\x00\x00\xff\x00\x00\xff\x00\x00\xff\x00\x00\xff\x00\x00\xff\x00\x00\xff\x00\x00\xff\x00\x00\xff\x00\x00\xff\x00\x00\xff\x00\x00\xff\x00\x00\xff\x00\x00\xff\x00\x00\xff\x00\x00\xff\x00\x00\xff\x00\x00\xff\x00\x00\xff\x00\x00\xff\x00\x00\xff\x00\x00\xff\x00\x00\xff\x00\x00\xff\x00\x00\xff\x00\x00\xff\x00\x00\xff\x00\x00\xff\x00\x00\xff\x00\x00\xff\x00\x00\xff\x00\x00\xff\x00\x00\xff\x00\x00\xff\x00\x00\xff\x00\x00\xff\x00\x00\xff\x00\x00\xff\x00\x00\xff\x00\x00\xff\x00\x00\xff\x00\x00\xff\x00\x00\xff\x00\x00\xff\x00\x00\xff\x00\x00\xff\x00\x00\xff\x00\x00\xff\x00\x00\xff\x00\x00\xff\x00\x00\xff\x00\x00\xff\x00\x00\xff\x00\x00\xff\x00\x00\xff\x00\x00\xff\x00\x00\xff\x00\x00\xff\x00\x00\xff\x00\x00\xff\x00\x00\xff\x00\x00\xff\x00\x00\xff\x00\x00\xff\x00\x00\xff\x00\x00\xff\x00\x00\xff\x00\x00\xff\x00\x00\xff\x00\x00\xff\x00\x00\xff\x00\x00\xff\x00\x00\xff\x00\x00\xff\x00\x00\xff\x00\x00\xff\x00\x00\xff\x00\x00\xff\x00\x00\xff\x00\x00\xff\x00\x00\xff\x00\x00\xff\x00\x00\xff\x00\x00\xff\x00\x00\xff\x00\x00\xff\x00\x00\xff\x00\x00\xff\x00\x00\xff\x00\x00\xff\x00\x00\xff\x00\x00\xff\x00\x00\xff\x00\x00\xff\x00\x00\xff\x00\x00\xff\x00\x00\xff\x00\x00\xff\x00\x00\xff\x00\x00\xff\x00\x00\xff\x00\x00\xff\x00\x00\xff\x00\x00\xff\x00\x00\xff\x00\x00\xff\x00\x00\xff\x00\x00\xff\x00\x00\xff\x00\x00\xff\x00\x00\xff\x00\x00\xff\x00\x00\xff\x00\x00\xff\x00\x00\xff\x00\x00\xff\x00\x00\xff\x00\x00\xff\x00\x00\xff\x00\x00\xff\x00\x00\xff\x00\x00\xff\x00\x00\xff\x00\x00\xff\x00\x00\xff\x00\x00\xff\x00\x00\xff\x00\x00\xff\x00\x00\xff\x00\x00\xff\x00\x00\xff\x00\x00\xff\x00\x00\xff\x00\x00\xff\x00\x00\xff\x00\x00\xff\x00\x00\xff\x00\x00\xff\x00\x00\xff\x00\x00\xff\x00\x00\xff\x00\x00\xff\x00\x00\xff\x00\x00\xff\x00\x00\xff\x00\x00\xff\x00\x00\xff\x00\x00\xff\x00\x00\xff\x00\x00\xff\x00\x00\xff\x00\x00\xff\x00\x00\xff\x00\x00\xff\x00\x00\xff\x00\x00\xff\x00\x00\xff\x00\x00\xff\x00\x00\xff\x00\x00\xff\x00\x00\xff\x00\x00\xff\x00\x00\xff\x00\x00\xff\x00\x00\xff\x00\x00\xff\x00\x00\xff\x00\x00\xff\x00\x00\xff\x00\x00\xff\x00\x00\xff\x00\x00\xff\x00\x00\xff\x00\x00\xff\x00\x00\xff\x00\x00\xff\x00\x00\xff\x00\x00\xff\x00\x00\xff\x00\x00\xff\x00\x00\xff\x00\x00\xff\x00\x00\xff\x00\x00\xff\x00\x00\xff\x00\x00\xff\x00\x00\xff\x00\x00\xff\x00\x00\xff\x00\x00\xff\x00\x00\xff\x00\x00\xff\x00\x00\xff\x00\x00\xff\x00\x00\xff\x00\x00\xff\x00\x00\xff\x00\x00\xff\x00\x00\xff\x00\x00\xff\x00\x00\xff\x00\x00\xff\x00\x00\xff\x00\x00\xff\x00\x00\xff\x00\x00\xff\x00\x00\xff\x00\x00\xff\x00\x00\xff\x00\x00\xff\x00\x00\xff\x00\x00\xff\x00\x00\xff\x00\x00\xff\x00\x00\xff\x00\x00\xff\x00\x00\xff\x00\x00\xff\x00\x00\xff\x00\x00\xff\x00\x00\xff\x00\x00\xff\x00\x00\xff\x00\x00\xff\x00\x00\xff\x00\x00\xff\x00\x00\xff\x00\x00\xff\x00\x00\xff\x00\x00\xff\x00\x00\xff\x00\x00\xff\x00\x00\xff\x00\x00\xff\x00\x00\xff\x00\x00\xff\x00\x00\xff\x00\x00\xff\x00\x00\xff\x00\x00\xff\x00\x00\xff\x00\x00\xff\x00\x00\xff\x00\x00\xff\x00\x00\xff\x00\x00\xff\x00\x00\xff\x00\x00\xff\x00\x00\xff\x00\x00\xff\x00\x00\xff\x00\x00\xff\x00\x00\xff\x00\x00\xff\x00\x00\xff\x00\x00\xff\x00\x00\xff\x00\x00\xff\x00\x00\xff\x00\x00\xff\x00\x00\xff\x00\x00\xff\x00\x00\xff\x00\x00\xff\x00\x00\xff\x00\x00\xff\x00\x00\xff\x00\x00\xff\x00\x00\xff\x00\x00\xff\x00\x00\xff\x00\x00\xff\x00\x00\xff\x00\x00\xff\x00\x00\xff\x00\x00\xff\x00\x00\xff\x00\x00\xff\x00\x00\xff\x00\x00\xff\x00\x00\xff\x00\x00\xff\x00\x00\xff\x00\x00\xff\x00\x00\xff\x00\x00\xff\x00\x00\xff\x00\x00\xff\x00\x00\xff\x00\x00\xff\x00\x00\xff\x00\x00\xff\x00\x00\xff\x00\x00\xff\x00\x00\xff\x00\x00\xff\x00\x00\xff\x00\x00\xff\x00\x00\xff\x00\x00\xff\x00\x00\xff\x00\x00\xff\x00\x00\xff\x00\x00\xff\x00\x00\xff\x00\x00\xff\x00\x00\xff\x00\x00\xff\x00\x00\xff\x00\x00\xff\x00\x00\xff\x00\x00\xff\x00\x00\xff\x00\x00\xff\x00\x00\xff\x00\x00\xff\x00\x00\xff\x00\x00\xff\x00\x00\xff\x00\x00\xff\x00\x00\xff\x00\x00\xff\x00\x00\xff\x00\x00\xff\x00\x00\xff\x00\x00\xff\x00\x00\xff\x00\x00\xff\x00\x00\xff\x00\x00\xff\x00\x00\xff\x00\x00\xff\x00\x00\xff\x00\x00\xff\x00\x00\xff\x00\x00\xff\x00\x00\xff\x00\x00\xff\x00\x00\xff\x00\x00\xff\x00\x00\xff\x00\x00\xff\x00\x00\xff\x00\x00\xff\x00\x00\xff\x00\x00\xff\x00\x00\xff\x00\x00\xff\x00\x00\xff\x00\x00\xff\x00\x00\xff\x00\x00\xff\x00\x00\xff\x00\x00\xff\x00\x00\xff\x00\x00\xff\x00\x00\xff\x00\x00\xff\x00\x00\xff\x00\x00\xff\x00\x00\xff\x00\x00\xff\x00\x00\xff\x00\x00\xff\x00\x00\xff\x00\x00\xff\x00\x00\xff\x00\x00\xff\x00\x00\xff\x00\x00\xff\x00\x00\xff\x00\x00\xff\x00\x00\xff\x00\x00\xff\x00\x00\xff\x00\x00\xff\x00\x00\xff\x00\x00\xff\x00\x00\xff\x00\x00\xff\x00\x00\xff\x00\x00\xff\x00\x00\xff\x00\x00\xff\x00\x00\xff\x00\x00\xff\x00\x00\xff\x00\x00\xff\x00\x00\xff\x00\x00\xff\x00\x00\xff\x00\x00\xff\x00\x00\xff\x00\x00\xff\x00\x00\xff\x00\x00\xff\x00\x00\xff\x00\x00\xff\x00\x00\xff\x00\x00\xff\x00\x00\xff\x00\x00\xff\x00\x00\xff\x00\x00\xff\x00\x00\xff\x00\x00\xff\x00\x00\xff\x00\x00\xff\x00\x00\xff\x00\x00\xff\x00\x00\xff\x00\x00\xff\x00\x00\xff\x00\x00\xff\x00\x00\xff\x00\x00\xff\x00\x00\xff\x00\x00\xff\x00\x00\xff\x00\x00\xff\x00\x00\xff\x00\x00\xff\x00\x00\xff\x00\x00\xff\x00\x00\xff\x00\x00\xff\x00\x00\xff\x00\x00\xff\x00\x00\xff\x00\x00\xff\x00\x00\xff\x00\x00\xff\x00\x00\xff\x00\x00\xff\x00\x00\xff\x00\x00\xff\x00\x00\xff\x00\x00\xff\x00\x00\xff\x00\x00\xff\x00\x00\xff\x00\x00\xff\x00\x00\xff\x00\x00\xff\x00\x00\xff\x00\x00\xff\x00\x00\xff\x00\x00\xff\x00\x00\xff\x00\x00\xff\x00\x00\xff\x00\x00\xff\x00\x00\xff\x00\x00\xff\x00\x00\xff\x00\x00\xff\x00\x00\xff\x00\x00\xff\x00\x00\xff\x00\x00\xff\x00\x00\xff\x00\x00\xff\x00\x00\xff\x00\x00\xff\x00\x00\xff\x00\x00\xff\x00\x00\xff\x00\x00\xff\x00\x00\xff\x00\x00\xff\x00\x00\xff\x00\x00\xff\x00\x00\xff\x00\x00\xff\x00\x00\xff\x00\x00\xff\x00\x00\xff\x00\x00\xff\x00\x00\xff\x00\x00\xff\x00\x00\xff\x00\x00\xff\x00\x00\xff\x00\x00\xff\x00\x00\xff\x00\x00\xff\x00\x00\xff\x00\x00\xff\x00\x00\xff\x00\x00\xff\x00\x00\xff\x00\x00\xff\x00\x00\xff\x00\x00\xff\x00\x00\xff\x00\x00\xff\x00\x00\xff\x00\x00\xff\x00\x00\xff\x00\x00\xff\x00\x00\xff\x00\x00\xff\x00\x00\xff\x00\x00\xff\x00\x00\xff\x00\x00\xff\x00\x00\xff\x00\x00\xff\x00\x00\xff\x00\x00\xff\x00\x00\xff\x00\x00\xff\x00\x00\xff\x00\x00\xff\x00\x00\xff\x00\x00\xff\x00\x00\xff\x00\x00\xff\x00\x00\xff\x00\x00\xff\x00\x00\xff\x00\x00\xff\x00\x00\xff\x00\x00\xff\x00\x00\xff\x00\x00\xff\x00\x00\xff\x00\x00\xff\x00\x00\xff\x00\x00\xff\x00\x00\xff\x00\x00\xff\x00\x00\xff\x00\x00\xff\x00\x00\xff\x00\x00\xff\x00\x00\xff\x00\x00\xff\x00\x00\xff\x00\x00\xff\x00\x00\xff\x00\x00\xff\x00\x00\xff\x00\x00\xff\x00\x00\xff\x00\x00\xff\x00\x00\xff\x00\x00\xff\x00\x00\xff\x00\x00\xff\x00\x00\xff\x00\x00\xff\x00\x00\xff\x00\x00\xff\x00\x00\xff\x00\x00\xff\x00\x00\xff\x00\x00\xff\x00\x00\xff\x00\x00\xff\x00\x00\xff\x00\x00\xff\x00\x00\xff\x00\x00\xff\x00\x00\xff\x00\x00\xff\x00\x00\xff\x00\x00\xff\x00\x00\xff\x00\x00\xff\x00\x00\xff\x00\x00\xff\x00\x00\xff\x00\x00\xff\x00\x00\xff\x00\x00\xff\x00\x00\xff\x00\x00\xff\x00\x00\xff\x00\x00\xff\x00\x00\xff\x00\x00\xff\x00\x00\xff\x00\x00\xff\x00\x00\xff\x00\x00\xff\x00\x00\xff\x00\x00\xff\x00\x00\xff\x00\x00\xff\x00\x00\xff\x00\x00\xff\x00\x00\xff\x00\x00\xff\x00\x00\xff\x00\x00\xff\x00\x00\xff\x00\x00\xff\x00\x00\xff\x00\x00\xff\x00\x00\xff\x00\x00\xff\x00\x00\xff\x00\x00\xff\x00\x00\xff\x00\x00\xff\x00\x00\xff\x00\x00\xff\x00\x00\xff\x00\x00\xff\x00\x00\xff\x00\x00\xff\x00\x00\xff\x00\x00\xff\x00\x00\xff\x00\x00\xff\x00\x00\xff\x00\x00\xff\x00\x00\xff\x00\x00\xff\x00\x00\xff\x00\x00\xff\x00\x00\xff\x00\x00\xff\x00\x00\xff\x00\x00\xff\x00\x00\xff\x00\x00\xff\x00\x00\xff\x00\x00\xff\x00\x00\xff\x00\x00\xff\x00\x00\xff\x00\x00\xff\x00\x00\xff\x00\x00\xff\x00\x00\xff\x00\x00\xff\x00\x00\xff\x00\x00\xff\x00\x00\xff\x00\x00\xff\x00\x00\xff\x00\x00\xff\x00\x00\xff\x00\x00\xff\x00\x00\xff\x00\x00\xff\x00\x00\xff\x00\x00\xff\x00\x00\xff\x00\x00\xff\x00\x00\xff\x00\x00\xff\x00\x00\xff\x00\x00\xff\x00\x00\xff\x00\x00\xff\x00\x00\xff\x00\x00\xff\x00\x00\xff\x00\x00\xff\x00\x00\xff\x00\x00\xff\x00\x00\xff\x00\x00\xff\x00\x00\xff\x00\x00\xff\x00\x00\xff\x00\x00\xff\x00\x00\xff\x00\x00\xff\x00\x00\xff\x00\x00\xff\x00\x00\xff\x00\x00\xff\x00\x00\xff\x00\x00\xff\x00\x00\xff\x00\x00\xff\x00\x00\xff\x00\x00\xff\x00\x00\xff\x00\x00\xff\x00\x00\xff\x00\x00\xff\x00\x00\xff\x00\x00\xff\x00\x00\xff\x00\x00\xff\x00\x00\xff\x00\x00\xff\x00\x00\xff\x00\x00\xff\x00\x00\xff\x00\x00\xff\x00\x00\xff\x00\x00\xff\x00\x00\xff\x00\x00\xff\x00\x00\xff\x00\x00\xff\x00\x00\xff\x00\x00\xff\x00\x00\xff\x00\x00\xff\x00\x00\xff\x00\x00\xff\x00\x00\xff\x00\x00\xff\x00\x00\xff\x00\x00\xff\x00\x00\xff\x00\x00\xff\x00\x00\xff\x00\x00\xff\x00\x00\xff\x00\x00\xff\x00\x00\xff\x00\x00\xff\x00\x00\xff\x00\x00\xff\x00\x00\xff\x00\x00\xff\x00\x00\xff\x00\x00\xff\x00\x00\xff\x00\x00\xff\x00\x00\xff\x00\x00\xff\x00\x00\xff\x00\x00\xff\x00\x00\xff\x00\x00\xff\x00\x00\xff\x00\x00\xff\x00\x00\xff\x00\x00\xff\x00\x00\xff\x00\x00\xff\x00\x00\xff\x00\x00\xff\x00\x00\xff\x00\x00\xff\x00\x00\xff\x00\x00\xff\x00\x00\xff\x00\x00\xff\x00\x00\xff\x00\x00\xff\x00\x00\xff\x00\x00\xff\x00\x00\xff\x00\x00\xff\x00\x00\xff\x00\x00\xff\x00\x00\xff\x00\x00\xff\x00\x00\xff\x00\x00\xff\x00\x00\xff\x00\x00\xff\x00\x00\xff\x00\x00\xff\x00\x00\xff\x00\x00\xff\x00\x00\xff\x00\x00\xff\x00\x00\xff\x00\x00\xff\x00\x00\xff\x00\x00\xff\x00\x00\xff\x00\x00\xff\x00\x00\xff\x00\x00\xff\x00\x00\xff\x00\x00\xff\x00\x00\xff\x00\x00\xff\x00\x00\xff\x00\x00\xff\x00\x00\xff\x00\x00\xff\x00\x00\xff\x00\x00\xff\x00\x00\xff\x00\x00\xff\x00\x00\xff\x00\x00\xff\x00\x00\xff\x00\x00\xff\x00\x00\xff\x00\x00\xff\x00\x00\xff\x00\x00\xff\x00\x00\xff\x00\x00\xff\x00\x00\xff\x00\x00\xff\x00\x00\xff\x00\x00\xff\x00\x00\xff\x00\x00\xff\x00\x00\xff\x00\x00\xff\x00\x00\xff\x00\x00\xff\x00\x00\xff\x00\x00\xff\x00\x00\xff\x00\x00\xff\x00\x00\xff\x00\x00\xff\x00\x00\xff\x00\x00\xff\x00\x00\xff\x00\x00\xff\x00\x00\xff\x00\x00\xff\x00\x00\xff\x00\x00\xff\x00\x00\xff\x00\x00\xff\x00\x00\xff\x00\x00\xff\x00\x00\xff\x00\x00\xff\x00\x00\xff\x00\x00\xff\x00\x00\xff\x00\x00\xff\x00\x00\xff\x00\x00\xff\x00\x00\xff\x00\x00\xff\x00\x00\xff\x00\x00\xff\x00\x00\xff\x00\x00\xff\x00\x00\xff\x00\x00\xff\x00\x00\xff\x00\x00\xff\x00\x00\xff\x00\x00\xff\x00\x00\xff\x00\x00\xff\x00\x00\xff\x00\x00\xff\x00\x00\xff\x00\x00\xff\x00\x00\xff\x00\x00\xff\x00\x00\xff\x00\x00\xff\x00\x00\xff\x00\x00\xff\x00\x00\xff\x00\x00\xff\x00\x00\xff\x00\x00\xff\x00\x00\xff\x00\x00\xff\x00\x00\xff\x00\x00\xff\x00\x00\xff\x00\x00\xff\x00\x00\xff\x00\x00\xff\x00\x00\xff\x00\x00\xff\x00\x00\xff\x00\x00\xff\x00\x00\xff\x00\x00\xff\x00\x00\xff\x00\x00\xff\x00\x00\xff\x00\x00\xff\x00\x00\xff\x00\x00\xff\x00\x00\xff\x00\x00\xff\x00\x00\xff\x00\x00\xff\x00\x00\xff\x00\x00\xff\x00\x00\xff\x00\x00\xff\x00\x00\xff\x00\x00\xff\x00\x00\xff\x00\x00\xff\x00\x00\xff\x00\x00\xff\x00\x00\xff\x00\x00\xff\x00\x00\xff\x00\x00\xff\x00\x00\xff\x00\x00\xff\x00\x00\xff\x00\x00\xff\x00\x00\xff\x00\x00\xff\x00\x00\xff\x00\x00\xff\x00\x00\xff\x00\x00\xff\x00\x00\xff\x00\x00\xff\x00\x00\xff\x00\x00\xff\x00\x00\xff\x00\x00\xff\x00\x00\xff\x00\x00\xff\x00\x00\xff\x00\x00\xff\x00\x00\xff\x00\x00\xff\x00\x00\xff\x00\x00\xff\x00\x00\xff\x00\x00\xff\x00\x00\xff\x00\x00\xff\x00\x00\xff\x00\x00\xff\x00\x00\xff\x00\x00\xff\x00\x00\xff\x00\x00\xff\x00\x00\xff\x00\x00\xff\x00\x00\xff\x00\x00\xff\x00\x00\xff\x00\x00\xff\x00\x00\xff\x00\x00\xff\x00\x00\xff\x00\x00\xff\x00\x00\xff\x00\x00\xff\x00\x00\xff\x00\x00\xff\x00\x00\xff\x00\x00\xff\x00\x00\xff\x00\x00\xff\x00\x00\xff\x00\x00\xff\x00\x00\xff\x00\x00\xff\x00\x00\xff\x00\x00\xff\x00\x00\xff\x00\x00\xff\x00\x00\xff\x00\x00\xff\x00\x00\xff\x00\x00\xff\x00\x00\xff\x00\x00\xff\x00\x00\xff\x00\x00\xff\x00\x00\xff\x00\x00\xff\x00\x00\xff\x00\x00\xff\x00\x00\xff\x00\x00\xff\x00\x00\xff\x00\x00\xff\x00\x00\xff\x00\x00\xff\x00\x00\xff\x00\x00\xff\x00\x00\xff\x00\x00\xff\x00\x00\xff\x00\x00\xff\x00\x00\xff\x00\x00\xff\x00\x00\xff\x00\x00\xff\x00\x00\xff\x00\x00\xff\x00\x00\xff\x00\x00\xff\x00\x00\xff\x00\x00\xff\x00\x00\xff\x00\x00\xff\x00\x00\xff\x00\x00\xff\x00\x00\xff\x00\x00\xff\x00\x00\xff\x00\x00\xff\x00\x00\xff\x00\x00\xff\x00\x00\xff\x00\x00\xff\x00\x00\xff\x00\x00\xff\x00\x00\xff\x00\x00\xff\x00\x00\xff\x00\x00\xff\x00\x00\xff\x00\x00\xff\x00\x00\xff\x00\x00\xff\x00\x00\xff\x00\x00\xff\x00\x00\xff\x00\x00\xff\x00\x00\xff\x00\x00\xff\x00\x00\xff\x00\x00\xff\x00\x00\xff\x00\x00\xff\x00\x00\xff\x00\x00\xff\x00\x00\xff\x00\x00\xff\x00\x00\xff\x00\x00\xff\x00\x00\xff\x00\x00\xff\x00\x00\xff\x00\x00\xff\x00\x00\xff\x00\x00\xff\x00\x00\xff\x00\x00\xff\x00\x00\xff\x00\x00\xff\x00\x00\xff\x00\x00\xff\x00\x00\xff\x00\x00\xff\x00\x00\xff\x00\x00\xff\x00\x00\xff\x00\x00\xff\x00\x00\xff\x00\x00\xff\x00\x00\xff\x00\x00\xff\x00\x00\xff\x00\x00\xff\x00\x00\xff\x00\x00\xff\x00\x00\xff\x00\x00\xff\x00\x00\xff\x00\x00\xff\x00\x00\xff\x00\x00\xff\x00\x00\xff\x00\x00\xff\x00\x00\xff\x00\x00\xff\x00\x00\xff\x00\x00\xff\x00\x00\xff\x00\x00\xff\x00\x00\xff\x00\x00\xff\x00\x00\xff\x00\x00\xff\x00\x00\xff\x00\x00\xff\x00\x00\xff\x00\x00\xff\x00\x00\xff\x00\x00\xff\x00\x00\xff\x00\x00\xff\x00\x00\xff\x00\x00\xff\x00\x00\xff\x00\x00\xff\x00\x00\xff\x00\x00\xff\x00\x00\xff\x00\x00\xff\x00\x00\xff\x00\x00\xff\x00\x00\xff\x00\x00\xff\x00\x00\xff\x00\x00\xff\x00\x00\xff\x00\x00\xff\x00\x00\xff\x00\x00\xff\x00\x00\xff\x00\x00\xff\x00\x00\xff\x00\x00\xff\x00\x00\xff\x00\x00\xff\x00\x00\xff\x00\x00\xff\x00\x00\xff\x00\x00\xff\x00\x00\xff\x00\x00\xff\x00\x00\xff\x00\x00\xff\x00\x00\xff\x00\x00\xff\x00\x00\xff\x00\x00\xff\x00\x00\xff\x00\x00\xff\x00\x00\xff\x00\x00\xff\x00\x00\xff\x00\x00\xff\x00\x00\xff\x00\x00\xff\x00\x00\xff\x00\x00\xff\x00\x00\xff\x00\x00\xff\x00\x00\xff\x00\x00\xff\x00\x00\xff\x00\x00\xff\x00\x00\xff\x00\x00\xff\x00\x00\xff\x00\x00\xff\x00\x00\xff\x00\x00\xff\x00\x00\xff\x00\x00\xff\x00\x00\xff\x00\x00\xff\x00\x00\xff\x00\x00\xff\x00\x00\xff\x00\x00\xff\x00\x00\xff\x00\x00\xff\x00\x00\xff\x00\x00\xff\x00\x00\xff\x00\x00\xff\x00\x00\xff\x00\x00\xff\x00\x00\xff\x00\x00\xff\x00\x00\xff\x00\x00\xff\x00\x00\xff\x00\x00\xff\x00\x00\xff\x00\x00\xff\x00\x00\xff\x00\x00\xff\x00\x00\xff\x00\x00\xff\x00\x00\xff\x00\x00\xff\x00\x00\xff\x00\x00\xff\x00\x00\xff\x00\x00\xff\x00\x00\xff\x00\x00\xff\x00\x00\xff\x00\x00\xff\x00\x00\xff\x00\x00\xff\x00\x00\xff\x00\x00\xff\x00\x00\xff\x00\x00\xff\x00\x00\xff\x00\x00\xff\x00\x00\xff\x00\x00\xff\x00\x00\xff\x00\x00\xff\x00\x00\xff\x00\x00\xff\x00\x00\xff\x00\x00\xff\x00\x00\xff\x00\x00\xff\x00\x00\xff\x00\x00\xff\x00\x00\xff\x00\x00\xff\x00\x00\xff\x00\x00\xff\x00\x00\xff\x00\x00\xff\x00\x00\xff\x00\x00\xff\x00\x00\xff\x00\x00\xff\x00\x00\xff\x00\x00\xff\x00\x00\xff\x00\x00\xff\x00\x00\xff\x00\x00\xff\x00\x00\xff\x00\x00\xff\x00\x00\xff\x00\x00\xff\x00\x00\xff\x00\x00\xff\x00\x00\xff\x00\x00\xff\x00\x00\xff\x00\x00\xff\x00\x00\xff\x00\x00\xff\x00\x00\xff\x00\x00\xff\x00\x00\xff\x00\x00\xff\x00\x00\xff\x00\x00\xff\x00\x00\xff\x00\x00\xff\x00\x00\xff\x00\x00\xff\x00\x00\xff\x00\x00\xff\x00\x00\xff\x00\x00\xff\x00\x00\xff\x00\x00\xff\x00\x00\xff\x00\x00\xff\x00\x00\xff\x00\x00\xff\x00\x00\xff\x00\x00\xff\x00\x00\xff\x00\x00\xff\x00\x00\xff\x00\x00\xff\x00\x00\xff\x00\x00\xff\x00\x00\xff\x00\x00\xff\x00\x00\xff\x00\x00\xff\x00\x00\xff\x00\x00\xff\x00\x00\xff\x00\x00\xff\x00\x00\xff\x00\x00\xff\x00\x00\xff\x00\x00\xff\x00\x00\xff\x00\x00\xff\x00\x00\xff\x00\x00\xff\x00\x00\xff\x00\x00\xff\x00\x00\xff\x00\x00\xff\x00\x00\xff\x00\x00\xff\x00\x00\xff\x00\x00\xff\x00\x00\xff\x00\x00\xff\x00\x00\xff\x00\x00\xff\x00\x00\xff\x00\x00\xff\x00\x00\xff\x00\x00\xff\x00\x00\xff\x00\x00\xff\x00\x00\xff\x00\x00\xff\x00\x00\xff\x00\x00\xff\x00\x00\xff\x00\x00\xff\x00\x00\xff\x00\x00\xff\x00\x00\xff\x00\x00\xff\x00\x00\xff\x00\x00\xff\x00\x00\xff\x00\x00\xff\x00\x00\xff\x00\x00\xff\x00\x00\xff\x00\x00\xff\x00\x00\xff\x00\x00\xff\x00\x00\xff\x00\x00\xff\x00\x00\xff\x00\x00\xff\x00\x00\xff\x00\x00\xff\x00\x00\xff\x00\x00\xff\x00\x00\xff\x00\x00\xff\x00\x00\xff\x00\x00\xff\x00\x00\xff\x00\x00\xff\x00\x00\xff\x00\x00\xff\x00\x00\xff\x00\x00\xff\x00\x00\xff\x00\x00\xff\x00\x00\xff\x00\x00\xff\x00\x00\xff\x00\x00\xff\x00\x00\xff\x00\x00\xff\x00\x00\xff\x00\x00\xff\x00\x00\xff\x00\x00\xff\x00\x00\xff\x00\x00\xff\x00\x00\xff\x00\x00\xff\x00\x00\xff\x00\x00\xff\x00\x00\xff\x00\x00\xff\x00\x00\xff\x00\x00\xff\x00\x00\xff\x00\x00\xff\x00\x00\xff\x00\x00\xff\x00\x00\xff\x00\x00\xff\x00\x00\xff\x00\x00\xff\x00\x00\xff\x00\x00\xff\x00\x00\xff\x00\x00\xff\x00\x00\xff\x00\x00\xff\x00\x00\xff\x00\x00\xff\x00\x00\xff\x00\x00\xff\x00\x00\xff\x00\x00\xff\x00\x00\xff\x00\x00\xff\x00\x00\xff\x00\x00\xff\x00\x00\xff\x00\x00\xff\x00\x00\xff\x00\x00\xff\x00\x00\xff\x00\x00\xff\x00\x00\xff\x00\x00\xff\x00\x00\xff\x00\x00\xff\x00\x00\xff\x00\x00\xff\x00\x00\xff\x00\x00\xff\x00\x00\xff\x00\x00\xff\x00\x00\xff\x00\x00\xff\x00\x00\xff\x00\x00\xff\x00\x00\xff\x00\x00\xff\x00\x00\xff\x00\x00\xff\x00\x00\xff\x00\x00\xff\x00\x00\xff\x00\x00\xff\x00\x00\xff\x00\x00\xff\x00\x00\xff\x00\x00\xff\x00\x00\xff\x00\x00\xff\x00\x00\xff\x00\x00\xff\x00\x00\xff\x00\x00\xff\x00\x00\xff\x00\x00\xff\x00\x00\xff\x00\x00\xff\x00\x00\xff\x00\x00\xff\x00\x00\xff\x00\x00\xff\x00\x00\xff\x00\x00\xff\x00\x00\xff\x00\x00\xff\x00\x00\xff\x00\x00\xff\x00\x00\xff\x00\x00\xff\x00\x00\xff\x00\x00\xff\x00\x00\xff\x00\x00\xff\x00\x00\xff\x00\x00\xff\x00\x00\xff\x00\x00\xff\x00\x00\xff\x00\x00\xff\x00\x00\xff\x00\x00\xff\x00\x00\xff\x00\x00\xff\x00\x00\xff\x00\x00\xff\x00\x00\xff\x00\x00\xff\x00\x00\xff\x00\x00\xff\x00\x00\xff\x00\x00\xff\x00\x00\xff\x00\x00\xff\x00\x00\xff\x00\x00\xff\x00\x00\xff\x00\x00\xff\x00\x00\xff\x00\x00\xff\x00\x00\xff\x00\x00\xff\x00\x00\xff\x00\x00\xff\x00\x00\xff\x00\x00\xff\x00\x00\xff\x00\x00\xff\x00\x00\xff\x00\x00\xff\x00\x00\xff\x00\x00\xff\x00\x00\xff\x00\x00\xff\x00\x00\xff\x00\x00\xff\x00\x00\xff\x00\x00\xff\x00\x00\xff\x00\x00\xff\x00\x00\xff\x00\x00\xff\x00\x00\xff\x00\x00\xff\x00\x00\xff\x00\x00\xff\x00\x00\xff\x00\x00\xff\x00\x00\xff\x00\x00\xff\x00\x00\xff\x00\x00\xff\x00\x00\xff\x00\x00\xff\x00\x00\xff\x00\x00\xff\x00\x00\xff\x00\x00\xff\x00\x00\xff\x00\x00\xff\x00\x00\xff\x00\x00\xff\x00\x00\xff\x00\x00\xff\x00\x00\xff\x00\x00\xff\x00\x00\xff\x00\x00\xff\x00\x00\xff\x00\x00\xff\x00\x00\xff\x00\x00\xff\x00\x00\xff\x00\x00\xff\x00\x00\xff\x00\x00\xff\x00\x00\xff\x00\x00\xff\x00\x00\xff\x00\x00\xff\x00\x00\xff\x00\x00\xff\x00\x00\xff\x00\x00\xff\x00\x00\xff\x00\x00\xff\x00\x00\xff\x00\x00\xff\x00\x00\xff\x00\x00\xff\x00\x00\xff\x00\x00\xff\x00\x00\xff\x00\x00\xff\x00\x00\xff\x00\x00\xff\x00\x00\xff\x00\x00\xff\x00\x00\xff\x00\x00\xff\x00\x00\xff\x00\x00\xff\x00\x00\xff\x00\x00\xff\x00\x00\xff\x00\x00\xff\x00\x00\xff\x00\x00\xff\x00\x00\xff\x00\x00\xff\x00\x00\xff\x00\x00\xff\x00\x00\xff\x00\x00\xff\x00\x00\xff\x00\x00\xff\x00\x00\xff\x00\x00\xff\x00\x00\xff\x00\x00\xff\x00\x00\xff\x00\x00\xff\x00\x00\xff\x00\x00\xff\x00\x00\xff\x00\x00\xff\x00\x00\xff\x00\x00\xff\x00\x00\xff\x00\x00\xff\x00\x00\xff\x00\x00\xff\x00\x00\xff\x00\x00\xff\x00\x00\xff\x00\x00\xff\x00\x00\xff\x00\x00\xff\x00\x00\xff\x00\x00\xff\x00\x00\xff\x00\x00\xff\x00\x00\xff\x00\x00\xff\x00\x00\xff\x00\x00\xff\x00\x00\xff\x00\x00\xff\x00\x00\xff\x00\x00\xff\x00\x00\xff\x00\x00\xff\x00\x00\xff\x00\x00\xff\x00\x00\xff\x00\x00\xff\x00\x00\xff\x00\x00\xff\x00\x00\xff\x00\x00\xff\x00\x00\xff\x00\x00\xff\x00\x00\xff\x00\x00\xff\x00\x00\xff\x00\x00\xff\x00\x00\xff\x00\x00\xff\x00\x00\xff\x00\x00\xff\x00\x00\xff\x00\x00\xff\x00\x00\xff\x00\x00\xff\x00\x00\xff\x00\x00\xff\x00\x00\xff\x00\x00\xff\x00\x00\xff\x00\x00\xff\x00\x00\xff\x00\x00\xff\x00\x00\xff\x00\x00\xff\x00\x00\xff\x00\x00\xff\x00\x00\xff\x00\x00\xff\x00\x00\xff\x00\x00\xff\x00\x00\xff\x00\x00\xff\x00\x00\xff\x00\x00\xff\x00\x00\xff\x00\x00\xff\x00\x00\xff\x00\x00\xff\x00\x00\xff\x00\x00\xff\x00\x00\xff\x00\x00\xff\x00\x00\xff\x00\x00\xff\x00\x00\xff\x00\x00\xff\x00\x00\xff\x00\x00\xff\x00\x00\xff\x00\x00\xff\x00\x00\xff\x00\x00\xff\x00\x00\xff\x00\x00\xff\x00\x00\xff\x00\x00\xff\x00\x00\xff\x00\x00\xff\x00\x00\xff\x00\x00\xff\x00\x00\xff\x00\x00\xff\x00\x00\xff\x00\x00\xff\x00\x00\xff\x00\x00\xff\x00\x00\xff\x00\x00\xff\x00\x00\xff\x00\x00\xff\x00\x00\xff\x00\x00\xff\x00\x00\xff\x00\x00\xff\x00\x00\xff\x00\x00\xff\x00\x00\xff\x00\x00\xff\x00\x00\xff\x00\x00\xff\x00\x00\xff\x00\x00\xff\x00\x00\xff\x00\x00\xff\x00\x00\xff\x00\x00\xff\x00\x00\xff\x00\x00\xff\x00\x00\xff\x00\x00\xff\x00\x00\xff\x00\x00\xff\x00\x00\xff\x00\x00\xff\x00\x00\xff\x00\x00\xff\x00\x00\xff\x00\x00\xff\x00\x00\xff\x00\x00\xff\x00\x00\xff\x00\x00\xff\x00\x00\xff\x00\x00\xff\x00\x00\xff\x00\x00\xff\x00\x00\xff\x00\x00\xff\x00\x00\xff\x00\x00\xff\x00\x00\xff\x00\x00\xff\x00\x00\xff\x00\x00\xff\x00\x00\xff\x00\x00\xff\x00\x00\xff\x00\x00\xff\x00\x00\xff\x00\x00\xff\x00\x00\xff\x00\x00\xff\x00\x00\xff\x00\x00\xff\x00\x00\xff\x00\x00\xff\x00\x00\xff\x00\x00\xff\x00\x00\xff\x00\x00\xff\x00\x00\xff\x00\x00\xff\x00\x00\xff\x00\x00\xff\x00\x00\xff\x00\x00\xff\x00\x00\xff\x00\x00\xff\x00\x00\xff\x00\x00\xff\x00\x00\xff\x00\x00\xff\x00\x00\xff\x00\x00\xff\x00\x00\xff\x00\x00\xff\x00\x00\xff\x00\x00\xff\x00\x00\xff\x00\x00\xff\x00\x00\xff\x00\x00\xff\x00\x00\xff\x00\x00\xff\x00\x00\xff\x00\x00\xff\x00\x00\xff\x00\x00\xff\x00\x00\xff\x00\x00\xff\x00\x00\xff\x00\x00\xff\x00\x00\xff\x00\x00\xff\x00\x00\xff\x00\x00\xff\x00\x00\xff\x00\x00\xff\x00\x00\xff\x00\x00\xff\x00\x00\xff\x00\x00\xff\x00\x00\xff\x00\x00\xff\x00\x00\xff\x00\x00\xff\x00\x00\xff\x00\x00\xff\x00\x00\xff\x00\x00\xff\x00\x00\xff\x00\x00\xff\x00\x00\xff\x00\x00\xff\x00\x00\xff\x00\x00\xff\x00\x00\xff\x00\x00\xff\x00\x00\xff\x00\x00\xff\x00\x00\xff\x00\x00\xff\x00\x00\xff\x00\x00\xff\x00\x00\xff\x00\x00\xff\x00\x00\xff\x00\x00\xff\x00\x00\xff\x00\x00\xff\x00\x00\xff\x00\x00\xff\x00\x00\xff\x00\x00\xff\x00\x00\xff\x00\x00\xff\x00\x00\xff\x00\x00\xff\x00\x00\xff\x00\x00\xff\x00\x00\xff\x00\x00\xff\x00\x00\xff\x00\x00\xff\x00\x00\xff\x00\x00\xff\x00\x00\xff\x00\x00\xff\x00\x00\xff\x00\x00\xff\x00\x00\xff\x00\x00\xff\x00\x00\xff\x00\x00\xff\x00\x00\xff\x00\x00\xff\x00\x00\xff\x00\x00\xff\x00\x00\xff\x00\x00\xff\x00\x00\xff\x00\x00\xff\x00\x00\xff\x00\x00\xff\x00\x00\xff\x00\x00\xff\x00\x00\xff\x00\x00\xff\x00\x00\xff\x00\x00\xff\x00\x00\xff\x00\x00\xff\x00\x00\xff\x00\x00\xff\x00\x00\xff\x00\x00\xff\x00\x00\xff\x00\x00\xff\x00\x00\xff\x00\x00\xff\x00\x00\xff\x00\x00\xff\x00\x00\xff\x00\x00\xff\x00\x00\xff\x00\x00\xff\x00\x00\xff\x00\x00\xff\x00\x00\xff\x00\x00\xff\x00\x00\xff\x00\x00\xff\x00\x00\xff\x00\x00\xff\x00\x00\xff\x00\x00\xff\x00\x00\xff\x00\x00\xff\x00\x00\xff\x00\x00\xff\x00\x00\xff\x00\x00\xff\x00\x00\xff\x00\x00\xff\x00\x00\xff\x00\x00\xff\x00\x00\xff\x00\x00\xff\x00\x00\xff\x00\x00\xff\x00\x00\xff\x00\x00\xff\x00\x00\xff\x00\x00\xff\x00\x00\xff\x00\x00\xff\x00\x00\xff\x00\x00\xff\x00\x00\xff\x00\x00\xff\x00\x00\xff\x00\x00\xff\x00\x00\xff\x00\x00\xff\x00\x00\xff\x00\x00\xff\x00\x00\xff\x00\x00\xff\x00\x00\xff\x00\x00\xff\x00\x00\xff\x00\x00\xff\x00\x00\xff\x00\x00\xff\x00\x00\xff\x00\x00\xff\x00\x00\xff\x00\x00\xff\x00\x00\xff\x00\x00\xff\x00\x00\xff\x00\x00\xff\x00\x00\xff\x00\x00\xff\x00\x00\xff\x00\x00\xff\x00\x00\xff\x00\x00\xff\x00\x00\xff\x00\x00\xff\x00\x00\xff\x00\x00\xff\x00\x00\xff\x00\x00\xff\x00\x00\xff\x00\x00\xff\x00\x00\xff\x00\x00\xff\x00\x00\xff\x00\x00\xff\x00\x00\xff\x00\x00\xff\x00\x00\xff\x00\x00\xff\x00\x00\xff\x00\x00\xff\x00\x00\xff\x00\x00\xff\x00\x00\xff\x00\x00\xff\x00\x00\xff\x00\x00\xff\x00\x00\xff\x00\x00\xff\x00\x00\xff\x00\x00\xff\x00\x00\xff\x00\x00\xff\x00\x00\xff\x00\x00\xff\x00\x00\xff\x00\x00\xff\x00\x00\xff\x00\x00\xff\x00\x00\xff\x00\x00\xff\x00\x00\xff\x00\x00\xff\x00\x00\xff\x00\x00\xff\x00\x00\xff\x00\x00\xff\x00\x00\xff\x00\x00\xff\x00\x00\xff\x00\x00\xff\x00\x00\xff\x00\x00\xff\x00\x00\xff\x00\x00\xff\x00\x00\xff\x00\x00\xff\x00\x00\xff\x00\x00\xff\x00\x00\xff\x00\x00\xff\x00\x00\xff\x00\x00\xff\x00\x00\xff\x00\x00\xff\x00\x00\xff\x00\x00\xff\x00\x00\xff\x00\x00\xff\x00\x00\xff\x00\x00\xff\x00\x00\xff\x00\x00\xff\x00\x00\xff\x00\x00\xff\x00\x00\xff\x00\x00\xff\x00\x00\xff\x00\x00\xff\x00\x00\xff\x00\x00\xff\x00\x00\xff\x00\x00\xff\x00\x00\xff\x00\x00\xff\x00\x00\xff\x00\x00\xff\x00\x00\xff\x00\x00\xff\x00\x00\xff\x00\x00\xff\x00\x00\xff\x00\x00\xff\x00\x00\xff\x00\x00\xff\x00\x00\xff\x00\x00\xff\x00\x00\xff\x00\x00\xff\x00\x00\xff\x00\x00\xff\x00\x00\xff\x00\x00\xff\x00\x00\xff\x00\x00\xff\x00\x00\xff\x00\x00\xff\x00\x00\xff\x00\x00\xff\x00\x00\xff\x00\x00\xff\x00\x00\xff\x00\x00\xff\x00\x00\xff\x00\x00\xff\x00\x00\xff\x00\x00\xff\x00\x00\xff\x00\x00\xff\x00\x00\xff\x00\x00\xff\x00\x00\xff\x00\x00\xff\x00\x00\xff\x00\x00\xff\x00\x00\xff\x00\x00\xff\x00\x00\xff\x00\x00\xff\x00\x00\xff\x00\x00\xff\x00\x00\xff\x00\x00\xff\x00\x00\xff\x00\x00\xff\x00\x00\xff\x00\x00\xff\x00\x00\xff\x00\x00\xff\x00\x00\xff\x00\x00\xff\x00\x00\xff\x00\x00\xff\x00\x00\xff\x00\x00\xff\x00\x00\xff\x00\x00\xff\x00\x00\xff\x00\x00\xff\x00\x00\xff\x00\x00\xff\x00\x00\xff\x00\x00\xff\x00\x00\xff\x00\x00\xff\x00\x00\xff\x00\x00\xff\x00\x00\xff\x00\x00\xff\x00\x00\xff\x00\x00\xff\x00\x00\xff\x00\x00\xff\x00\x00\xff\x00\x00\xff\x00\x00\xff\x00\x00\xff\x00\x00\xff\x00\x00\xff\x00\x00\xff\x00\x00\xff\x00\x00\xff\x00\x00\xff\x00\x00\xff\x00\x00\xff\x00\x00\xff\x00\x00\xff\x00\x00\xff\x00\x00\xff\x00\x00\xff\x00\x00\xff\x00\x00\xff\x00\x00\xff\x00\x00\xff\x00\x00\xff\x00\x00\xff\x00\x00\xff\x00\x00\xff\x00\x00\xff\x00\x00\xff\x00\x00\xff\x00\x00\xff\x00\x00\xff\x00\x00\xff\x00\x00\xff\x00\x00\xff\x00\x00\xff\x00\x00\xff\x00\x00\xff\x00\x00\xff\x00\x00\xff\x00\x00\xff\x00\x00\xff\x00\x00\xff\x00\x00\xff\x00\x00\xff\x00\x00\xff\x00\x00\xff\x00\x00\xff\x00\x00\xff\x00\x00\xff\x00\x00\xff\x00\x00\xff\x00\x00\xff\x00\x00\xff\x00\x00\xff\x00\x00\xff\x00\x00\xff\x00\x00\xff\x00\x00\xff\x00\x00\xff\x00\x00\xff\x00\x00\xff\x00\x00\xff\x00\x00\xff\x00\x00\xff\x00\x00\xff\x00\x00\xff\x00\x00\xff\x00\x00\xff\x00\x00\xff\x00\x00\xff\x00\x00\xff\x00\x00\xff\x00\x00\xff\x00\x00\xff\x00\x00\xff\x00\x00\xff\x00\x00\xff\x00\x00\xff\x00\x00\xff\x00\x00\xff\x00\x00\xff\x00\x00\xff\x00\x00\xff\x00\x00\xff\x00\x00\xff\x00\x00\xff\x00\x00\xff\x00\x00\xff\x00\x00\xff\x00\x00\xff\x00\x00\xff\x00\x00\xff\x00\x00\xff\x00\x00\xff\x00\x00\xff\x00\x00\xff\x00\x00\xff\x00\x00\xff\x00\x00\xff\x00\x00\xff\x00\x00\xff\x00\x00\xff\x00\x00\xff\x00\x00\xff\x00\x00\xff\x00\x00\xff\x00\x00\xff\x00\x00\xff\x00\x00\xff\x00\x00\xff\x00\x00\xff\x00\x00\xff\x00\x00\xff\x00\x00\xff\x00\x00\xff\x00\x00\xff\x00\x00\xff\x00\x00\xff\x00\x00\xff\x00\x00\xff\x00\x00\xff\x00\x00\xff\x00\x00\xff\x00\x00\xff\x00\x00\xff\x00\x00\xff\x00\x00\xff\x00\x00\xff\x00\x00\xff\x00\x00\xff\x00\x00\xff\x00\x00\xff\x00\x00\xff\x00\x00\xff\x00\x00\xff\x00\x00\xff\x00\x00\xff\x00\x00\xff\x00\x00\xff\x00\x00\xff\x00\x00\xff\x00\x00\xff\x00\x00\xff\x00\x00\xff\x00\x00\xff\x00\x00\xff\x00\x00\xff\x00\x00\xff\x00\x00\xff\x00\x00\xff\x00\x00\xff\x00\x00\xff\x00\x00\xff\x00\x00\xff\x00\x00\xff\x00\x00\xff\x00\x00\xff\x00\x00\xff\x00\x00\xff\x00\x00\xff\x00\x00\xff\x00\x00\xff\x00\x00\xff\x00\x00\xff\x00\x00\xff\x00\x00\xff\x00\x00\xff\x00\x00\xff\x00\x00\xff\x00\x00\xff\x00\x00\xff\x00\x00\xff\x00\x00\xff\x00\x00\xff\x00\x00\xff\x00\x00\xff\x00\x00\xff\x00\x00\xff\x00\x00\xff\x00\x00\xff\x00\x00\xff\x00\x00\xff\x00\x00\xff\x00\x00\xff\x00\x00\xff\x00\x00\xff\x00\x00\xff\x00\x00\xff\x00\x00\xff\x00\x00\xff\x00\x00\xff\x00\x00\xff\x00\x00\xff\x00\x00\xff\x00\x00\xff\x00\x00\xff\x00\x00\xff\x00\x00\xff\x00\x00\xff\x00\x00\xff\x00\x00\xff\x00\x00\xff\x00\x00\xff\x00\x00\xff\x00\x00\xff\x00\x00\xff\x00\x00\xff\x00\x00\xff\x00\x00\xff\x00\x00\xff\x00\x00\xff\x00\x00\xff\x00\x00\xff\x00\x00\xff\x00\x00\xff\x00\x00\xff\x00\x00\xff\x00\x00\xff\x00\x00\xff\x00\x00\xff\x00\x00\xff\x00\x00\xff\x00\x00\xff\x00\x00\xff\x00\x00\xff\x00\x00\xff\x00\x00\xff\x00\x00\xff\x00\x00\xff\x00\x00\xff\x00\x00\xff\x00\x00\xff\x00\x00\xff\x00\x00\xff\x00\x00\xff\x00\x00\xff\x00\x00\xff\x00\x00\xff\x00\x00\xff\x00\x00\xff\x00\x00\xff\x00\x00\xff\x00\x00\xff\x00\x00\xff\x00\x00\xff\x00\x00\xff\x00\x00\xff\x00\x00\xff\x00\x00\xff\x00\x00\xff\x00\x00\xff\x00\x00\xff\x00\x00\xff\x00\x00\xff\x00\x00\xff\x00\x00\xff\x00\x00\xff\x00\x00\xff\x00\x00\xff\x00\x00\xff\x00\x00\xff\x00\x00\xff\x00\x00\xff\x00\x00\xff\x00\x00\xff\x00\x00\xff\x00\x00\xff\x00\x00\xff\x00\x00\xff\x00\x00\xff\x00\x00\xff\x00\x00\xff\x00\x00\xff\x00\x00\xff\x00\x00\xff\x00\x00\xff\x00\x00\xff\x00\x00\xff\x00\x00\xff\x00\x00\xff\x00\x00\xff\x00\x00\xff\x00\x00\xff\x00\x00\xff\x00\x00\xff\x00\x00\xff\x00\x00\xff\x00\x00\xff\x00\x00\xff\x00\x00\xff\x00\x00\xff\x00\x00\xff\x00\x00\xff\x00\x00\xff\x00\x00\xff\x00\x00\xff\x00\x00\xff\x00\x00\xff\x00\x00\xff\x00\x00\xff\x00\x00\xff\x00\x00\xff\x00\x00\xff\x00\x00\xff\x00\x00\xff\x00\x00\xff\x00\x00\xff\x00\x00\xff\x00\x00\xff\x00\x00\xff\x00\x00\xff\x00\x00\xff\x00\x00\xff\x00\x00\xff\x00\x00\xff\x00\x00\xff\x00\x00\xff\x00\x00\xff\x00\x00\xff\x00\x00\xff\x00\x00\xff\x00\x00\xff\x00\x00\xff\x00\x00\xff\x00\x00\xff\x00\x00\xff\x00\x00\xff\x00\x00\xff\x00\x00\xff\x00\x00\xff\x00\x00\xff\x00\x00\xff\x00\x00\xff\x00\x00\xff\x00\x00\xff\x00\x00\xff\x00\x00\xff\x00\x00\xff\x00\x00\xff\x00\x00\xff\x00\x00\xff\x00\x00\xff\x00\x00\xff\x00\x00\xff\x00\x00\xff\x00\x00\xff\x00\x00\xff\x00\x00\xff\x00\x00\xff\x00\x00\xff\x00\x00\xff\x00\x00\xff\x00\x00\xff\x00\x00\xff\x00\x00\xff\x00\x00\xff\x00\x00\xff\x00\x00\xff\x00\x00\xff\x00\x00\xff\x00\x00\xff\x00\x00\xff\x00\x00\xff\x00\x00\xff\x00\x00\xff\x00\x00\xff\x00\x00\xff\x00\x00\xff\x00\x00\xff\x00\x00\xff\x00\x00\xff\x00\x00\xff\x00\x00\xff\x00\x00\xff\x00\x00\xff\x00\x00\xff\x00\x00\xff\x00\x00\xff\x00\x00\xff\x00\x00\xff\x00\x00\xff\x00\x00\xff\x00\x00\xff\x00\x00\xff\x00\x00\xff\x00\x00\xff\x00\x00\xff\x00\x00\xff\x00\x00\xff\x00\x00\xff\x00\x00\xff\x00\x00\xff\x00\x00\xff\x00\x00\xff\x00\x00\xff\x00\x00\xff\x00\x00\xff\x00\x00\xff\x00\x00\xff\x00\x00\xff\x00\x00\xff\x00\x00\xff\x00\x00\xff\x00\x00\xff\x00\x00\xff\x00\x00\xff\x00\x00\xff\x00\x00\xff\x00\x00\xff\x00\x00\xff\x00\x00\xff\x00\x00\xff\x00\x00\xff\x00\x00\xff\x00\x00\xff\x00\x00\xff\x00\x00\xff\x00\x00\xff\x00\x00\xff\x00\x00\xff\x00\x00\xff\x00\x00\xff\x00\x00\xff\x00\x00\xff\x00\x00\xff\x00\x00\xff\x00\x00\xff\x00\x00\xff\x00\x00\xff\x00\x00\xff\x00\x00\xff\x00\x00\xff\x00\x00\xff\x00\x00\xff\x00\x00\xff\x00\x00\xff\x00\x00\xff\x00\x00\xff\x00\x00\xff\x00\x00\xff\x00\x00\xff\x00\x00\xff\x00\x00\xff\x00\x00\xff\x00\x00\xff\x00\x00\xff\x00\x00\xff\x00\x00\xff\x00\x00\xff\x00\x00\xff\x00\x00\xff\x00\x00\xff\x00\x00\xff\x00\x00\xff\x00\x00\xff\x00\x00\xff\x00\x00\xff\x00\x00\xff\x00\x00\xff\x00\x00\xff\x00\x00\xff\x00\x00\xff\x00\x00\xff\x00\x00\xff\x00\x00\xff\x00\x00\xff\x00\x00\xff\x00\x00\xff\x00\x00\xff\x00\x00\xff\x00\x00\xff\x00\x00\xff\x00\x00\xff\x00\x00\xff\x00\x00\xff\x00\x00\xff\x00\x00\xff\x00\x00\xff\x00\x00\xff\x00\x00\xff\x00\x00\xff\x00\x00\xff\x00\x00\xff\x00\x00\xff\x00\x00\xff\x00\x00\xff\x00\x00\xff\x00\x00\xff\x00\x00\xff\x00\x00\xff\x00\x00\xff\x00\x00\xff\x00\x00\xff\x00\x00\xff\x00\x00\xff\x00\x00\xff\x00\x00\xff\x00\x00\xff\x00\x00\xff\x00\x00\xff\x00\x00\xff\x00\x00\xff\x00\x00\xff\x00\x00\xff\x00\x00\xff\x00\x00\xff\x00\x00\xff\x00\x00\xff\x00\x00\xff\x00\x00\xff\x00\x00\xff\x00\x00\xff\x00\x00\xff\x00\x00\xff\x00\x00\xff\x00\x00\xff\x00\x00\xff\x00\x00\xff\x00\x00\xff\x00\x00\xff\x00\x00\xff\x00\x00\xff\x00\x00\xff\x00\x00\xff\x00\x00\xff\x00\x00\xff\x00\x00\xff\x00\x00\xff\x00\x00\xff\x00\x00\xff\x00\x00\xff\x00\x00\xff\x00\x00\xff\x00\x00\xff\x00\x00\xff\x00\x00\xff\x00\x00\xff\x00\x00\xff\x00\x00\xff\x00\x00\xff\x00\x00\xff\x00\x00\xff\x00\x00\xff\x00\x00\xff\x00\x00\xff\x00\x00\xff\x00\x00\xff\x00\x00\xff\x00\x00\xff\x00\x00\xff\x00\x00\xff\x00\x00\xff\x00\x00\xff\x00\x00\xff\x00\x00\xff\x00\x00\xff\x00\x00\xff\x00\x00\xff\x00\x00\xff\x00\x00\xff\x00\x00\xff\x00\x00\xff\x00\x00\xff\x00\x00\xff\x00\x00\xff\x00\x00\xff\x00\x00\xff\x00\x00\xff\x00\x00\xff\x00\x00\xff\x00\x00\xff\x00\x00\xff\x00\x00\xff\x00\x00\xff\x00\x00\xff\x00\x00\xff\x00\x00\xff\x00\x00\xff\x00\x00\xff\x00\x00\xff\x00\x00\xff\x00\x00\xff\x00\x00\xff\x00\x00\xff\x00\x00\xff\x00\x00\xff\x00\x00\xff\x00\x00\xff\x00\x00\xff\x00\x00\xff\x00\x00\xff\x00\x00\xff\x00\x00\xff\x00\x00\xff\x00\x00\xff\x00\x00\xff\x00\x00\xff\x00\x00\xff\x00\x00\xff\x00\x00\xff\x00\x00\xff\x00\x00\xff\x00\x00\xff\x00\x00\xff\x00\x00\xff\x00\x00\xff\x00\x00\xff\x00\x00\xff\x00\x00\xff\x00\x00\xff\x00\x00\xff\x00\x00\xff\x00\x00\xff\x00\x00\xff\x00\x00\xff\x00\x00\xff\x00\x00\xff\x00\x00\xff\x00\x00\xff\x00\x00\xff\x00\x00\xff\x00\x00\xff\x00\x00\xff\x00\x00\xff\x00\x00\xff\x00\x00\xff\x00\x00\xff\x00\x00\xff\x00\x00\xff\x00\x00\xff\x00\x00\xff\x00\x00\xff\x00\x00\xff\x00\x00\xff\x00\x00\xff\x00\x00\xff\x00\x00\xff\x00\x00\xff\x00\x00\xff\x00\x00\xff\x00\x00\xff\x00\x00\xff\x00\x00\xff\x00\x00\xff\x00\x00\xff\x00\x00\xff\x00\x00\xff\x00\x00\xff\x00\x00\xff\x00\x00\xff\x00\x00\xff\x00\x00\xff\x00\x00\xff\x00\x00\xff\x00\x00\xff\x00\x00\xff\x00\x00\xff\x00\x00\xff\x00\x00\xff\x00\x00\xff\x00\x00\xff\x00\x00\xff\x00\x00\xff\x00\x00\xff\x00\x00\xff\x00\x00\xff\x00\x00\xff\x00\x00\xff\x00\x00\xff\x00\x00\xff\x00\x00\xff\x00\x00\xff\x00\x00\xff\x00\x00\xff\x00\x00\xff\x00\x00\xff\x00\x00\xff\x00\x00\xff\x00\x00\xff\x00\x00\xff\x00\x00\xff\x00\x00\xff\x00\x00\xff\x00\x00\xff\x00\x00\xff\x00\x00\xff\x00\x00\xff\x00\x00\xff\x00\x00\xff\x00\x00\xff\x00\x00\xff\x00\x00\xff\x00\x00\xff\x00\x00\xff\x00\x00\xff\x00\x00\xff\x00\x00\xff\x00\x00\xff\x00\x00\xff\x00\x00\xff\x00\x00\xff\x00\x00\xff\x00\x00\xff\x00\x00\xff\x00\x00\xff\x00\x00\xff\x00\x00\xff\x00\x00\xff\x00\x00\xff\x00\x00\xff\x00\x00\xff\x00\x00\xff\x00\x00\xff\x00\x00\xff\x00\x00\xff\x00\x00\xff\x00\x00\xff\x00\x00\xff\x00\x00\xff\x00\x00\xff\x00\x00\xff\x00\x00\xff\x00\x00\xff\x00\x00\xff\x00\x00\xff\x00\x00\xff\x00\x00\xff\x00\x00\xff\x00\x00\xff\x00\x00\xff\x00\x00\xff\x00\x00\xff\x00\x00\xff\x00\x00\xff\x00\x00\xff\x00\x00\xff\x00\x00\xff\x00\x00\xff\x00\x00\xff\x00\x00\xff\x00\x00\xff\x00\x00\xff\x00\x00\xff\x00\x00\xff\x00\x00\xff\x00\x00\xff\x00\x00\xff\x00\x00\xff\x00\x00\xff\x00\x00\xff\x00\x00\xff\x00\x00\xff\x00\x00\xff\x00\x00\xff\x00\x00\xff\x00\x00\xff\x00\x00\xff\x00\x00\xff\x00\x00\xff\x00\x00\xff\x00\x00\xff\x00\x00\xff\x00\x00\xff\x00\x00\xff\x00\x00\xff\x00\x00\xff\x00\x00\xff\x00\x00\xff\x00\x00\xff\x00\x00\xff\x00\x00\xff\x00\x00\xff\x00\x00\xff\x00\x00\xff\x00\x00\xff\x00\x00\xff\x00\x00\xff\x00\x00\xff\x00\x00\xff\x00\x00\xff\x00\x00\xff\x00\x00\xff\x00\x00\xff\x00\x00\xff\x00\x00\xff\x00\x00\xff\x00\x00\xff\x00\x00\xff\x00\x00\xff\x00\x00\xff\x00\x00\xff\x00\x00\xff\x00\x00\xff\x00\x00\xff\x00\x00\xff\x00\x00\xff\x00\x00\xff\x00\x00\xff\x00\x00\xff\x00\x00\xff\x00\x00\xff\x00\x00\xff\x00\x00\xff\x00\x00\xff\x00\x00\xff\x00\x00\xff\x00\x00\xff\x00\x00\xff\x00\x00\xff\x00\x00\xff\x00\x00\xff\x00\x00\xff\x00\x00\xff\x00\x00\xff\x00\x00\xff\x00\x00\xff\x00\x00\xff\x00\x00\xff\x00\x00\xff\x00\x00\xff\x00\x00\xff\x00\x00\xff\x00\x00\xff\x00\x00\xff\x00\x00\xff\x00\x00\xff\x00\x00\xff\x00\x00\xff\x00\x00\xff\x00\x00\xff\x00\x00\xff\x00\x00\xff\x00\x00\xff\x00\x00\xff\x00\x00\xff\x00\x00\xff\x00\x00\xff\x00\x00\xff\x00\x00\xff\x00\x00\xff\x00\x00\xff\x00\x00\xff\x00\x00\xff\x00\x00\xff\x00\x00\xff\x00\x00\xff\x00\x00\xff\x00\x00\xff\x00\x00\xff\x00\x00\xff\x00\x00\xff\x00\x00\xff\x00\x00\xff\x00\x00\xff\x00\x00\xff\x00\x00\xff\x00\x00\xff\x00\x00\xff\x00\x00\xff\x00\x00\xff\x00\x00\xff\x00\x00\xff\x00\x00\xff\x00\x00\xff\x00\x00\xff\x00\x00\xff\x00\x00\xff\x00\x00\xff\x00\x00\xff\x00\x00\xff\x00\x00\xff\x00\x00\xff\x00\x00\xff\x00\x00\xff\x00\x00\xff\x00\x00\xff\x00\x00\xff\x00\x00\xff\x00\x00\xff\x00\x00\xff\x00\x00\xff\x00\x00\xff\x00\x00\xff\x00\x00\xff\x00\x00\xff\x00\x00\xff\x00\x00\xff\x00\x00\xff\x00\x00\xff\x00\x00\xff\x00\x00\xff\x00\x00\xff\x00\x00\xff\x00\x00\xff\x00\x00\xff\x00\x00\xff\x00\x00\xff\x00\x00\xff\x00\x00\xff\x00\x00\xff\x00\x00\xff\x00\x00\xff\x00\x00\xff\x00\x00\xff\x00\x00\xff\x00\x00\xff\x00\x00\xff\x00\x00\xff\x00\x00\xff\x00\x00\xff\x00\x00\xff\x00\x00\xff\x00\x00\xff\x00\x00\xff\x00\x00\xff\x00\x00\xff\x00\x00\xff\x00\x00\xff\x00\x00\xff\x00\x00\xff\x00\x00\xff\x00\x00\xff\x00\x00\xff\x00\x00\xff\x00\x00\xff\x00\x00\xff\x00\x00\xff\x00\x00\xff\x00\x00\xff\x00\x00\xff\x00\x00\xff\x00\x00\xff\x00\x00\xff\x00\x00\xff\x00\x00\xff\x00\x00\xff\x00\x00\xff\x00\x00\xff\x00\x00\xff\x00\x00\xff\x00\x00\xff\x00\x00\xff\x00\x00\xff\x00\x00\xff\x00\x00\xff\x00\x00\xff\x00\x00\xff\x00\x00\xff\x00\x00\xff\x00\x00\xff\x00\x00\xff\x00\x00\xff\x00\x00\xff\x00\x00\xff\x00\x00\xff\x00\x00\xff\x00\x00\xff\x00\x00\xff\x00\x00\xff\x00\x00\xff\x00\x00\xff\x00\x00\xff\x00\x00\xff\x00\x00\xff\x00\x00\xff\x00\x00\xff\x00\x00\xff\x00\x00\xff\x00\x00\xff\x00\x00\xff\x00\x00\xff\x00\x00\xff\x00\x00\xff\x00\x00\xff\x00\x00\xff\x00\x00\xff\x00\x00\xff\x00\x00\xff\x00\x00\xff\x00\x00\xff\x00\x00\xff\x00\x00\xff\x00\x00\xff\x00\x00\xff\x00\x00\xff\x00\x00\xff\x00\x00\xff\x00\x00\xff\x00\x00\xff\x00\x00\xff\x00\x00\xff\x00\x00\xff\x00\x00\xff\x00\x00\xff\x00\x00\xff\x00\x00\xff\x00\x00\xff\x00\x00\xff\x00\x00\xff\x00\x00\xff\x00\x00\xff\x00\x00\xff\x00\x00\xff\x00\x00\xff\x00\x00\xff\x00\x00\xff\x00\x00\xff\x00\x00\xff\x00\x00\xff\x00\x00\xff\x00\x00\xff\x00\x00\xff\x00\x00\xff\x00\x00\xff\x00\x00\xff\x00\x00\xff\x00\x00\xff\x00\x00\xff\x00\x00\xff\x00\x00\xff\x00\x00\xff\x00\x00\xff\x00\x00\xff\x00\x00\xff\x00\x00\xff\x00\x00\xff\x00\x00\xff\x00\x00\xff\x00\x00\xff\x00\x00\xff\x00\x00\xff\x00\x00\xff\x00\x00\xff\x00\x00\xff\x00\x00\xff\x00\x00\xff\x00\x00\xff\x00\x00\xff\x00\x00\xff\x00\x00\xff\x00\x00\xff\x00\x00\xff\x00\x00\xff\x00\x00\xff\x00\x00\xff\x00\x00\xff\x00\x00\xff\x00\x00\xff\x00\x00\xff\x00\x00\xff\x00\x00\xff\x00\x00\xff\x00\x00\xff\x00\x00\xff\x00\x00\xff\x00\x00\xff\x00\x00\xff\x00\x00\xff\x00\x00\xff\x00\x00\xff\x00\x00\xff\x00\x00\xff\x00\x00\xff\x00\x00\xff\x00\x00\xff\x00\x00\xff\x00\x00\xff\x00\x00\xff\x00\x00\xff\x00\x00\xff\x00\x00\xff\x00\x00\xff\x00\x00\xff\x00\x00\xff\x00\x00\xff\x00\x00\xff\x00\x00\xff\x00\x00\xff\x00\x00')].
C:\Users\Buxe\AppData\Local\Programs\Python\Python313\Lib\unittest\mock.py:958: AssertionError: Expected 'texture' to have been called once. Called 6 times.
=========================== short test summary info ===========================
FAILED tests/test_gpu_preview.py::TestPreviewCache::test_get_cached_renderer_invalidates
FAILED tests/test_gpu_renderer_extended.py::TestMuxAudio::test_mux_audio_failure_raises
FAILED tests/test_gpu_renderer_extended.py::TestLoadBackgroundTexture::test_load_background_texture
======================== 3 failed, 28 passed in 3.94s =========================
